Component: ARM Compiler 5.06 update 7 (build 960) Tool: armlink [4d3601]

==============================================================================

Section Cross References

    startup_stm32f407xx.o(RESET) refers to startup_stm32f407xx.o(STACK) for __initial_sp
    startup_stm32f407xx.o(RESET) refers to startup_stm32f407xx.o(.text) for Reset_Handler
    startup_stm32f407xx.o(RESET) refers to stm32f4xx_it.o(i.NMI_Handler) for NMI_Handler
    startup_stm32f407xx.o(RESET) refers to stm32f4xx_it.o(i.HardFault_Handler) for HardFault_Handler
    startup_stm32f407xx.o(RESET) refers to stm32f4xx_it.o(i.MemManage_Handler) for MemManage_Handler
    startup_stm32f407xx.o(RESET) refers to stm32f4xx_it.o(i.BusFault_Handler) for BusFault_Handler
    startup_stm32f407xx.o(RESET) refers to stm32f4xx_it.o(i.UsageFault_Handler) for UsageFault_Handler
    startup_stm32f407xx.o(RESET) refers to stm32f4xx_it.o(i.SVC_Handler) for SVC_Handler
    startup_stm32f407xx.o(RESET) refers to stm32f4xx_it.o(i.DebugMon_Handler) for DebugMon_Handler
    startup_stm32f407xx.o(RESET) refers to stm32f4xx_it.o(i.PendSV_Handler) for PendSV_Handler
    startup_stm32f407xx.o(RESET) refers to stm32f4xx_it.o(i.SysTick_Handler) for SysTick_Handler
    startup_stm32f407xx.o(RESET) refers to stm32f4xx_it.o(i.TIM1_UP_TIM10_IRQHandler) for TIM1_UP_TIM10_IRQHandler
    startup_stm32f407xx.o(RESET) refers to stm32f4xx_it.o(i.TIM2_IRQHandler) for TIM2_IRQHandler
    startup_stm32f407xx.o(.text) refers to system_stm32f4xx.o(i.SystemInit) for SystemInit
    startup_stm32f407xx.o(.text) refers to entry.o(.ARM.Collect$$$$00000000) for __main
    main.o(i.SystemClock_Config) refers to memseta.o(.text) for __aeabi_memclr4
    main.o(i.SystemClock_Config) refers to stm32f4xx_hal_rcc.o(i.HAL_RCC_OscConfig) for HAL_RCC_OscConfig
    main.o(i.SystemClock_Config) refers to stm32f4xx_hal_rcc.o(i.HAL_RCC_ClockConfig) for HAL_RCC_ClockConfig
    main.o(i.main) refers to stm32f4xx_hal.o(i.HAL_Init) for HAL_Init
    main.o(i.main) refers to main.o(i.SystemClock_Config) for SystemClock_Config
    main.o(i.main) refers to gpio.o(i.MX_GPIO_Init) for MX_GPIO_Init
    main.o(i.main) refers to fsmc.o(i.MX_FSMC_Init) for MX_FSMC_Init
    main.o(i.main) refers to tim.o(i.MX_TIM1_Init) for MX_TIM1_Init
    main.o(i.main) refers to tim.o(i.MX_TIM2_Init) for MX_TIM2_Init
    main.o(i.main) refers to usart.o(i.MX_USART1_UART_Init) for MX_USART1_UART_Init
    main.o(i.main) refers to delay.o(i.DWT_Init) for DWT_Init
    main.o(i.main) refers to key_led.o(i.Key_Init) for Key_Init
    main.o(i.main) refers to key_led.o(i.Led_Init) for Led_Init
    main.o(i.main) refers to lcd.o(i.lcd_init) for lcd_init
    main.o(i.main) refers to stm32f4xx_hal_tim.o(i.HAL_TIM_Base_Start_IT) for HAL_TIM_Base_Start_IT
    main.o(i.main) refers to lcd.o(i.lcd_show_string) for lcd_show_string
    main.o(i.main) refers to printfa.o(i.__0printf) for __2printf
    main.o(i.main) refers to dfltui.o(.text) for __aeabi_ui2d
    main.o(i.main) refers to ddiv.o(.text) for __aeabi_ddiv
    main.o(i.main) refers to dmul.o(.text) for __aeabi_dmul
    main.o(i.main) refers to d2f.o(.text) for __aeabi_d2f
    main.o(i.main) refers to f2d.o(.text) for __aeabi_f2d
    main.o(i.main) refers to printfa.o(i.__0sprintf) for __2sprintf
    main.o(i.main) refers to key_led.o(i.Led_Toggle) for Led_Toggle
    main.o(i.main) refers to key_led.o(i.Key_Scan) for Key_Scan
    main.o(i.main) refers to bldc_motor.o(i.stop_motor1) for stop_motor1
    main.o(i.main) refers to dflti.o(.text) for __aeabi_i2d
    main.o(i.main) refers to cdrcmple.o(.text) for __aeabi_cdrcmple
    main.o(i.main) refers to bldc_motor.o(i.start_motor1) for start_motor1
    main.o(i.main) refers to cdcmple.o(.text) for __aeabi_cdcmple
    main.o(i.main) refers to tim.o(.bss) for htim1
    main.o(i.main) refers to bldc_motor.o(.data) for g_bldc_motor1
    main.o(i.main) refers to lcd.o(.data) for g_point_color
    gpio.o(i.MX_GPIO_Init) refers to memseta.o(.text) for __aeabi_memclr4
    gpio.o(i.MX_GPIO_Init) refers to stm32f4xx_hal_gpio.o(i.HAL_GPIO_WritePin) for HAL_GPIO_WritePin
    gpio.o(i.MX_GPIO_Init) refers to stm32f4xx_hal_gpio.o(i.HAL_GPIO_Init) for HAL_GPIO_Init
    fsmc.o(i.HAL_FSMC_MspInit) refers to memseta.o(.text) for __aeabi_memclr4
    fsmc.o(i.HAL_FSMC_MspInit) refers to stm32f4xx_hal_gpio.o(i.HAL_GPIO_Init) for HAL_GPIO_Init
    fsmc.o(i.HAL_FSMC_MspInit) refers to fsmc.o(.data) for .data
    fsmc.o(i.HAL_SRAM_MspDeInit) refers to stm32f4xx_hal_gpio.o(i.HAL_GPIO_DeInit) for HAL_GPIO_DeInit
    fsmc.o(i.HAL_SRAM_MspDeInit) refers to fsmc.o(.data) for .data
    fsmc.o(i.HAL_SRAM_MspInit) refers to fsmc.o(i.HAL_FSMC_MspInit) for HAL_FSMC_MspInit
    fsmc.o(i.MX_FSMC_Init) refers to memseta.o(.text) for __aeabi_memclr4
    fsmc.o(i.MX_FSMC_Init) refers to stm32f4xx_hal_sram.o(i.HAL_SRAM_Init) for HAL_SRAM_Init
[...]

    ../Core/Src/fsmc.c                       0x00000000   Number         0  fsmc.o ABSOLUTE
    ../Core/Src/gpio.c                       0x00000000   Number         0  gpio.o ABSOLUTE
    ../Core/Src/main.c                       0x00000000   Number         0  main.o ABSOLUTE
    ../Core/Src/stm32f4xx_hal_msp.c          0x00000000   Number         0  stm32f4xx_hal_msp.o ABSOLUTE
    ../Core/Src/stm32f4xx_it.c               0x00000000   Number         0  stm32f4xx_it.o ABSOLUTE
    ../Core/Src/system_stm32f4xx.c           0x00000000   Number         0  system_stm32f4xx.o ABSOLUTE
    ../Core/Src/tim.c                        0x00000000   Number         0  tim.o ABSOLUTE
    ../Core/Src/usart.c                      0x00000000   Number         0  usart.o ABSOLUTE
    ../Drivers/STM32F4xx_HAL_Driver/Src/stm32f4xx_hal.c 0x00000000   Number         0  stm32f4xx_hal.o ABSOLUTE
    ../Drivers/STM32F4xx_HAL_Driver/Src/stm32f4xx_hal_cortex.c 0x00000000   Number         0  stm32f4xx_hal_cortex.o ABSOLUTE
    ../Drivers/STM32F4xx_HAL_Driver/Src/stm32f4xx_hal_dma.c 0x00000000   Number         0  stm32f4xx_hal_dma.o ABSOLUTE
    ../Drivers/STM32F4xx_HAL_Driver/Src/stm32f4xx_hal_dma_ex.c 0x00000000   Number         0  stm32f4xx_hal_dma_ex.o ABSOLUTE
    ../Drivers/STM32F4xx_HAL_Driver/Src/stm32f4xx_hal_exti.c 0x00000000   Number         0  stm32f4xx_hal_exti.o ABSOLUTE
    ../Drivers/STM32F4xx_HAL_Driver/Src/stm32f4xx_hal_flash.c 0x00000000   Number         0  stm32f4xx_hal_flash.o ABSOLUTE
    ../Drivers/STM32F4xx_HAL_Driver/Src/stm32f4xx_hal_flash_ex.c 0x00000000   Number         0  stm32f4xx_hal_flash_ex.o ABSOLUTE
    ../Drivers/STM32F4xx_HAL_Driver/Src/stm32f4xx_hal_flash_ramfunc.c 0x00000000   Number         0  stm32f4xx_hal_flash_ramfunc.o ABSOLUTE
    ../Drivers/STM32F4xx_HAL_Driver/Src/stm32f4xx_hal_gpio.c 0x00000000   Number         0  stm32f4xx_hal_gpio.o ABSOLUTE
    ../Drivers/STM32F4xx_HAL_Driver/Src/stm32f4xx_hal_nand.c 0x00000000   Number         0  stm32f4xx_hal_nand.o ABSOLUTE
    ../Drivers/STM32F4xx_HAL_Driver/Src/stm32f4xx_hal_nor.c 0x00000000   Number         0  stm32f4xx_hal_nor.o ABSOLUTE
    ../Drivers/STM32F4xx_HAL_Driver/Src/stm32f4xx_hal_pccard.c 0x00000000   Number         0  stm32f4xx_hal_pccard.o ABSOLUTE
    ../Drivers/STM32F4xx_HAL_Driver/Src/stm32f4xx_hal_pwr.c 0x00000000   Number         0  stm32f4xx_hal_pwr.o ABSOLUTE
    ../Drivers/STM32F4xx_HAL_Driver/Src/stm32f4xx_hal_pwr_ex.c 0x00000000   Number         0  stm32f4xx_hal_pwr_ex.o ABSOLUTE
    ../Drivers/STM32F4xx_HAL_Driver/Src/stm32f4xx_hal_rcc.c 0x00000000   Number         0  stm32f4xx_hal_rcc.o ABSOLUTE
    ../Drivers/STM32F4xx_HAL_Driver/Src/stm32f4xx_hal_rcc_ex.c 0x00000000   Number         0  stm32f4xx_hal_rcc_ex.o ABSOLUTE
    ../Drivers/STM32F4xx_HAL_Driver/Src/stm32f4xx_hal_sram.c 0x00000000   Number         0  stm32f4xx_hal_sram.o ABSOLUTE
    ../Drivers/STM32F4xx_HAL_Driver/Src/stm32f4xx_hal_tim.c 0x00000000   Number         0  stm32f4xx_hal_tim.o ABSOLUTE
    ../Drivers/STM32F4xx_HAL_Driver/Src/stm32f4xx_hal_tim_ex.c 0x00000000   Number         0  stm32f4xx_hal_tim_ex.o ABSOLUTE
    ../Drivers/STM32F4xx_HAL_Driver/Src/stm32f4xx_hal_uart.c 0x00000000   Number         0  stm32f4xx_hal_uart.o ABSOLUTE
    ../Drivers/STM32F4xx_HAL_Driver/Src/stm32f4xx_ll_fsmc.c 0x00000000   Number         0  stm32f4xx_ll_fsmc.o ABSOLUTE
    ../clib/microlib/division.c              0x00000000   Number         0  uldiv.o ABSOLUTE
    ../clib/microlib/division.c              0x00000000   Number         0  uidiv.o ABSOLUTE
    ../clib/microlib/init/entry.s            0x00000000   Number         0  entry9b.o ABSOLUTE
    ../clib/microlib/init/entry.s            0x00000000   Number         0  entry10b.o ABSOLUTE
    ../clib/microlib/init/entry.s            0x00000000   Number         0  entry11a.o ABSOLUTE
    ../clib/microlib/init/entry.s            0x00000000   Number         0  entry8b.o ABSOLUTE
    ../clib/microlib/init/entry.s            0x00000000   Number         0  entry2.o ABSOLUTE
    ../clib/microlib/init/entry.s            0x00000000   Number         0  entry11b.o ABSOLUTE
    ../clib/microlib/init/entry.s            0x00000000   Number         0  entry12a.o ABSOLUTE
    ../clib/microlib/init/entry.s            0x00000000   Number         0  entry7b.o ABSOLUTE
    ../clib/microlib/init/entry.s            0x00000000   Number         0  entry.o ABSOLUTE
    ../clib/microlib/init/entry.s            0x00000000   Number         0  entry7a.o ABSOLUTE
    ../clib/microlib/init/entry.s            0x00000000   Number         0  entry8a.o ABSOLUTE
    ../clib/microlib/init/entry.s            0x00000000   Number         0  entry12b.o ABSOLUTE
    ../clib/microlib/init/entry.s            0x00000000   Number         0  entry10a.o ABSOLUTE
    ../clib/microlib/init/entry.s            0x00000000   Number         0  entry5.o ABSOLUTE
    ../clib/microlib/init/entry.s            0x00000000   Number         0  entry9a.o ABSOLUTE
    ../clib/microlib/longlong.c              0x00000000   Number         0  llsshr.o ABSOLUTE
    ../clib/microlib/longlong.c              0x00000000   Number         0  llshl.o ABSOLUTE
    ../clib/microlib/longlong.c              0x00000000   Number         0  llushr.o ABSOLUTE
    ../clib/microlib/printf/printf.c         0x00000000   Number         0  printf5.o ABSOLUTE
    ../clib/microlib/printf/printf.c         0x00000000   Number         0  printfa.o ABSOLUTE
    ../clib/microlib/printf/printf.c         0x00000000   Number         0  printf8.o ABSOLUTE
    ../clib/microlib/printf/printf.c         0x00000000   Number         0  printf7.o ABSOLUTE
    ../clib/microlib/printf/printf.c         0x00000000   Number         0  printf6.o ABSOLUTE
    ../clib/microlib/printf/printf.c         0x00000000   Number         0  printf4.o ABSOLUTE
    ../clib/microlib/printf/printf.c         0x00000000   Number         0  printf3.o ABSOLUTE
    ../clib/microlib/printf/printf.c         0x00000000   Number         0  printf2.o ABSOLUTE
    ../clib/microlib/printf/printf.c         0x00000000   Number         0  printf1.o ABSOLUTE
    ../clib/microlib/printf/printf.c         0x00000000   Number         0  printf0.o ABSOLUTE
    ../clib/microlib/printf/printf.c         0x00000000   Number         0  printfb.o ABSOLUTE
    ../clib/microlib/printf/stubs.s          0x00000000   Number         0  stubs.o ABSOLUTE
    ../clib/microlib/stdio/streams.c         0x00000000   Number         0  stdout.o ABSOLUTE
    ../clib/microlib/string/memset.c         0x00000000   Number         0  memseta.o ABSOLUTE
    ../clib/microlib/stubs.s                 0x00000000   Number         0  iusefp.o ABSOLUTE
    ../fplib/microlib/d2f.c                  0x00000000   Number         0  d2f.o ABSOLUTE
    ../fplib/microlib/f2d.c                  0x00000000   Number         0  f2d.o ABSOLUTE
    ../fplib/microlib/fpadd.c                0x00000000   Number         0  dadd.o ABSOLUTE
    ../fplib/microlib/fpdiv.c                0x00000000   Number         0  ddiv.o ABSOLUTE
    ../fplib/microlib/fpepilogue.c           0x00000000   Number         0  fepilogue.o ABSOLUTE
    ../fplib/microlib/fpepilogue.c           0x00000000   Number         0  depilogue.o ABSOLUTE
    ../fplib/microlib/fpfix.c                0x00000000   Number         0  dfixul.o ABSOLUTE
    ../fplib/microlib/fpfix.c                0x00000000   Number         0  dfixui.o ABSOLUTE
    ../fplib/microlib/fpflt.c                0x00000000   Number         0  dfltui.o ABSOLUTE
    ../fplib/microlib/fpflt.c                0x00000000   Number         0  dflti.o ABSOLUTE
    ../fplib/microlib/fpmul.c                0x00000000   Number         0  dmul.o ABSOLUTE
    ..\Core\Src\fsmc.c                       0x00000000   Number         0  fsmc.o ABSOLUTE
    ..\Core\Src\gpio.c                       0x00000000   Number         0  gpio.o ABSOLUTE
    ..\Core\Src\main.c                       0x00000000   Number         0  main.o ABSOLUTE
    ..\Core\Src\stm32f4xx_hal_msp.c          0x00000000   Number         0  stm32f4xx_hal_msp.o ABSOLUTE
    ..\Core\Src\stm32f4xx_it.c               0x00000000   Number         0  stm32f4xx_it.o ABSOLUTE
    ..\Core\Src\system_stm32f4xx.c           0x00000000   Number         0  system_stm32f4xx.o ABSOLUTE
    ..\Core\Src\tim.c                        0x00000000   Number         0  tim.o ABSOLUTE
    ..\Core\Src\usart.c                      0x00000000   Number         0  usart.o ABSOLUTE
    ..\Drivers\STM32F4xx_HAL_Driver\Src\stm32f4xx_hal.c 0x00000000   Number         0  stm32f4xx_hal.o ABSOLUTE
    ..\Drivers\STM32F4xx_HAL_Driver\Src\stm32f4xx_hal_cortex.c 0x00000000   Number         0  stm32f4xx_hal_cortex.o ABSOLUTE
    ..\Drivers\STM32F4xx_HAL_Driver\Src\stm32f4xx_hal_dma.c 0x00000000   Number         0  stm32f4xx_hal_dma.o ABSOLUTE
    ..\Drivers\STM32F4xx_HAL_Driver\Src\stm32f4xx_hal_dma_ex.c 0x00000000   Number         0  stm32f4xx_hal_dma_ex.o ABSOLUTE
    ..\Drivers\STM32F4xx_HAL_Driver\Src\stm32f4xx_hal_exti.c 0x00000000   Number         0  stm32f4xx_hal_exti.o ABSOLUTE
    ..\Drivers\STM32F4xx_HAL_Driver\Src\stm32f4xx_hal_flash.c 0x00000000   Number         0  stm32f4xx_hal_flash.o ABSOLUTE
    ..\Drivers\STM32F4xx_HAL_Driver\Src\stm32f4xx_hal_flash_ex.c 0x00000000   Number         0  stm32f4xx_hal_flash_ex.o ABSOLUTE
    ..\Drivers\STM32F4xx_HAL_Driver\Src\stm32f4xx_hal_flash_ramfunc.c 0x00000000   Number         0  stm32f4xx_hal_flash_ramfunc.o ABSOLUTE
    ..\Drivers\STM32F4xx_HAL_Driver\Src\stm32f4xx_hal_gpio.c 0x00000000   Number         0  stm32f4xx_hal_gpio.o ABSOLUTE
    ..\Drivers\STM32F4xx_HAL_Driver\Src\stm32f4xx_hal_nand.c 0x00000000   Number         0  stm32f4xx_hal_nand.o ABSOLUTE
    ..\Drivers\STM32F4xx_HAL_Driver\Src\stm32f4xx_hal_nor.c 0x00000000   Number         0  stm32f4xx_hal_nor.o ABSOLUTE
    ..\Drivers\STM32F4xx_HAL_Driver\Src\stm32f4xx_hal_pccard.c 0x00000000   Number         0  stm32f4xx_hal_pccard.o ABSOLUTE
    ..\Drivers\STM32F4xx_HAL_Driver\Src\stm32f4xx_hal_pwr.c 0x00000000   Number         0  stm32f4xx_hal_pwr.o ABSOLUTE
    ..\Drivers\STM32F4xx_HAL_Driver\Src\stm32f4xx_hal_pwr_ex.c 0x00000000   Number         0  stm32f4xx_hal_pwr_ex.o ABSOLUTE
    ..\Drivers\STM32F4xx_HAL_Driver\Src\stm32f4xx_hal_rcc.c 0x00000000   Number         0  stm32f4xx_hal_rcc.o ABSOLUTE
    ..\Drivers\STM32F4xx_HAL_Driver\Src\stm32f4xx_hal_rcc_ex.c 0x00000000   Number         0  stm32f4xx_hal_rcc_ex.o ABSOLUTE
    ..\Drivers\STM32F4xx_HAL_Driver\Src\stm32f4xx_hal_sram.c 0x00000000   Number         0  stm32f4xx_hal_sram.o ABSOLUTE
    ..\Drivers\STM32F4xx_HAL_Driver\Src\stm32f4xx_hal_tim.c 0x00000000   Number         0  stm32f4xx_hal_tim.o ABSOLUTE
    ..\Drivers\STM32F4xx_HAL_Driver\Src\stm32f4xx_hal_tim_ex.c 0x00000000   Number         0  stm32f4xx_hal_tim_ex.o ABSOLUTE
    ..\Drivers\STM32F4xx_HAL_Driver\Src\stm32f4xx_hal_uart.c 0x00000000   Number         0  stm32f4xx_hal_uart.o ABSOLUTE
    ..\Drivers\STM32F4xx_HAL_Driver\Src\stm32f4xx_ll_fsmc.c 0x00000000   Number         0  stm32f4xx_ll_fsmc.o ABSOLUTE
    ..\Mid\BSP\Src\bldc_motor.c              0x00000000   Number         0  bldc_motor.o ABSOLUTE
    ..\Mid\BSP\Src\delay.c                   0x00000000   Number         0  delay.o ABSOLUTE
    ..\Mid\BSP\Src\key_led.c                 0x00000000   Number         0  key_led.o ABSOLUTE
    ..\Mid\BSP\Src\lcd.c                     0x00000000   Number         0  lcd.o ABSOLUTE
    ..\\Mid\\BSP\\Src\\bldc_motor.c          0x00000000   Number         0  bldc_motor.o ABSOLUTE
    ..\\Mid\\BSP\\Src\\delay.c               0x00000000   Number         0  delay.o ABSOLUTE
    ..\\Mid\\BSP\\Src\\key_led.c             0x00000000   Number         0  key_led.o ABSOLUTE
    ..\\Mid\\BSP\\Src\\lcd.c                 0x00000000   Number         0  lcd.o ABSOLUTE
    cdcmple.s                                0x00000000   Number         0  cdcmple.o ABSOLUTE
    cdrcmple.s                               0x00000000   Number         0  cdrcmple.o ABSOLUTE
    dc.s                                     0x00000000   Number         0  dc.o ABSOLUTE
    handlers.s                               0x00000000   Number         0  handlers.o ABSOLUTE
    init.s                                   0x00000000   Number         0  init.o ABSOLUTE
    startup_stm32f407xx.s                    0x00000000   Number         0  startup_stm32f407xx.o ABSOLUTE
    RESET                                    0x08000000   Section      392  startup_stm32f407xx.o(RESET)
    .ARM.Collect$$$$00000000                 0x08000188   Section        0  entry.o(.ARM.Collect$$$$00000000)
    .ARM.Collect$$$$00000001                 0x08000188   Section        4  entry2.o(.ARM.Collect$$$$00000001)
    .ARM.Collect$$$$00000004                 0x0800018c   Section        4  entry5.o(.ARM.Collect$$$$00000004)
    .ARM.Collect$$$$00000008                 0x08000190   Section        0  entry7b.o(.ARM.Collect$$$$00000008)
    .ARM.Collect$$$$0000000A                 0x08000190   Section        0  entry8b.o(.ARM.Collect$$$$0000000A)
    .ARM.Collect$$$$0000000B                 0x08000190   Section        8  entry9a.o(.ARM.Collect$$$$0000000B)
    .ARM.Collect$$$$0000000E                 0x08000198   Section        4  entry12b.o(.ARM.Collect$$$$0000000E)
    .ARM.Collect$$$$0000000F                 0x0800019c   Section        0  entry10a.o(.ARM.Collect$$$$0000000F)
    .ARM.Collect$$$$00000011                 0x0800019c   Section        0  entry11a.o(.ARM.Collect$$$$00000011)
    .ARM.Collect$$$$00002712                 0x0800019c   Section        4  entry2.o(.ARM.Collect$$$$00002712)
    __lit__00000000                          0x0800019c   Data           4  entry2.o(.ARM.Collect$$$$00002712)
    .text                                    0x080001a0   Section       36  startup_stm32f407xx.o(.text)
    $v0                                      0x080001a0   Number         0  startup_stm32f407xx.o(.text)
    .text                                    0x080001c4   Section        0  uldiv.o(.text)
    .text                                    0x08000226   Section        0  memseta.o(.text)
    .text                                    0x0800024a   Section        0  dmul.o(.text)
    .text                                    0x0800032e   Section        0  ddiv.o(.text)
    .text                                    0x0800040c   Section        0  dflti.o(.text)
    .text                                    0x0800042e   Section        0  dfltui.o(.text)
    .text                                    0x08000448   Section        0  dfixui.o(.text)
    .text                                    0x0800047a   Section        0  f2d.o(.text)
    .text                                    0x080004a0   Section       48  cdcmple.o(.text)
    .text                                    0x080004d0   Section       48  cdrcmple.o(.text)
    .text                                    0x08000500   Section        0  d2f.o(.text)
    .text                                    0x08000538   Section        0  uidiv.o(.text)
    .text                                    0x08000564   Section        0  llshl.o(.text)
    .text                                    0x08000582   Section        0  llushr.o(.text)
    .text                                    0x080005a2   Section        0  iusefp.o(.text)
    .text                                    0x080005a2   Section        0  fepilogue.o(.text)
    .text                                    0x08000610   Section        0  depilogue.o(.text)
    .text                                    0x080006ca   Section        0  dadd.o(.text)
    .text                                    0x08000818   Section        0  dfixul.o(.text)
    .text                                    0x08000848   Section       36  init.o(.text)
    .text                                    0x0800086c   Section        0  llsshr.o(.text)
    i.BusFault_Handler                       0x08000890   Section        0  stm32f4xx_it.o(i.BusFault_Handler)
    i.DWT_Init                               0x08000894   Section        0  delay.o(i.DWT_Init)
    i.DebugMon_Handler                       0x080008bc   Section        0  stm32f4xx_it.o(i.DebugMon_Handler)
    i.Error_Handler                          0x080008be   Section        0  main.o(i.Error_Handler)
    i.FSMC_NORSRAM_Extended_Timing_Init      0x080008c4   Section        0  stm32f4xx_ll_fsmc.o(i.FSMC_NORSRAM_Extended_Timing_Init)
    i.FSMC_NORSRAM_Init                      0x08000900   Section        0  stm32f4xx_ll_fsmc.o(i.FSMC_NORSRAM_Init)
    i.FSMC_NORSRAM_Timing_Init               0x08000968   Section        0  stm32f4xx_ll_fsmc.o(i.FSMC_NORSRAM_Timing_Init)
    i.HAL_Delay                              0x080009a4   Section        0  stm32f4xx_hal.o(i.HAL_Delay)
    i.HAL_FSMC_MspInit                       0x080009c8   Section        0  fsmc.o(i.HAL_FSMC_MspInit)
    HAL_FSMC_MspInit                         0x080009c9   Thumb Code   120  fsmc.o(i.HAL_FSMC_MspInit)
    i.HAL_GPIO_Init                          0x08000a54   Section        0  stm32f4xx_hal_gpio.o(i.HAL_GPIO_Init)
    i.HAL_GPIO_ReadPin                       0x08000c44   Section        0  stm32f4xx_hal_gpio.o(i.HAL_GPIO_ReadPin)
    i.HAL_GPIO_TogglePin                     0x08000c4e   Section        0  stm32f4xx_hal_gpio.o(i.HAL_GPIO_TogglePin)
    i.HAL_GPIO_WritePin                      0x08000c5e   Section        0  stm32f4xx_hal_gpio.o(i.HAL_GPIO_WritePin)
    i.HAL_GetTick                            0x08000c68   Section        0  stm32f4xx_hal.o(i.HAL_GetTick)
    i.HAL_IncTick                            0x08000c74   Section        0  stm32f4xx_hal.o(i.HAL_IncTick)
    i.HAL_Init                               0x08000c84   Section        0  stm32f4xx_hal.o(i.HAL_Init)
    i.HAL_InitTick                           0x08000cb8   Section        0  stm32f4xx_hal.o(i.HAL_InitTick)
    i.HAL_MspInit                            0x08000cf8   Section        0  stm32f4xx_hal_msp.o(i.HAL_MspInit)
    i.HAL_NVIC_EnableIRQ                     0x08000d28   Section        0  stm32f4xx_hal_cortex.o(i.HAL_NVIC_EnableIRQ)
    i.HAL_NVIC_SetPriority                   0x08000d44   Section        0  stm32f4xx_hal_cortex.o(i.HAL_NVIC_SetPriority)
    i.HAL_NVIC_SetPriorityGrouping           0x08000d84   Section        0  stm32f4xx_hal_cortex.o(i.HAL_NVIC_SetPriorityGrouping)
    i.HAL_RCC_ClockConfig                    0x08000da8   Section        0  stm32f4xx_hal_rcc.o(i.HAL_RCC_ClockConfig)
    i.HAL_RCC_GetPCLK1Freq                   0x08000edc   Section        0  stm32f4xx_hal_rcc.o(i.HAL_RCC_GetPCLK1Freq)
    i.HAL_RCC_GetPCLK2Freq                   0x08000efc   Section        0  stm32f4xx_hal_rcc.o(i.HAL_RCC_GetPCLK2Freq)
    i.HAL_RCC_GetSysClockFreq                0x08000f1c   Section        0  stm32f4xx_hal_rcc.o(i.HAL_RCC_GetSysClockFreq)
    i.HAL_RCC_OscConfig                      0x08000f7c   Section        0  stm32f4xx_hal_rcc.o(i.HAL_RCC_OscConfig)
    i.HAL_SRAM_Init                          0x080012e8   Section        0  stm32f4xx_hal_sram.o(i.HAL_SRAM_Init)
    i.HAL_SRAM_MspInit                       0x08001344   Section        0  fsmc.o(i.HAL_SRAM_MspInit)
    i.HAL_SYSTICK_Config                     0x08001348   Section        0  stm32f4xx_hal_cortex.o(i.HAL_SYSTICK_Config)
    i.HAL_TIMEx_BreakCallback                0x08001370   Section        0  stm32f4xx_hal_tim_ex.o(i.HAL_TIMEx_BreakCallback)
    i.HAL_TIMEx_CommutCallback               0x08001372   Section        0  stm32f4xx_hal_tim_ex.o(i.HAL_TIMEx_CommutCallback)
    i.HAL_TIMEx_ConfigBreakDeadTime          0x08001374   Section        0  stm32f4xx_hal_tim_ex.o(i.HAL_TIMEx_ConfigBreakDeadTime)
    i.HAL_TIMEx_MasterConfigSynchronization  0x080013c8   Section        0  stm32f4xx_hal_tim_ex.o(i.HAL_TIMEx_MasterConfigSynchronization)
    i.HAL_TIM_Base_Init                      0x08001458   Section        0  stm32f4xx_hal_tim.o(i.HAL_TIM_Base_Init)
    i.HAL_TIM_Base_MspInit                   0x080014b4   Section        0  tim.o(i.HAL_TIM_Base_MspInit)
    i.HAL_TIM_Base_Start_IT                  0x080014ec   Section        0  stm32f4xx_hal_tim.o(i.HAL_TIM_Base_Start_IT)
    i.HAL_TIM_ConfigClockSource              0x0800156c   Section        0  stm32f4xx_hal_tim.o(i.HAL_TIM_ConfigClockSource)
    i.HAL_TIM_IC_CaptureCallback             0x08001648   Section        0  stm32f4xx_hal_tim.o(i.HAL_TIM_IC_CaptureCallback)
    i.HAL_TIM_IRQHandler                     0x0800164a   Section        0  stm32f4xx_hal_tim.o(i.HAL_TIM_IRQHandler)
    i.HAL_TIM_MspPostInit                    0x0800177c   Section        0  tim.o(i.HAL_TIM_MspPostInit)
    i.HAL_TIM_OC_DelayElapsedCallback        0x080017d0   Section        0  stm32f4xx_hal_tim.o(i.HAL_TIM_OC_DelayElapsedCallback)
    i.HAL_TIM_PWM_ConfigChannel              0x080017d2   Section        0  stm32f4xx_hal_tim.o(i.HAL_TIM_PWM_ConfigChannel)
    i.HAL_TIM_PWM_Init                       0x0800189e   Section        0  stm32f4xx_hal_tim.o(i.HAL_TIM_PWM_Init)
    i.HAL_TIM_PWM_MspInit                    0x080018f8   Section        0  tim.o(i.HAL_TIM_PWM_MspInit)
    i.HAL_TIM_PWM_PulseFinishedCallback      0x08001934   Section        0  stm32f4xx_hal_tim.o(i.HAL_TIM_PWM_PulseFinishedCallback)
    i.HAL_TIM_PWM_Start                      0x08001938   Section        0  stm32f4xx_hal_tim.o(i.HAL_TIM_PWM_Start)
    i.HAL_TIM_PWM_Stop                       0x08001a00   Section        0  stm32f4xx_hal_tim.o(i.HAL_TIM_PWM_Stop)
    i.HAL_TIM_PeriodElapsedCallback          0x08001a7c   Section        0  bldc_motor.o(i.HAL_TIM_PeriodElapsedCallback)
    i.HAL_TIM_TriggerCallback                0x08001ad8   Section        0  stm32f4xx_hal_tim.o(i.HAL_TIM_TriggerCallback)
    i.HAL_UART_Init                          0x08001ada   Section        0  stm32f4xx_hal_uart.o(i.HAL_UART_Init)
    i.HAL_UART_MspInit                       0x08001b40   Section        0  usart.o(i.HAL_UART_MspInit)
    i.HAL_UART_Transmit                      0x08001ba8   Section        0  stm32f4xx_hal_uart.o(i.HAL_UART_Transmit)
    i.HardFault_Handler                      0x08001c48   Section        0  stm32f4xx_it.o(i.HardFault_Handler)
    i.Key_Init                               0x08001c4c   Section        0  key_led.o(i.Key_Init)
    i.Key_Scan                               0x08001c68   Section        0  key_led.o(i.Key_Scan)
    i.Led_Init                               0x08001cf4   Section        0  key_led.o(i.Led_Init)
    i.Led_Toggle                             0x08001d10   Section        0  key_led.o(i.Led_Toggle)
    i.MX_FSMC_Init                           0x08001d2c   Section        0  fsmc.o(i.MX_FSMC_Init)
    i.MX_GPIO_Init                           0x08001db8   Section        0  gpio.o(i.MX_GPIO_Init)
    i.MX_TIM1_Init                           0x08001ef8   Section        0  tim.o(i.MX_TIM1_Init)
    i.MX_TIM2_Init                           0x08001fb8   Section        0  tim.o(i.MX_TIM2_Init)
    i.MX_USART1_UART_Init                    0x0800201c   Section        0  usart.o(i.MX_USART1_UART_Init)
    i.MemManage_Handler                      0x08002054   Section        0  stm32f4xx_it.o(i.MemManage_Handler)
    i.NMI_Handler                            0x08002056   Section        0  stm32f4xx_it.o(i.NMI_Handler)
    i.PendSV_Handler                         0x08002058   Section        0  stm32f4xx_it.o(i.PendSV_Handler)
    i.SVC_Handler                            0x0800205a   Section        0  stm32f4xx_it.o(i.SVC_Handler)
    i.SysTick_Handler                        0x0800205c   Section        0  stm32f4xx_it.o(i.SysTick_Handler)
    i.SystemClock_Config                     0x08002060   Section        0  main.o(i.SystemClock_Config)
    i.SystemInit                             0x080020f4   Section        0  system_stm32f4xx.o(i.SystemInit)
    i.TIM1_UP_TIM10_IRQHandler               0x08002104   Section        0  stm32f4xx_it.o(i.TIM1_UP_TIM10_IRQHandler)
    i.TIM2_IRQHandler                        0x08002110   Section        0  stm32f4xx_it.o(i.TIM2_IRQHandler)
    i.TIM_Base_SetConfig                     0x0800211c   Section        0  stm32f4xx_hal_tim.o(i.TIM_Base_SetConfig)
    i.TIM_CCxChannelCmd                      0x080021ec   Section        0  stm32f4xx_hal_tim.o(i.TIM_CCxChannelCmd)
    i.TIM_ETR_SetConfig                      0x08002206   Section        0  stm32f4xx_hal_tim.o(i.TIM_ETR_SetConfig)
    i.TIM_ITRx_SetConfig                     0x0800221a   Section        0  stm32f4xx_hal_tim.o(i.TIM_ITRx_SetConfig)
    TIM_ITRx_SetConfig                       0x0800221b   Thumb Code    16  stm32f4xx_hal_tim.o(i.TIM_ITRx_SetConfig)
    i.TIM_OC1_SetConfig                      0x0800222c   Section        0  stm32f4xx_hal_tim.o(i.TIM_OC1_SetConfig)
    TIM_OC1_SetConfig                        0x0800222d   Thumb Code    88  stm32f4xx_hal_tim.o(i.TIM_OC1_SetConfig)
    i.TIM_OC2_SetConfig                      0x0800228c   Section        0  stm32f4xx_hal_tim.o(i.TIM_OC2_SetConfig)
    i.TIM_OC3_SetConfig                      0x080022f8   Section        0  stm32f4xx_hal_tim.o(i.TIM_OC3_SetConfig)
    TIM_OC3_SetConfig                        0x080022f9   Thumb Code    96  stm32f4xx_hal_tim.o(i.TIM_OC3_SetConfig)
    i.TIM_OC4_SetConfig                      0x08002360   Section        0  stm32f4xx_hal_tim.o(i.TIM_OC4_SetConfig)
    TIM_OC4_SetConfig                        0x08002361   Thumb Code    70  stm32f4xx_hal_tim.o(i.TIM_OC4_SetConfig)
    i.TIM_TI1_ConfigInputStage               0x080023b0   Section        0  stm32f4xx_hal_tim.o(i.TIM_TI1_ConfigInputStage)
    TIM_TI1_ConfigInputStage                 0x080023b1   Thumb Code    34  stm32f4xx_hal_tim.o(i.TIM_TI1_ConfigInputStage)
    i.TIM_TI2_ConfigInputStage               0x080023d2   Section        0  stm32f4xx_hal_tim.o(i.TIM_TI2_ConfigInputStage)
    TIM_TI2_ConfigInputStage                 0x080023d3   Thumb Code    36  stm32f4xx_hal_tim.o(i.TIM_TI2_ConfigInputStage)
    i.UART_EndRxTransfer                     0x080023f6   Section        0  stm32f4xx_hal_uart.o(i.UART_EndRxTransfer)
    UART_EndRxTransfer                       0x080023f7   Thumb Code    78  stm32f4xx_hal_uart.o(i.UART_EndRxTransfer)
    i.UART_SetConfig                         0x08002444   Section        0  stm32f4xx_hal_uart.o(i.UART_SetConfig)
    UART_SetConfig                           0x08002445   Thumb Code   258  stm32f4xx_hal_uart.o(i.UART_SetConfig)
    i.UART_WaitOnFlagUntilTimeout            0x08002550   Section        0  stm32f4xx_hal_uart.o(i.UART_WaitOnFlagUntilTimeout)
    UART_WaitOnFlagUntilTimeout              0x08002551   Thumb Code   114  stm32f4xx_hal_uart.o(i.UART_WaitOnFlagUntilTimeout)
    i.UsageFault_Handler                     0x080025c2   Section        0  stm32f4xx_it.o(i.UsageFault_Handler)
    i.__0printf                              0x080025c4   Section        0  printfa.o(i.__0printf)
    i.__0sprintf                             0x080025e4   Section        0  printfa.o(i.__0sprintf)
    i.__NVIC_SetPriority                     0x0800260c   Section        0  stm32f4xx_hal_cortex.o(i.__NVIC_SetPriority)
    __NVIC_SetPriority                       0x0800260d   Thumb Code    32  stm32f4xx_hal_cortex.o(i.__NVIC_SetPriority)
    i.__scatterload_copy                     0x0800262c   Section       14  handlers.o(i.__scatterload_copy)
    i.__scatterload_null                     0x0800263a   Section        2  handlers.o(i.__scatterload_null)
    i.__scatterload_zeroinit                 0x0800263c   Section       14  handlers.o(i.__scatterload_zeroinit)
    i._fp_digits                             0x0800264c   Section        0  printfa.o(i._fp_digits)
    _fp_digits                               0x0800264d   Thumb Code   366  printfa.o(i._fp_digits)
    i._printf_core                           0x080027d0   Section        0  printfa.o(i._printf_core)
    _printf_core                             0x080027d1   Thumb Code  1704  printfa.o(i._printf_core)
    i._printf_post_padding                   0x08002e84   Section        0  printfa.o(i._printf_post_padding)
    _printf_post_padding                     0x08002e85   Thumb Code    36  printfa.o(i._printf_post_padding)
    i._printf_pre_padding                    0x08002ea8   Section        0  printfa.o(i._printf_pre_padding)
    _printf_pre_padding                      0x08002ea9   Thumb Code    46  printfa.o(i._printf_pre_padding)
    i._sputc                                 0x08002ed6   Section        0  printfa.o(i._sputc)
    _sputc                                   0x08002ed7   Thumb Code    10  printfa.o(i._sputc)
    i.delay_us                               0x08002ee0   Section        0  delay.o(i.delay_us)
    i.fputc                                  0x08002f0c   Section        0  usart.o(i.fputc)
    i.hallsensor_get_state                   0x08002f24   Section        0  bldc_motor.o(i.hallsensor_get_state)
    i.lcd_clear                              0x08002f78   Section        0  lcd.o(i.lcd_clear)
    i.lcd_display_dir                        0x08002fa8   Section        0  lcd.o(i.lcd_display_dir)
    i.lcd_draw_point                         0x08003094   Section        0  lcd.o(i.lcd_draw_point)
    i.lcd_ex_ili9341_reginit                 0x080030ac   Section        0  lcd.o(i.lcd_ex_ili9341_reginit)
    i.lcd_ex_ili9806_reginit                 0x080032da   Section        0  lcd.o(i.lcd_ex_ili9806_reginit)
    i.lcd_ex_nt35310_reginit                 0x0800361c   Section        0  lcd.o(i.lcd_ex_nt35310_reginit)
    i.lcd_ex_nt35510_reginit                 0x08004510   Section        0  lcd.o(i.lcd_ex_nt35510_reginit)
    i.lcd_ex_ssd1963_reginit                 0x0800540a   Section        0  lcd.o(i.lcd_ex_ssd1963_reginit)
    i.lcd_ex_st7789_reginit                  0x0800557a   Section        0  lcd.o(i.lcd_ex_st7789_reginit)
    i.lcd_ex_st7796_reginit                  0x08005724   Section        0  lcd.o(i.lcd_ex_st7796_reginit)
    i.lcd_init                               0x080058e8   Section        0  lcd.o(i.lcd_init)
    i.lcd_rd_data                            0x08005afc   Section        0  lcd.o(i.lcd_rd_data)
    lcd_rd_data                              0x08005afd   Thumb Code    22  lcd.o(i.lcd_rd_data)
    i.lcd_scan_dir                           0x08005b18   Section        0  lcd.o(i.lcd_scan_dir)
    i.lcd_set_cursor                         0x08005c9c   Section        0  lcd.o(i.lcd_set_cursor)
    i.lcd_show_char                          0x08005d90   Section        0  lcd.o(i.lcd_show_char)
    i.lcd_show_string                        0x08005e6c   Section        0  lcd.o(i.lcd_show_string)
    i.lcd_ssd_backlight_set                  0x08005ec4   Section        0  lcd.o(i.lcd_ssd_backlight_set)
    i.lcd_wr_data                            0x08005f14   Section        0  lcd.o(i.lcd_wr_data)
    i.lcd_wr_regno                           0x08005f2c   Section        0  lcd.o(i.lcd_wr_regno)
    i.lcd_write_ram_prepare                  0x08005f44   Section        0  lcd.o(i.lcd_write_ram_prepare)
    i.lcd_write_reg                          0x08005f58   Section        0  lcd.o(i.lcd_write_reg)
    i.m1_uhvl                                0x08005f68   Section        0  bldc_motor.o(i.m1_uhvl)
    i.m1_uhwl                                0x08005fb4   Section        0  bldc_motor.o(i.m1_uhwl)
    i.m1_vhul                                0x08006000   Section        0  bldc_motor.o(i.m1_vhul)
    i.m1_vhwl                                0x0800604c   Section        0  bldc_motor.o(i.m1_vhwl)
    i.m1_whul                                0x08006098   Section        0  bldc_motor.o(i.m1_whul)
    i.m1_whvl                                0x080060e4   Section        0  bldc_motor.o(i.m1_whvl)
    i.main                                   0x08006130   Section        0  main.o(i.main)
    i.start_motor1                           0x08006388   Section        0  bldc_motor.o(i.start_motor1)
    i.stop_motor1                            0x080063b8   Section        0  bldc_motor.o(i.stop_motor1)
    .constdata                               0x08006424   Section       16  system_stm32f4xx.o(.constdata)
    .constdata                               0x08006434   Section        8  system_stm32f4xx.o(.constdata)
    .constdata                               0x0800643c   Section    12160  lcd.o(.constdata)
    .data                                    0x20000000   Section        8  fsmc.o(.data)
    FSMC_Initialized                         0x20000000   Data           4  fsmc.o(.data)
    FSMC_DeInitialized                       0x20000004   Data           4  fsmc.o(.data)
    .data                                    0x20000008   Section       12  stm32f4xx_hal.o(.data)
    .data                                    0x20000014   Section        4  system_stm32f4xx.o(.data)
    .data                                    0x20000018   Section        4  lcd.o(.data)
    .data                                    0x2000001c   Section        4  lcd.o(.data)
    .data                                    0x20000020   Section       68  bldc_motor.o(.data)
    state                                    0x20000020   Data           4  bldc_motor.o(.data)
    .data                                    0x20000064   Section        4  stdout.o(.data)
    .bss                                     0x20000068   Section       80  fsmc.o(.bss)
    .bss                                     0x200000b8   Section      144  tim.o(.bss)
    .bss                                     0x20000148   Section       72  usart.o(.bss)
    .bss                                     0x20000190   Section       14  lcd.o(.bss)
    STACK                                    0x200001a0   Section     1024  startup_stm32f407xx.o(STACK)

    Global Symbols

    Symbol Name                              Value     Ov Type        Size  Object(Section)

    BuildAttributes$$THM_ISAv4$E$P$D$K$B$S$7EM$VFPi3$EXTD16$VFPS$VFMA$PE$A:L22UL41UL21$X:L11$S22US41US21$IEEE1$IW$USESV6$~STKCKD$USESV7$~SHL$OTIME$ROPI$EBA8$MICROLIB$REQ8$PRES8$EABIv2 0x00000000   Number         0  anon$$obj.o ABSOLUTE
    __ARM_use_no_argv                        0x00000000   Number         0  main.o ABSOLUTE
    _printf_a                                0x00000000   Number         0  stubs.o ABSOLUTE
    _printf_c                                0x00000000   Number         0  stubs.o ABSOLUTE
    _printf_charcount                        0x00000000   Number         0  stubs.o ABSOLUTE
    _printf_d                                0x00000000   Number         0  stubs.o ABSOLUTE
    _printf_e                                0x00000000   Number         0  stubs.o ABSOLUTE
    _printf_f                                0x00000000   Number         0  stubs.o ABSOLUTE
    _printf_flags                            0x00000000   Number         0  stubs.o ABSOLUTE
    _printf_fp_dec                           0x00000000   Number         0  stubs.o ABSOLUTE
    _printf_fp_hex                           0x00000000   Number         0  stubs.o ABSOLUTE
    _printf_g                                0x00000000   Number         0  stubs.o ABSOLUTE
    _printf_i                                0x00000000   Number         0  stubs.o ABSOLUTE
    _printf_int_dec                          0x00000000   Number         0  stubs.o ABSOLUTE
    _printf_l                                0x00000000   Number         0  stubs.o ABSOLUTE
    _printf_lc                               0x00000000   Number         0  stubs.o ABSOLUTE
    _printf_ll                               0x00000000   Number         0  stubs.o ABSOLUTE
    _printf_lld                              0x00000000   Number         0  stubs.o ABSOLUTE
    _printf_lli                              0x00000000   Number         0  stubs.o ABSOLUTE
    _printf_llo                              0x00000000   Number         0  stubs.o ABSOLUTE
    _printf_llu                              0x00000000   Number         0  stubs.o ABSOLUTE
    _printf_llx                              0x00000000   Number         0  stubs.o ABSOLUTE
    _printf_longlong_dec                     0x00000000   Number         0  stubs.o ABSOLUTE
    _printf_longlong_hex                     0x00000000   Number         0  stubs.o ABSOLUTE
    _printf_longlong_oct                     0x00000000   Number         0  stubs.o ABSOLUTE
    _printf_ls                               0x00000000   Number         0  stubs.o ABSOLUTE
    _printf_mbtowc                           0x00000000   Number         0  stubs.o ABSOLUTE
    _printf_n                                0x00000000   Number         0  stubs.o ABSOLUTE
    _printf_o                                0x00000000   Number         0  stubs.o ABSOLUTE
    _printf_p                                0x00000000   Number         0  stubs.o ABSOLUTE
    _printf_percent                          0x00000000   Number         0  stubs.o ABSOLUTE
    _printf_pre_padding                      0x00000000   Number         0  stubs.o ABSOLUTE
    _printf_return_value                     0x00000000   Number         0  stubs.o ABSOLUTE
    _printf_s                                0x00000000   Number         0  stubs.o ABSOLUTE
    _printf_sizespec                         0x00000000   Number         0  stubs.o ABSOLUTE
    _printf_str                              0x00000000   Number         0  stubs.o ABSOLUTE
    _printf_truncate_signed                  0x00000000   Number         0  stubs.o ABSOLUTE
    _printf_truncate_unsigned                0x00000000   Number         0  stubs.o ABSOLUTE
    _printf_u                                0x00000000   Number         0  stubs.o ABSOLUTE
    _printf_wc                               0x00000000   Number         0  stubs.o ABSOLUTE
    _printf_wctomb                           0x00000000   Number         0  stubs.o ABSOLUTE
    _printf_widthprec                        0x00000000   Number         0  stubs.o ABSOLUTE
    _printf_x                                0x00000000   Number         0  stubs.o ABSOLUTE
    __arm_fini_                               - Undefined Weak Reference
    __cpp_initialize__aeabi_                  - Undefined Weak Reference
    __cxa_finalize                            - Undefined Weak Reference
    __decompress                              - Undefined Weak Reference
    _clock_init                               - Undefined Weak Reference
    _microlib_exit                            - Undefined Weak Reference
    __Vectors_Size                           0x00000188   Number         0  startup_stm32f407xx.o ABSOLUTE
    __Vectors                                0x08000000   Data           4  startup_stm32f407xx.o(RESET)
    __Vectors_End                            0x08000188   Data           0  startup_stm32f407xx.o(RESET)
    __main                                   0x08000189   Thumb Code     0  entry.o(.ARM.Collect$$$$00000000)
    _main_stk                                0x08000189   Thumb Code     0  entry2.o(.ARM.Collect$$$$00000001)
    _main_scatterload                        0x0800018d   Thumb Code     0  entry5.o(.ARM.Collect$$$$00000004)
    __main_after_scatterload                 0x08000191   Thumb Code     0  entry5.o(.ARM.Collect$$$$00000004)
    _main_clock                              0x08000191   Thumb Code     0  entry7b.o(.ARM.Collect$$$$00000008)
    _main_cpp_init                           0x08000191   Thumb Code     0  entry8b.o(.ARM.Collect$$$$0000000A)
    _main_init                               0x08000191   Thumb Code     0  entry9a.o(.ARM.Collect$$$$0000000B)
    __rt_lib_shutdown_fini                   0x08000199   Thumb Code     0  entry12b.o(.ARM.Collect$$$$0000000E)
    __rt_final_cpp                           0x0800019d   Thumb Code     0  entry10a.o(.ARM.Collect$$$$0000000F)
    __rt_final_exit                          0x0800019d   Thumb Code     0  entry11a.o(.ARM.Collect$$$$00000011)
    Reset_Handler                            0x080001a1   Thumb Code     8  startup_stm32f407xx.o(.text)
    ADC_IRQHandler                           0x080001bb   Thumb Code     0  startup_stm32f407xx.o(.text)
    CAN1_RX0_IRQHandler                      0x080001bb   Thumb Code     0  startup_stm32f407xx.o(.text)
    CAN1_RX1_IRQHandler                      0x080001bb   Thumb Code     0  startup_stm32f407xx.o(.text)
    CAN1_SCE_IRQHandler                      0x080001bb   Thumb Code     0  startup_stm32f407xx.o(.text)
    CAN1_TX_IRQHandler                       0x080001bb   Thumb Code     0  startup_stm32f407xx.o(.text)
    CAN2_RX0_IRQHandler                      0x080001bb   Thumb Code     0  startup_stm32f407xx.o(.text)
    CAN2_RX1_IRQHandler                      0x080001bb   Thumb Code     0  startup_stm32f407xx.o(.text)
    CAN2_SCE_IRQHandler                      0x080001bb   Thumb Code     0  startup_stm32f407xx.o(.text)
    CAN2_TX_IRQHandler                       0x080001bb   Thumb Code     0  startup_stm32f407xx.o(.text)
    DCMI_IRQHandler                          0x080001bb   Thumb Code     0  startup_stm32f407xx.o(.text)
    DMA1_Stream0_IRQHandler                  0x080001bb   Thumb Code     0  startup_stm32f407xx.o(.text)
    DMA1_Stream1_IRQHandler                  0x080001bb   Thumb Code     0  startup_stm32f407xx.o(.text)
    DMA1_Stream2_IRQHandler                  0x080001bb   Thumb Code     0  startup_stm32f407xx.o(.text)
    DMA1_Stream3_IRQHandler                  0x080001bb   Thumb Code     0  startup_stm32f407xx.o(.text)
    DMA1_Stream4_IRQHandler                  0x080001bb   Thumb Code     0  startup_stm32f407xx.o(.text)
    DMA1_Stream5_IRQHandler                  0x080001bb   Thumb Code     0  startup_stm32f407xx.o(.text)
    DMA1_Stream6_IRQHandler                  0x080001bb   Thumb Code     0  startup_stm32f407xx.o(.text)
    DMA1_Stream7_IRQHandler                  0x080001bb   Thumb Code     0  startup_stm32f407xx.o(.text)
    DMA2_Stream0_IRQHandler                  0x080001bb   Thumb Code     0  startup_stm32f407xx.o(.text)
    DMA2_Stream1_IRQHandler                  0x080001bb   Thumb Code     0  startup_stm32f407xx.o(.text)
    DMA2_Stream2_IRQHandler                  0x080001bb   Thumb Code     0  startup_stm32f407xx.o(.text)
    DMA2_Stream3_IRQHandler                  0x080001bb   Thumb Code     0  startup_stm32f407xx.o(.text)
    DMA2_Stream4_IRQHandler                  0x080001bb   Thumb Code     0  startup_stm32f407xx.o(.text)
    DMA2_Stream5_IRQHandler                  0x080001bb   Thumb Code     0  startup_stm32f407xx.o(.text)
    DMA2_Stream6_IRQHandler                  0x080001bb   Thumb Code     0  startup_stm32f407xx.o(.text)
    DMA2_Stream7_IRQHandler                  0x080001bb   Thumb Code     0  startup_stm32f407xx.o(.text)
    ETH_IRQHandler                           0x080001bb   Thumb Code     0  startup_stm32f407xx.o(.text)
    ETH_WKUP_IRQHandler                      0x080001bb   Thumb Code     0  startup_stm32f407xx.o(.text)
    EXTI0_IRQHandler                         0x080001bb   Thumb Code     0  startup_stm32f407xx.o(.text)
    EXTI15_10_IRQHandler                     0x080001bb   Thumb Code     0  startup_stm32f407xx.o(.text)
    EXTI1_IRQHandler                         0x080001bb   Thumb Code     0  startup_stm32f407xx.o(.text)
    EXTI2_IRQHandler                         0x080001bb   Thumb Code     0  startup_stm32f407xx.o(.text)
    EXTI3_IRQHandler                         0x080001bb   Thumb Code     0  startup_stm32f407xx.o(.text)
    EXTI4_IRQHandler                         0x080001bb   Thumb Code     0  startup_stm32f407xx.o(.text)
    EXTI9_5_IRQHandler                       0x080001bb   Thumb Code     0  startup_stm32f407xx.o(.text)
    FLASH_IRQHandler                         0x080001bb   Thumb Code     0  startup_stm32f407xx.o(.text)
    FMC_IRQHandler                           0x080001bb   Thumb Code     0  startup_stm32f407xx.o(.text)
    FPU_IRQHandler                           0x080001bb   Thumb Code     0  startup_stm32f407xx.o(.text)
    HASH_RNG_IRQHandler                      0x080001bb   Thumb Code     0  startup_stm32f407xx.o(.text)
    I2C1_ER_IRQHandler                       0x080001bb   Thumb Code     0  startup_stm32f407xx.o(.text)
    I2C1_EV_IRQHandler                       0x080001bb   Thumb Code     0  startup_stm32f407xx.o(.text)
    I2C2_ER_IRQHandler                       0x080001bb   Thumb Code     0  startup_stm32f407xx.o(.text)
    I2C2_EV_IRQHandler                       0x080001bb   Thumb Code     0  startup_stm32f407xx.o(.text)
    I2C3_ER_IRQHandler                       0x080001bb   Thumb Code     0  startup_stm32f407xx.o(.text)
    I2C3_EV_IRQHandler                       0x080001bb   Thumb Code     0  startup_stm32f407xx.o(.text)
    OTG_FS_IRQHandler                        0x080001bb   Thumb Code     0  startup_stm32f407xx.o(.text)
    OTG_FS_WKUP_IRQHandler                   0x080001bb   Thumb Code     0  startup_stm32f407xx.o(.text)
    OTG_HS_EP1_IN_IRQHandler                 0x080001bb   Thumb Code     0  startup_stm32f407xx.o(.text)
    OTG_HS_EP1_OUT_IRQHandler                0x080001bb   Thumb Code     0  startup_stm32f407xx.o(.text)
    OTG_HS_IRQHandler                        0x080001bb   Thumb Code     0  startup_stm32f407xx.o(.text)
    OTG_HS_WKUP_IRQHandler                   0x080001bb   Thumb Code     0  startup_stm32f407xx.o(.text)
    PVD_IRQHandler                           0x080001bb   Thumb Code     0  startup_stm32f407xx.o(.text)
    RCC_IRQHandler                           0x080001bb   Thumb Code     0  startup_stm32f407xx.o(.text)
    RTC_Alarm_IRQHandler                     0x080001bb   Thumb Code     0  startup_stm32f407xx.o(.text)
    RTC_WKUP_IRQHandler                      0x080001bb   Thumb Code     0  startup_stm32f407xx.o(.text)
    SDIO_IRQHandler                          0x080001bb   Thumb Code     0  startup_stm32f407xx.o(.text)
    SPI1_IRQHandler                          0x080001bb   Thumb Code     0  startup_stm32f407xx.o(.text)
    SPI2_IRQHandler                          0x080001bb   Thumb Code     0  startup_stm32f407xx.o(.text)
    SPI3_IRQHandler                          0x080001bb   Thumb Code     0  startup_stm32f407xx.o(.text)
    TAMP_STAMP_IRQHandler                    0x080001bb   Thumb Code     0  startup_stm32f407xx.o(.text)
    TIM1_BRK_TIM9_IRQHandler                 0x080001bb   Thumb Code     0  startup_stm32f407xx.o(.text)
    TIM1_CC_IRQHandler                       0x080001bb   Thumb Code     0  startup_stm32f407xx.o(.text)
    TIM1_TRG_COM_TIM11_IRQHandler            0x080001bb   Thumb Code     0  startup_stm32f407xx.o(.text)
    TIM3_IRQHandler                          0x080001bb   Thumb Code     0  startup_stm32f407xx.o(.text)
    TIM4_IRQHandler                          0x080001bb   Thumb Code     0  startup_stm32f407xx.o(.text)
    TIM5_IRQHandler                          0x080001bb   Thumb Code     0  startup_stm32f407xx.o(.text)
    TIM6_DAC_IRQHandler                      0x080001bb   Thumb Code     0  startup_stm32f407xx.o(.text)
    TIM7_IRQHandler                          0x080001bb   Thumb Code     0  startup_stm32f407xx.o(.text)
    TIM8_BRK_TIM12_IRQHandler                0x080001bb   Thumb Code     0  startup_stm32f407xx.o(.text)
    TIM8_CC_IRQHandler                       0x080001bb   Thumb Code     0  startup_stm32f407xx.o(.text)
    TIM8_TRG_COM_TIM14_IRQHandler            0x080001bb   Thumb Code     0  startup_stm32f407xx.o(.text)
    TIM8_UP_TIM13_IRQHandler                 0x080001bb   Thumb Code     0  startup_stm32f407xx.o(.text)
    UART4_IRQHandler                         0x080001bb   Thumb Code     0  startup_stm32f407xx.o(.text)
    UART5_IRQHandler                         0x080001bb   Thumb Code     0  startup_stm32f407xx.o(.text)
    USART1_IRQHandler                        0x080001bb   Thumb Code     0  startup_stm32f407xx.o(.text)
    USART2_IRQHandler                        0x080001bb   Thumb Code     0  startup_stm32f407xx.o(.text)
    USART3_IRQHandler                        0x080001bb   Thumb Code     0  startup_stm32f407xx.o(.text)
    USART6_IRQHandler                        0x080001bb   Thumb Code     0  startup_stm32f407xx.o(.text)
    WWDG_IRQHandler                          0x080001bb   Thumb Code     0  startup_stm32f407xx.o(.text)
    __aeabi_uldivmod                         0x080001c5   Thumb Code    98  uldiv.o(.text)
    __aeabi_memset                           0x08000227   Thumb Code    14  memseta.o(.text)
    __aeabi_memset4                          0x08000227   Thumb Code     0  memseta.o(.text)
    __aeabi_memset8                          0x08000227   Thumb Code     0  memseta.o(.text)
    __aeabi_memclr                           0x08000235   Thumb Code     4  memseta.o(.text)
    __aeabi_memclr4                          0x08000235   Thumb Code     0  memseta.o(.text)
    __aeabi_memclr8                          0x08000235   Thumb Code     0  memseta.o(.text)
    _memset$wrapper                          0x08000239   Thumb Code    18  memseta.o(.text)
    __aeabi_dmul                             0x0800024b   Thumb Code   228  dmul.o(.text)
    __aeabi_ddiv                             0x0800032f   Thumb Code   222  ddiv.o(.text)
    __aeabi_i2d                              0x0800040d   Thumb Code    34  dflti.o(.text)
    __aeabi_ui2d                             0x0800042f   Thumb Code    26  dfltui.o(.text)
    __aeabi_d2uiz                            0x08000449   Thumb Code    50  dfixui.o(.text)
    __aeabi_f2d                              0x0800047b   Thumb Code    38  f2d.o(.text)
    __aeabi_cdcmpeq                          0x080004a1   Thumb Code     0  cdcmple.o(.text)
    __aeabi_cdcmple                          0x080004a1   Thumb Code    48  cdcmple.o(.text)
    __aeabi_cdrcmple                         0x080004d1   Thumb Code    48  cdrcmple.o(.text)
    __aeabi_d2f                              0x08000501   Thumb Code    56  d2f.o(.text)
    __aeabi_uidiv                            0x08000539   Thumb Code     0  uidiv.o(.text)
    __aeabi_uidivmod                         0x08000539   Thumb Code    44  uidiv.o(.text)
    __aeabi_llsl                             0x08000565   Thumb Code    30  llshl.o(.text)
    _ll_shift_l                              0x08000565   Thumb Code     0  llshl.o(.text)
    __aeabi_llsr                             0x08000583   Thumb Code    32  llushr.o(.text)
    _ll_ushift_r                             0x08000583   Thumb Code     0  llushr.o(.text)
    __I$use$fp                               0x080005a3   Thumb Code     0  iusefp.o(.text)
    _float_round                             0x080005a3   Thumb Code    18  fepilogue.o(.text)
    _float_epilogue                          0x080005b5   Thumb Code    92  fepilogue.o(.text)
    _double_round                            0x08000611   Thumb Code    30  depilogue.o(.text)
    _double_epilogue                         0x0800062f   Thumb Code   156  depilogue.o(.text)
    __aeabi_dadd                             0x080006cb   Thumb Code   322  dadd.o(.text)
    __aeabi_dsub                             0x0800080d   Thumb Code     6  dadd.o(.text)
    __aeabi_drsub                            0x08000813   Thumb Code     6  dadd.o(.text)
    __aeabi_d2ulz                            0x08000819   Thumb Code    48  dfixul.o(.text)
    __scatterload                            0x08000849   Thumb Code    28  init.o(.text)
    __scatterload_rt2                        0x08000849   Thumb Code     0  init.o(.text)
    __aeabi_lasr                             0x0800086d   Thumb Code    36  llsshr.o(.text)
    _ll_sshift_r                             0x0800086d   Thumb Code     0  llsshr.o(.text)
    BusFault_Handler                         0x08000891   Thumb Code     2  stm32f4xx_it.o(i.BusFault_Handler)
    DWT_Init                                 0x08000895   Thumb Code    32  delay.o(i.DWT_Init)
    DebugMon_Handler                         0x080008bd   Thumb Code     2  stm32f4xx_it.o(i.DebugMon_Handler)
    Error_Handler                            0x080008bf   Thumb Code     4  main.o(i.Error_Handler)
    FSMC_NORSRAM_Extended_Timing_Init        0x080008c5   Thumb Code    56  stm32f4xx_ll_fsmc.o(i.FSMC_NORSRAM_Extended_Timing_Init)
    FSMC_NORSRAM_Init                        0x08000901   Thumb Code    98  stm32f4xx_ll_fsmc.o(i.FSMC_NORSRAM_Init)
    FSMC_NORSRAM_Timing_Init                 0x08000969   Thumb Code    56  stm32f4xx_ll_fsmc.o(i.FSMC_NORSRAM_Timing_Init)
    HAL_Delay                                0x080009a5   Thumb Code    32  stm32f4xx_hal.o(i.HAL_Delay)
    HAL_GPIO_Init                            0x08000a55   Thumb Code   450  stm32f4xx_hal_gpio.o(i.HAL_GPIO_Init)
    HAL_GPIO_ReadPin                         0x08000c45   Thumb Code    10  stm32f4xx_hal_gpio.o(i.HAL_GPIO_ReadPin)
    HAL_GPIO_TogglePin                       0x08000c4f   Thumb Code    16  stm32f4xx_hal_gpio.o(i.HAL_GPIO_TogglePin)
    HAL_GPIO_WritePin                        0x08000c5f   Thumb Code    10  stm32f4xx_hal_gpio.o(i.HAL_GPIO_WritePin)
    HAL_GetTick                              0x08000c69   Thumb Code     6  stm32f4xx_hal.o(i.HAL_GetTick)
    HAL_IncTick                              0x08000c75   Thumb Code    12  stm32f4xx_hal.o(i.HAL_IncTick)
    HAL_Init                                 0x08000c85   Thumb Code    48  stm32f4xx_hal.o(i.HAL_Init)
    HAL_InitTick                             0x08000cb9   Thumb Code    54  stm32f4xx_hal.o(i.HAL_InitTick)
    HAL_MspInit                              0x08000cf9   Thumb Code    42  stm32f4xx_hal_msp.o(i.HAL_MspInit)
    HAL_NVIC_EnableIRQ                       0x08000d29   Thumb Code    26  stm32f4xx_hal_cortex.o(i.HAL_NVIC_EnableIRQ)
    HAL_NVIC_SetPriority                     0x08000d45   Thumb Code    60  stm32f4xx_hal_cortex.o(i.HAL_NVIC_SetPriority)
    HAL_NVIC_SetPriorityGrouping             0x08000d85   Thumb Code    26  stm32f4xx_hal_cortex.o(i.HAL_NVIC_SetPriorityGrouping)
    HAL_RCC_ClockConfig                      0x08000da9   Thumb Code   288  stm32f4xx_hal_rcc.o(i.HAL_RCC_ClockConfig)
    HAL_RCC_GetPCLK1Freq                     0x08000edd   Thumb Code    20  stm32f4xx_hal_rcc.o(i.HAL_RCC_GetPCLK1Freq)
    HAL_RCC_GetPCLK2Freq                     0x08000efd   Thumb Code    20  stm32f4xx_hal_rcc.o(i.HAL_RCC_GetPCLK2Freq)
    HAL_RCC_GetSysClockFreq                  0x08000f1d   Thumb Code    88  stm32f4xx_hal_rcc.o(i.HAL_RCC_GetSysClockFreq)
    HAL_RCC_OscConfig                        0x08000f7d   Thumb Code   856  stm32f4xx_hal_rcc.o(i.HAL_RCC_OscConfig)
    HAL_SRAM_Init                            0x080012e9   Thumb Code    92  stm32f4xx_hal_sram.o(i.HAL_SRAM_Init)
    HAL_SRAM_MspInit                         0x08001345   Thumb Code     4  fsmc.o(i.HAL_SRAM_MspInit)
    HAL_SYSTICK_Config                       0x08001349   Thumb Code    40  stm32f4xx_hal_cortex.o(i.HAL_SYSTICK_Config)
    HAL_TIMEx_BreakCallback                  0x08001371   Thumb Code     2  stm32f4xx_hal_tim_ex.o(i.HAL_TIMEx_BreakCallback)
    HAL_TIMEx_CommutCallback                 0x08001373   Thumb Code     2  stm32f4xx_hal_tim_ex.o(i.HAL_TIMEx_CommutCallback)
    HAL_TIMEx_ConfigBreakDeadTime            0x08001375   Thumb Code    84  stm32f4xx_hal_tim_ex.o(i.HAL_TIMEx_ConfigBreakDeadTime)
    HAL_TIMEx_MasterConfigSynchronization    0x080013c9   Thumb Code   116  stm32f4xx_hal_tim_ex.o(i.HAL_TIMEx_MasterConfigSynchronization)
    HAL_TIM_Base_Init                        0x08001459   Thumb Code    90  stm32f4xx_hal_tim.o(i.HAL_TIM_Base_Init)
    HAL_TIM_Base_MspInit                     0x080014b5   Thumb Code    50  tim.o(i.HAL_TIM_Base_MspInit)
    HAL_TIM_Base_Start_IT                    0x080014ed   Thumb Code   100  stm32f4xx_hal_tim.o(i.HAL_TIM_Base_Start_IT)
    HAL_TIM_ConfigClockSource                0x0800156d   Thumb Code   220  stm32f4xx_hal_tim.o(i.HAL_TIM_ConfigClockSource)
    HAL_TIM_IC_CaptureCallback               0x08001649   Thumb Code     2  stm32f4xx_hal_tim.o(i.HAL_TIM_IC_CaptureCallback)
    HAL_TIM_IRQHandler                       0x0800164b   Thumb Code   304  stm32f4xx_hal_tim.o(i.HAL_TIM_IRQHandler)
    HAL_TIM_MspPostInit                      0x0800177d   Thumb Code    72  tim.o(i.HAL_TIM_MspPostInit)
    HAL_TIM_OC_DelayElapsedCallback          0x080017d1   Thumb Code     2  stm32f4xx_hal_tim.o(i.HAL_TIM_OC_DelayElapsedCallback)
    HAL_TIM_PWM_ConfigChannel                0x080017d3   Thumb Code   204  stm32f4xx_hal_tim.o(i.HAL_TIM_PWM_ConfigChannel)
    HAL_TIM_PWM_Init                         0x0800189f   Thumb Code    90  stm32f4xx_hal_tim.o(i.HAL_TIM_PWM_Init)
    HAL_TIM_PWM_MspInit                      0x080018f9   Thumb Code    50  tim.o(i.HAL_TIM_PWM_MspInit)
    HAL_TIM_PWM_PulseFinishedCallback        0x08001935   Thumb Code     2  stm32f4xx_hal_tim.o(i.HAL_TIM_PWM_PulseFinishedCallback)
    HAL_TIM_PWM_Start                        0x08001939   Thumb Code   172  stm32f4xx_hal_tim.o(i.HAL_TIM_PWM_Start)
    HAL_TIM_PWM_Stop                         0x08001a01   Thumb Code   114  stm32f4xx_hal_tim.o(i.HAL_TIM_PWM_Stop)
    HAL_TIM_PeriodElapsedCallback            0x08001a7d   Thumb Code    84  bldc_motor.o(i.HAL_TIM_PeriodElapsedCallback)
    HAL_TIM_TriggerCallback                  0x08001ad9   Thumb Code     2  stm32f4xx_hal_tim.o(i.HAL_TIM_TriggerCallback)
    HAL_UART_Init                            0x08001adb   Thumb Code   100  stm32f4xx_hal_uart.o(i.HAL_UART_Init)
    HAL_UART_MspInit                         0x08001b41   Thumb Code    92  usart.o(i.HAL_UART_MspInit)
    HAL_UART_Transmit                        0x08001ba9   Thumb Code   160  stm32f4xx_hal_uart.o(i.HAL_UART_Transmit)
    HardFault_Handler                        0x08001c49   Thumb Code     2  stm32f4xx_it.o(i.HardFault_Handler)
    Key_Init                                 0x08001c4d   Thumb Code    22  key_led.o(i.Key_Init)
    Key_Scan                                 0x08001c69   Thumb Code   136  key_led.o(i.Key_Scan)
    Led_Init                                 0x08001cf5   Thumb Code    22  key_led.o(i.Led_Init)
    Led_Toggle                               0x08001d11   Thumb Code    22  key_led.o(i.Led_Toggle)
    MX_FSMC_Init                             0x08001d2d   Thumb Code   132  fsmc.o(i.MX_FSMC_Init)
    MX_GPIO_Init                             0x08001db9   Thumb Code   298  gpio.o(i.MX_GPIO_Init)
    MX_TIM1_Init                             0x08001ef9   Thumb Code   184  tim.o(i.MX_TIM1_Init)
    MX_TIM2_Init                             0x08001fb9   Thumb Code    96  tim.o(i.MX_TIM2_Init)
    MX_USART1_UART_Init                      0x0800201d   Thumb Code    48  usart.o(i.MX_USART1_UART_Init)
    MemManage_Handler                        0x08002055   Thumb Code     2  stm32f4xx_it.o(i.MemManage_Handler)
    NMI_Handler                              0x08002057   Thumb Code     2  stm32f4xx_it.o(i.NMI_Handler)
    PendSV_Handler                           0x08002059   Thumb Code     2  stm32f4xx_it.o(i.PendSV_Handler)
    SVC_Handler                              0x0800205b   Thumb Code     2  stm32f4xx_it.o(i.SVC_Handler)
    SysTick_Handler                          0x0800205d   Thumb Code     4  stm32f4xx_it.o(i.SysTick_Handler)
    SystemClock_Config                       0x08002061   Thumb Code   140  main.o(i.SystemClock_Config)
    SystemInit                               0x080020f5   Thumb Code    12  system_stm32f4xx.o(i.SystemInit)
    TIM1_UP_TIM10_IRQHandler                 0x08002105   Thumb Code     6  stm32f4xx_it.o(i.TIM1_UP_TIM10_IRQHandler)
    TIM2_IRQHandler                          0x08002111   Thumb Code     6  stm32f4xx_it.o(i.TIM2_IRQHandler)
    TIM_Base_SetConfig                       0x0800211d   Thumb Code   164  stm32f4xx_hal_tim.o(i.TIM_Base_SetConfig)
    TIM_CCxChannelCmd                        0x080021ed   Thumb Code    26  stm32f4xx_hal_tim.o(i.TIM_CCxChannelCmd)
    TIM_ETR_SetConfig                        0x08002207   Thumb Code    20  stm32f4xx_hal_tim.o(i.TIM_ETR_SetConfig)
    TIM_OC2_SetConfig                        0x0800228d   Thumb Code    98  stm32f4xx_hal_tim.o(i.TIM_OC2_SetConfig)
    UsageFault_Handler                       0x080025c3   Thumb Code     2  stm32f4xx_it.o(i.UsageFault_Handler)
    __0printf                                0x080025c5   Thumb Code    22  printfa.o(i.__0printf)
    __1printf                                0x080025c5   Thumb Code     0  printfa.o(i.__0printf)
    __2printf                                0x080025c5   Thumb Code     0  printfa.o(i.__0printf)
    __c89printf                              0x080025c5   Thumb Code     0  printfa.o(i.__0printf)
    printf                                   0x080025c5   Thumb Code     0  printfa.o(i.__0printf)
    __0sprintf                               0x080025e5   Thumb Code    34  printfa.o(i.__0sprintf)
    __1sprintf                               0x080025e5   Thumb Code     0  printfa.o(i.__0sprintf)
    __2sprintf                               0x080025e5   Thumb Code     0  printfa.o(i.__0sprintf)
    __c89sprintf                             0x080025e5   Thumb Code     0  printfa.o(i.__0sprintf)
    sprintf                                  0x080025e5   Thumb Code     0  printfa.o(i.__0sprintf)
    __scatterload_copy                       0x0800262d   Thumb Code    14  handlers.o(i.__scatterload_copy)
    __scatterload_null                       0x0800263b   Thumb Code     2  handlers.o(i.__scatterload_null)
    __scatterload_zeroinit                   0x0800263d   Thumb Code    14  handlers.o(i.__scatterload_zeroinit)
    delay_us                                 0x08002ee1   Thumb Code    32  delay.o(i.delay_us)
    fputc                                    0x08002f0d   Thumb Code    20  usart.o(i.fputc)
    hallsensor_get_state                     0x08002f25   Thumb Code    76  bldc_motor.o(i.hallsensor_get_state)
    lcd_clear                                0x08002f79   Thumb Code    40  lcd.o(i.lcd_clear)
    lcd_display_dir                          0x08002fa9   Thumb Code   230  lcd.o(i.lcd_display_dir)
    lcd_draw_point                           0x08003095   Thumb Code    18  lcd.o(i.lcd_draw_point)
    lcd_ex_ili9341_reginit                   0x080030ad   Thumb Code   558  lcd.o(i.lcd_ex_ili9341_reginit)
    lcd_ex_ili9806_reginit                   0x080032db   Thumb Code   834  lcd.o(i.lcd_ex_ili9806_reginit)
    lcd_ex_nt35310_reginit                   0x0800361d   Thumb Code  3828  lcd.o(i.lcd_ex_nt35310_reginit)
    lcd_ex_nt35510_reginit                   0x08004511   Thumb Code  3834  lcd.o(i.lcd_ex_nt35510_reginit)
    lcd_ex_ssd1963_reginit                   0x0800540b   Thumb Code   368  lcd.o(i.lcd_ex_ssd1963_reginit)
    lcd_ex_st7789_reginit                    0x0800557b   Thumb Code   426  lcd.o(i.lcd_ex_st7789_reginit)
    lcd_ex_st7796_reginit                    0x08005725   Thumb Code   450  lcd.o(i.lcd_ex_st7796_reginit)
    lcd_init                                 0x080058e9   Thumb Code   524  lcd.o(i.lcd_init)
    lcd_scan_dir                             0x08005b19   Thumb Code   384  lcd.o(i.lcd_scan_dir)
    lcd_set_cursor                           0x08005c9d   Thumb Code   238  lcd.o(i.lcd_set_cursor)
    lcd_show_char                            0x08005d91   Thumb Code   196  lcd.o(i.lcd_show_char)
    lcd_show_string                          0x08005e6d   Thumb Code    86  lcd.o(i.lcd_show_string)
    lcd_ssd_backlight_set                    0x08005ec5   Thumb Code    72  lcd.o(i.lcd_ssd_backlight_set)
    lcd_wr_data                              0x08005f15   Thumb Code    20  lcd.o(i.lcd_wr_data)
    lcd_wr_regno                             0x08005f2d   Thumb Code    20  lcd.o(i.lcd_wr_regno)
    lcd_write_ram_prepare                    0x08005f45   Thumb Code    10  lcd.o(i.lcd_write_ram_prepare)
    lcd_write_reg                            0x08005f59   Thumb Code    10  lcd.o(i.lcd_write_reg)
    m1_uhvl                                  0x08005f69   Thumb Code    62  bldc_motor.o(i.m1_uhvl)
    m1_uhwl                                  0x08005fb5   Thumb Code    62  bldc_motor.o(i.m1_uhwl)
    m1_vhul                                  0x08006001   Thumb Code    62  bldc_motor.o(i.m1_vhul)
    m1_vhwl                                  0x0800604d   Thumb Code    62  bldc_motor.o(i.m1_vhwl)
    m1_whul                                  0x08006099   Thumb Code    62  bldc_motor.o(i.m1_whul)
    m1_whvl                                  0x080060e5   Thumb Code    62  bldc_motor.o(i.m1_whvl)
    main                                     0x08006131   Thumb Code   424  main.o(i.main)
    start_motor1                             0x08006389   Thumb Code    40  bldc_motor.o(i.start_motor1)
    stop_motor1                              0x080063b9   Thumb Code    96  bldc_motor.o(i.stop_motor1)
    AHBPrescTable                            0x08006424   Data          16  system_stm32f4xx.o(.constdata)
    APBPrescTable                            0x08006434   Data           8  system_stm32f4xx.o(.constdata)
    asc2_1206                                0x0800643c   Data        1140  lcd.o(.constdata)
    asc2_1608                                0x080068b0   Data        1520  lcd.o(.constdata)
    asc2_2412                                0x08006ea0   Data        3420  lcd.o(.constdata)
    asc2_3216                                0x08007bfc   Data        6080  lcd.o(.constdata)
    Region$$Table$$Base                      0x080093bc   Number         0  anon$$obj.o(Region$$Table)
    Region$$Table$$Limit                     0x080093dc   Number         0  anon$$obj.o(Region$$Table)
    uwTickFreq                               0x20000008   Data           1  stm32f4xx_hal.o(.data)
    uwTickPrio                               0x2000000c   Data           4  stm32f4xx_hal.o(.data)
    uwTick                                   0x20000010   Data           4  stm32f4xx_hal.o(.data)
    SystemCoreClock                          0x20000014   Data           4  system_stm32f4xx.o(.data)
    g_point_color                            0x20000018   Data           4  lcd.o(.data)
    g_back_color                             0x2000001c   Data           4  lcd.o(.data)
    g_bldc_motor1                            0x20000024   Data          40  bldc_motor.o(.data)
    pfunclist_m1                             0x2000004c   Data          24  bldc_motor.o(.data)
    __stdout                                 0x20000064   Data           4  stdout.o(.data)
    hsram4                                   0x20000068   Data          80  fsmc.o(.bss)
    htim1                                    0x200000b8   Data          72  tim.o(.bss)
    htim2                                    0x20000100   Data          72  tim.o(.bss)
    huart1                                   0x20000148   Data          72  usart.o(.bss)
    lcddev                                   0x20000190   Data          14  lcd.o(.bss)
    __initial_sp                             0x200005a0   Data           0  startup_stm32f407xx.o(STACK)



==============================================================================

Memory Map of the image

  Image Entry point : 0x08000189

  Load Region LR_IROM1 (Base: 0x08000000, Size: 0x00009444, Max: 0x00100000, ABSOLUTE)

    Execution Region ER_IROM1 (Exec base: 0x08000000, Load base: 0x08000000, Size: 0x000093dc, Max: 0x00100000, ABSOLUTE)

    Exec Addr    Load Addr    Size         Type   Attr      Idx    E Section Name        Object

    0x08000000   0x08000000   0x00000188   Data   RO            3    RESET               startup_stm32f407xx.o
    0x08000188   0x08000188   0x00000000   Code   RO         3733  * .ARM.Collect$$$$00000000  mc_w.l(entry.o)
    0x08000188   0x08000188   0x00000004   Code   RO         4019    .ARM.Collect$$$$00000001  mc_w.l(entry2.o)
    0x0800018c   0x0800018c   0x00000004   Code   RO         4022    .ARM.Collect$$$$00000004  mc_w.l(entry5.o)
    0x08000190   0x08000190   0x00000000   Code   RO         4024    .ARM.Collect$$$$00000008  mc_w.l(entry7b.o)
    0x08000190   0x08000190   0x00000000   Code   RO         4026    .ARM.Collect$$$$0000000A  mc_w.l(entry8b.o)
    0x08000190   0x08000190   0x00000008   Code   RO         4027    .ARM.Collect$$$$0000000B  mc_w.l(entry9a.o)
    0x08000198   0x08000198   0x00000004   Code   RO         4034    .ARM.Collect$$$$0000000E  mc_w.l(entry12b.o)
    0x0800019c   0x0800019c   0x00000000   Code   RO         4029    .ARM.Collect$$$$0000000F  mc_w.l(entry10a.o)
    0x0800019c   0x0800019c   0x00000000   Code   RO         4031    .ARM.Collect$$$$00000011  mc_w.l(entry11a.o)
    0x0800019c   0x0800019c   0x00000004   Code   RO         4020    .ARM.Collect$$$$00002712  mc_w.l(entry2.o)
    0x080001a0   0x080001a0   0x00000024   Code   RO            4    .text               startup_stm32f407xx.o
    0x080001c4   0x080001c4   0x00000062   Code   RO         3736    .text               mc_w.l(uldiv.o)
    0x08000226   0x08000226   0x00000024   Code   RO         3738    .text               mc_w.l(memseta.o)
    0x0800024a   0x0800024a   0x000000e4   Code   RO         4001    .text               mf_w.l(dmul.o)
    0x0800032e   0x0800032e   0x000000de   Code   RO         4003    .text               mf_w.l(ddiv.o)
    0x0800040c   0x0800040c   0x00000022   Code   RO         4005    .text               mf_w.l(dflti.o)
    0x0800042e   0x0800042e   0x0000001a   Code   RO         4007    .text               mf_w.l(dfltui.o)
    0x08000448   0x08000448   0x00000032   Code   RO         4009    .text               mf_w.l(dfixui.o)
    0x0800047a   0x0800047a   0x00000026   Code   RO         4011    .text               mf_w.l(f2d.o)
    0x080004a0   0x080004a0   0x00000030   Code   RO         4013    .text               mf_w.l(cdcmple.o)
    0x080004d0   0x080004d0   0x00000030   Code   RO         4015    .text               mf_w.l(cdrcmple.o)
    0x08000500   0x08000500   0x00000038   Code   RO         4017    .text               mf_w.l(d2f.o)
    0x08000538   0x08000538   0x0000002c   Code   RO         4036    .text               mc_w.l(uidiv.o)
    0x08000564   0x08000564   0x0000001e   Code   RO         4038    .text               mc_w.l(llshl.o)
    0x08000582   0x08000582   0x00000020   Code   RO         4040    .text               mc_w.l(llushr.o)
    0x080005a2   0x080005a2   0x00000000   Code   RO         4042    .text               mc_w.l(iusefp.o)
    0x080005a2   0x080005a2   0x0000006e   Code   RO         4043    .text               mf_w.l(fepilogue.o)
    0x08000610   0x08000610   0x000000ba   Code   RO         4045    .text               mf_w.l(depilogue.o)
    0x080006ca   0x080006ca   0x0000014e   Code   RO         4047    .text               mf_w.l(dadd.o)
    0x08000818   0x08000818   0x00000030   Code   RO         4049    .text               mf_w.l(dfixul.o)
    0x08000848   0x08000848   0x00000024   Code   RO         4051    .text               mc_w.l(init.o)
    0x0800086c   0x0800086c   0x00000024   Code   RO         4053    .text               mc_w.l(llsshr.o)
    0x08000890   0x08000890   0x00000002   Code   RO          374    i.BusFault_Handler  stm32f4xx_it.o
    0x08000892   0x08000892   0x00000002   PAD
    0x08000894   0x08000894   0x00000028   Code   RO         3325    i.DWT_Init          delay.o
    0x080008bc   0x080008bc   0x00000002   Code   RO          375    i.DebugMon_Handler  stm32f4xx_it.o
    0x080008be   0x080008be   0x00000004   Code   RO           13    i.Error_Handler     main.o
    0x080008c2   0x080008c2   0x00000002   PAD
    0x080008c4   0x080008c4   0x0000003c   Code   RO          494    i.FSMC_NORSRAM_Extended_Timing_Init  stm32f4xx_ll_fsmc.o
    0x08000900   0x08000900   0x00000068   Code   RO          495    i.FSMC_NORSRAM_Init  stm32f4xx_ll_fsmc.o
    0x08000968   0x08000968   0x0000003c   Code   RO          496    i.FSMC_NORSRAM_Timing_Init  stm32f4xx_ll_fsmc.o
    0x080009a4   0x080009a4   0x00000024   Code   RO         1700    i.HAL_Delay         stm32f4xx_hal.o
    0x080009c8   0x080009c8   0x0000008c   Code   RO          212    i.HAL_FSMC_MspInit  fsmc.o
    0x08000a54   0x08000a54   0x000001f0   Code   RO         1156    i.HAL_GPIO_Init     stm32f4xx_hal_gpio.o
    0x08000c44   0x08000c44   0x0000000a   Code   RO         1158    i.HAL_GPIO_ReadPin  stm32f4xx_hal_gpio.o
    0x08000c4e   0x08000c4e   0x00000010   Code   RO         1159    i.HAL_GPIO_TogglePin  stm32f4xx_hal_gpio.o
    0x08000c5e   0x08000c5e   0x0000000a   Code   RO         1160    i.HAL_GPIO_WritePin  stm32f4xx_hal_gpio.o
    0x08000c68   0x08000c68   0x0000000c   Code   RO         1706    i.HAL_GetTick       stm32f4xx_hal.o
    0x08000c74   0x08000c74   0x00000010   Code   RO         1712    i.HAL_IncTick       stm32f4xx_hal.o
    0x08000c84   0x08000c84   0x00000034   Code   RO         1713    i.HAL_Init          stm32f4xx_hal.o
    0x08000cb8   0x08000cb8   0x00000040   Code   RO         1714    i.HAL_InitTick      stm32f4xx_hal.o
    0x08000cf8   0x08000cf8   0x00000030   Code   RO          462    i.HAL_MspInit       stm32f4xx_hal_msp.o
    0x08000d28   0x08000d28   0x0000001a   Code   RO         1548    i.HAL_NVIC_EnableIRQ  stm32f4xx_hal_cortex.o
    0x08000d42   0x08000d42   0x00000002   PAD
    0x08000d44   0x08000d44   0x00000040   Code   RO         1554    i.HAL_NVIC_SetPriority  stm32f4xx_hal_cortex.o
    0x08000d84   0x08000d84   0x00000024   Code   RO         1555    i.HAL_NVIC_SetPriorityGrouping  stm32f4xx_hal_cortex.o
    0x08000da8   0x08000da8   0x00000134   Code   RO          802    i.HAL_RCC_ClockConfig  stm32f4xx_hal_rcc.o
    0x08000edc   0x08000edc   0x00000020   Code   RO          809    i.HAL_RCC_GetPCLK1Freq  stm32f4xx_hal_rcc.o
    0x08000efc   0x08000efc   0x00000020   Code   RO          810    i.HAL_RCC_GetPCLK2Freq  stm32f4xx_hal_rcc.o
    0x08000f1c   0x08000f1c   0x00000060   Code   RO          811    i.HAL_RCC_GetSysClockFreq  stm32f4xx_hal_rcc.o
    0x08000f7c   0x08000f7c   0x0000036c   Code   RO          814    i.HAL_RCC_OscConfig  stm32f4xx_hal_rcc.o
    0x080012e8   0x080012e8   0x0000005c   Code   RO          634    i.HAL_SRAM_Init     stm32f4xx_hal_sram.o
    0x08001344   0x08001344   0x00000004   Code   RO          214    i.HAL_SRAM_MspInit  fsmc.o
    0x08001348   0x08001348   0x00000028   Code   RO         1559    i.HAL_SYSTICK_Config  stm32f4xx_hal_cortex.o
    0x08001370   0x08001370   0x00000002   Code   RO         2657    i.HAL_TIMEx_BreakCallback  stm32f4xx_hal_tim_ex.o
    0x08001372   0x08001372   0x00000002   Code   RO         2658    i.HAL_TIMEx_CommutCallback  stm32f4xx_hal_tim_ex.o
    0x08001374   0x08001374   0x00000054   Code   RO         2660    i.HAL_TIMEx_ConfigBreakDeadTime  stm32f4xx_hal_tim_ex.o
    0x080013c8   0x080013c8   0x00000090   Code   RO         2676    i.HAL_TIMEx_MasterConfigSynchronization  stm32f4xx_hal_tim_ex.o
    0x08001458   0x08001458   0x0000005a   Code   RO         1953    i.HAL_TIM_Base_Init  stm32f4xx_hal_tim.o
    0x080014b2   0x080014b2   0x00000002   PAD
    0x080014b4   0x080014b4   0x00000038   Code   RO          261    i.HAL_TIM_Base_MspInit  tim.o
    0x080014ec   0x080014ec   0x00000080   Code   RO         1958    i.HAL_TIM_Base_Start_IT  stm32f4xx_hal_tim.o
    0x0800156c   0x0800156c   0x000000dc   Code   RO         1962    i.HAL_TIM_ConfigClockSource  stm32f4xx_hal_tim.o
    0x08001648   0x08001648   0x00000002   Code   RO         1987    i.HAL_TIM_IC_CaptureCallback  stm32f4xx_hal_tim.o
    0x0800164a   0x0800164a   0x00000130   Code   RO         2001    i.HAL_TIM_IRQHandler  stm32f4xx_hal_tim.o
    0x0800177a   0x0800177a   0x00000002   PAD
    0x0800177c   0x0800177c   0x00000054   Code   RO          262    i.HAL_TIM_MspPostInit  tim.o
    0x080017d0   0x080017d0   0x00000002   Code   RO         2004    i.HAL_TIM_OC_DelayElapsedCallback  stm32f4xx_hal_tim.o
    0x080017d2   0x080017d2   0x000000cc   Code   RO         2025    i.HAL_TIM_PWM_ConfigChannel  stm32f4xx_hal_tim.o
    0x0800189e   0x0800189e   0x0000005a   Code   RO         2028    i.HAL_TIM_PWM_Init  stm32f4xx_hal_tim.o
    0x080018f8   0x080018f8   0x0000003c   Code   RO          264    i.HAL_TIM_PWM_MspInit  tim.o
    0x08001934   0x08001934   0x00000002   Code   RO         2031    i.HAL_TIM_PWM_PulseFinishedCallback  stm32f4xx_hal_tim.o
    0x08001936   0x08001936   0x00000002   PAD
    0x08001938   0x08001938   0x000000c8   Code   RO         2033    i.HAL_TIM_PWM_Start  stm32f4xx_hal_tim.o
    0x08001a00   0x08001a00   0x0000007c   Code   RO         2036    i.HAL_TIM_PWM_Stop  stm32f4xx_hal_tim.o
    0x08001a7c   0x08001a7c   0x0000005c   Code   RO         3646    i.HAL_TIM_PeriodElapsedCallback  bldc_motor.o
    0x08001ad8   0x08001ad8   0x00000002   Code   RO         2044    i.HAL_TIM_TriggerCallback  stm32f4xx_hal_tim.o
    0x08001ada   0x08001ada   0x00000064   Code   RO         2954    i.HAL_UART_Init     stm32f4xx_hal_uart.o
    0x08001b3e   0x08001b3e   0x00000002   PAD
    0x08001b40   0x08001b40   0x00000068   Code   RO          327    i.HAL_UART_MspInit  usart.o
    0x08001ba8   0x08001ba8   0x000000a0   Code   RO         2962    i.HAL_UART_Transmit  stm32f4xx_hal_uart.o
    0x08001c48   0x08001c48   0x00000002   Code   RO          376    i.HardFault_Handler  stm32f4xx_it.o
    0x08001c4a   0x08001c4a   0x00000002   PAD
    0x08001c4c   0x08001c4c   0x0000001c   Code   RO         3355    i.Key_Init          key_led.o
    0x08001c68   0x08001c68   0x0000008c   Code   RO         3356    i.Key_Scan          key_led.o
    0x08001cf4   0x08001cf4   0x0000001c   Code   RO         3357    i.Led_Init          key_led.o
    0x08001d10   0x08001d10   0x0000001c   Code   RO         3360    i.Led_Toggle        key_led.o
    0x08001d2c   0x08001d2c   0x0000008c   Code   RO          215    i.MX_FSMC_Init      fsmc.o
    0x08001db8   0x08001db8   0x00000140   Code   RO          188    i.MX_GPIO_Init      gpio.o
    0x08001ef8   0x08001ef8   0x000000c0   Code   RO          265    i.MX_TIM1_Init      tim.o
    0x08001fb8   0x08001fb8   0x00000064   Code   RO          266    i.MX_TIM2_Init      tim.o
    0x0800201c   0x0800201c   0x00000038   Code   RO          328    i.MX_USART1_UART_Init  usart.o
    0x08002054   0x08002054   0x00000002   Code   RO          377    i.MemManage_Handler  stm32f4xx_it.o
    0x08002056   0x08002056   0x00000002   Code   RO          378    i.NMI_Handler       stm32f4xx_it.o
    0x08002058   0x08002058   0x00000002   Code   RO          379    i.PendSV_Handler    stm32f4xx_it.o
    0x0800205a   0x0800205a   0x00000002   Code   RO          380    i.SVC_Handler       stm32f4xx_it.o
    0x0800205c   0x0800205c   0x00000004   Code   RO          381    i.SysTick_Handler   stm32f4xx_it.o
    0x08002060   0x08002060   0x00000094   Code   RO           14    i.SystemClock_Config  main.o
    0x080020f4   0x080020f4   0x00000010   Code   RO         3288    i.SystemInit        system_stm32f4xx.o
    0x08002104   0x08002104   0x0000000c   Code   RO          382    i.TIM1_UP_TIM10_IRQHandler  stm32f4xx_it.o
    0x08002110   0x08002110   0x0000000c   Code   RO          383    i.TIM2_IRQHandler   stm32f4xx_it.o
    0x0800211c   0x0800211c   0x000000d0   Code   RO         2046    i.TIM_Base_SetConfig  stm32f4xx_hal_tim.o
    0x080021ec   0x080021ec   0x0000001a   Code   RO         2047    i.TIM_CCxChannelCmd  stm32f4xx_hal_tim.o
    0x08002206   0x08002206   0x00000014   Code   RO         2057    i.TIM_ETR_SetConfig  stm32f4xx_hal_tim.o
    0x0800221a   0x0800221a   0x00000010   Code   RO         2058    i.TIM_ITRx_SetConfig  stm32f4xx_hal_tim.o
    0x0800222a   0x0800222a   0x00000002   PAD
    0x0800222c   0x0800222c   0x00000060   Code   RO         2059    i.TIM_OC1_SetConfig  stm32f4xx_hal_tim.o
    0x0800228c   0x0800228c   0x0000006c   Code   RO         2060    i.TIM_OC2_SetConfig  stm32f4xx_hal_tim.o
    0x080022f8   0x080022f8   0x00000068   Code   RO         2061    i.TIM_OC3_SetConfig  stm32f4xx_hal_tim.o
    0x08002360   0x08002360   0x00000050   Code   RO         2062    i.TIM_OC4_SetConfig  stm32f4xx_hal_tim.o
    0x080023b0   0x080023b0   0x00000022   Code   RO         2064    i.TIM_TI1_ConfigInputStage  stm32f4xx_hal_tim.o
    0x080023d2   0x080023d2   0x00000024   Code   RO         2066    i.TIM_TI2_ConfigInputStage  stm32f4xx_hal_tim.o
    0x080023f6   0x080023f6   0x0000004e   Code   RO         2977    i.UART_EndRxTransfer  stm32f4xx_hal_uart.o
    0x08002444   0x08002444   0x0000010c   Code   RO         2980    i.UART_SetConfig    stm32f4xx_hal_uart.o
    0x08002550   0x08002550   0x00000072   Code   RO         2983    i.UART_WaitOnFlagUntilTimeout  stm32f4xx_hal_uart.o
    0x080025c2   0x080025c2   0x00000002   Code   RO          384    i.UsageFault_Handler  stm32f4xx_it.o
    0x080025c4   0x080025c4   0x00000020   Code   RO         3973    i.__0printf         mc_w.l(printfa.o)
    0x080025e4   0x080025e4   0x00000028   Code   RO         3975    i.__0sprintf        mc_w.l(printfa.o)
    0x0800260c   0x0800260c   0x00000020   Code   RO         1561    i.__NVIC_SetPriority  stm32f4xx_hal_cortex.o
    0x0800262c   0x0800262c   0x0000000e   Code   RO         4057    i.__scatterload_copy  mc_w.l(handlers.o)
    0x0800263a   0x0800263a   0x00000002   Code   RO         4058    i.__scatterload_null  mc_w.l(handlers.o)
    0x0800263c   0x0800263c   0x0000000e   Code   RO         4059    i.__scatterload_zeroinit  mc_w.l(handlers.o)
    0x0800264a   0x0800264a   0x00000002   PAD
    0x0800264c   0x0800264c   0x00000184   Code   RO         3980    i._fp_digits        mc_w.l(printfa.o)
    0x080027d0   0x080027d0   0x000006b4   Code   RO         3981    i._printf_core      mc_w.l(printfa.o)
    0x08002e84   0x08002e84   0x00000024   Code   RO         3982    i._printf_post_padding  mc_w.l(printfa.o)
    0x08002ea8   0x08002ea8   0x0000002e   Code   RO         3983    i._printf_pre_padding  mc_w.l(printfa.o)
    0x08002ed6   0x08002ed6   0x0000000a   Code   RO         3985    i._sputc            mc_w.l(printfa.o)
    0x08002ee0   0x08002ee0   0x0000002c   Code   RO         3326    i.delay_us          delay.o
    0x08002f0c   0x08002f0c   0x00000018   Code   RO          329    i.fputc             usart.o
    0x08002f24   0x08002f24   0x00000054   Code   RO         3648    i.hallsensor_get_state  bldc_motor.o
    0x08002f78   0x08002f78   0x00000030   Code   RO         3409    i.lcd_clear         lcd.o
    0x08002fa8   0x08002fa8   0x000000ec   Code   RO         3411    i.lcd_display_dir   lcd.o
    0x08003094   0x08003094   0x00000018   Code   RO         3417    i.lcd_draw_point    lcd.o
    0x080030ac   0x080030ac   0x0000022e   Code   RO         3419    i.lcd_ex_ili9341_reginit  lcd.o
    0x080032da   0x080032da   0x00000342   Code   RO         3420    i.lcd_ex_ili9806_reginit  lcd.o
    0x0800361c   0x0800361c   0x00000ef4   Code   RO         3421    i.lcd_ex_nt35310_reginit  lcd.o
    0x08004510   0x08004510   0x00000efa   Code   RO         3422    i.lcd_ex_nt35510_reginit  lcd.o
    0x0800540a   0x0800540a   0x00000170   Code   RO         3423    i.lcd_ex_ssd1963_reginit  lcd.o
    0x0800557a   0x0800557a   0x000001aa   Code   RO         3424    i.lcd_ex_st7789_reginit  lcd.o
    0x08005724   0x08005724   0x000001c2   Code   RO         3425    i.lcd_ex_st7796_reginit  lcd.o
    0x080058e6   0x080058e6   0x00000002   PAD
    0x080058e8   0x080058e8   0x00000214   Code   RO         3428    i.lcd_init          lcd.o
    0x08005afc   0x08005afc   0x0000001c   Code   RO         3430    i.lcd_rd_data       lcd.o
    0x08005b18   0x08005b18   0x00000184   Code   RO         3432    i.lcd_scan_dir      lcd.o
    0x08005c9c   0x08005c9c   0x000000f4   Code   RO         3433    i.lcd_set_cursor    lcd.o
    0x08005d90   0x08005d90   0x000000dc   Code   RO         3435    i.lcd_show_char     lcd.o
    0x08005e6c   0x08005e6c   0x00000056   Code   RO         3437    i.lcd_show_string   lcd.o
    0x08005ec2   0x08005ec2   0x00000002   PAD
    0x08005ec4   0x08005ec4   0x00000050   Code   RO         3439    i.lcd_ssd_backlight_set  lcd.o
    0x08005f14   0x08005f14   0x00000018   Code   RO         3440    i.lcd_wr_data       lcd.o
    0x08005f2c   0x08005f2c   0x00000018   Code   RO         3441    i.lcd_wr_regno      lcd.o
    0x08005f44   0x08005f44   0x00000014   Code   RO         3442    i.lcd_write_ram_prepare  lcd.o
    0x08005f58   0x08005f58   0x00000010   Code   RO         3443    i.lcd_write_reg     lcd.o
    0x08005f68   0x08005f68   0x0000004c   Code   RO         3649    i.m1_uhvl           bldc_motor.o
    0x08005fb4   0x08005fb4   0x0000004c   Code   RO         3650    i.m1_uhwl           bldc_motor.o
    0x08006000   0x08006000   0x0000004c   Code   RO         3651    i.m1_vhul           bldc_motor.o
    0x0800604c   0x0800604c   0x0000004c   Code   RO         3652    i.m1_vhwl           bldc_motor.o
    0x08006098   0x08006098   0x0000004c   Code   RO         3653    i.m1_whul           bldc_motor.o
    0x080060e4   0x080060e4   0x0000004c   Code   RO         3654    i.m1_whvl           bldc_motor.o
    0x08006130   0x08006130   0x00000258   Code   RO           15    i.main              main.o
    0x08006388   0x08006388   0x00000030   Code   RO         3655    i.start_motor1      bldc_motor.o
    0x080063b8   0x080063b8   0x0000006c   Code   RO         3656    i.stop_motor1       bldc_motor.o
    0x08006424   0x08006424   0x00000010   Data   RO         3289    .constdata          system_stm32f4xx.o
    0x08006434   0x08006434   0x00000008   Data   RO         3290    .constdata          system_stm32f4xx.o
    0x0800643c   0x0800643c   0x00002f80   Data   RO         3446    .constdata          lcd.o
    0x080093bc   0x080093bc   0x00000020   Data   RO         4055    Region$$Table       anon$$obj.o


    Execution Region RW_IRAM1 (Exec base: 0x20000000, Load base: 0x080093dc, Size: 0x000005a0, Max: 0x0001c000, ABSOLUTE)

    Exec Addr    Load Addr    Size         Type   Attr      Idx    E Section Name        Object

    0x20000000   0x080093dc   0x00000008   Data   RW          217    .data               fsmc.o
    0x20000008   0x080093e4   0x0000000c   Data   RW         1720    .data               stm32f4xx_hal.o
    0x20000014   0x080093f0   0x00000004   Data   RW         3291    .data               system_stm32f4xx.o
    0x20000018   0x080093f4   0x00000004   Data   RW         3447    .data               lcd.o
    0x2000001c   0x080093f8   0x00000004   Data   RW         3448    .data               lcd.o
    0x20000020   0x080093fc   0x00000044   Data   RW         3657    .data               bldc_motor.o
    0x20000064   0x08009440   0x00000004   Data   RW         4035    .data               mc_w.l(stdout.o)
    0x20000068        -       0x00000050   Zero   RW          216    .bss                fsmc.o
    0x200000b8        -       0x00000090   Zero   RW          267    .bss                tim.o
    0x20000148        -       0x00000048   Zero   RW          330    .bss                usart.o
    0x20000190        -       0x0000000e   Zero   RW         3445    .bss                lcd.o
    0x2000019e   0x08009444   0x00000002   PAD
    0x200001a0        -       0x00000400   Zero   RW            1    STACK               startup_stm32f407xx.o


    Execution Region RW_IRAM2 (Exec base: 0x2001c000, Load base: 0x08009444, Size: 0x00000000, Max: 0x00004000, ABSOLUTE)

    **** No section assigned to this execution region ****


==============================================================================

Image component sizes


      Code (inc. data)   RO Data    RW Data    ZI Data      Debug   Object Name

       788        120          0         68          0       7873   bldc_motor.o
        84         20          0          0          0       1086   delay.o
       284         28          0          8         80       2415   fsmc.o
       320         22          0          0          0       1191   gpio.o
       224         22          0          0          0       2610   key_led.o
     12268        116      12160          8         14      23779   lcd.o
       752        184          0          0          0     710140   main.o
        36          8        392          0       1024        864   startup_stm32f407xx.o
       180         28          0         12          0       9633   stm32f4xx_hal.o
       198         14          0          0          0      34007   stm32f4xx_hal_cortex.o
       532         46          0          0          0       3636   stm32f4xx_hal_gpio.o
        48          6          0          0          0        914   stm32f4xx_hal_msp.o
      1344         72          0          0          0       5428   stm32f4xx_hal_rcc.o
        92          0          0          0          0       1284   stm32f4xx_hal_sram.o
      2096        146          0          0          0      17903   stm32f4xx_hal_tim.o
       232         28          0          0          0       3445   stm32f4xx_hal_tim_ex.o
       720         10          0          0          0       5024   stm32f4xx_hal_uart.o
        44         12          0          0          0       5419   stm32f4xx_it.o
       224         14          0          0          0       4091   stm32f4xx_ll_fsmc.o
        16          4         24          4          0       1211   system_stm32f4xx.o
       492         40          0          0        144       3887   tim.o
       184         24          0          0         72       2474   usart.o

    ----------------------------------------------------------------------
     21180        964      12608        100       1336     848314   Object Totals
         0          0         32          0          0          0   (incl. Generated)
        22          0          0          0          2          0   (incl. Padding)

    ----------------------------------------------------------------------

      Code (inc. data)   RO Data    RW Data    ZI Data      Debug   Library Member Name

         0          0          0          0          0          0   entry.o
         0          0          0          0          0          0   entry10a.o
         0          0          0          0          0          0   entry11a.o
         4          0          0          0          0          0   entry12b.o
         8          4          0          0          0          0   entry2.o
         4          0          0          0          0          0   entry5.o
         0          0          0          0          0          0   entry7b.o
         0          0          0          0          0          0   entry8b.o
         8          4          0          0          0          0   entry9a.o
        30          0          0          0          0          0   handlers.o
        36          8          0          0          0         68   init.o
         0          0          0          0          0          0   iusefp.o
        30          0          0          0          0         68   llshl.o
        36          0          0          0          0         68   llsshr.o
        32          0          0          0          0         68   llushr.o
        36          0          0          0          0        108   memseta.o
      2268         96          0          0          0        616   printfa.o
         0          0          0          4          0          0   stdout.o
        44          0          0          0          0         80   uidiv.o
        98          0          0          0          0         92   uldiv.o
        48          0          0          0          0         68   cdcmple.o
        48          0          0          0          0         68   cdrcmple.o
        56          0          0          0          0         88   d2f.o
       334          0          0          0          0        148   dadd.o
       222          0          0          0          0        100   ddiv.o
       186          0          0          0          0        176   depilogue.o
        50          0          0          0          0         76   dfixui.o
        48          0          0          0          0         68   dfixul.o
        34          0          0          0          0         76   dflti.o
        26          0          0          0          0         76   dfltui.o
       228          0          0          0          0         96   dmul.o
        38          0          0          0          0         68   f2d.o
       110          0          0          0          0        168   fepilogue.o

    ----------------------------------------------------------------------
      4064        112          0          4          0       2444   Library Totals
         2          0          0          0          0          0   (incl. Padding)

    ----------------------------------------------------------------------

      Code (inc. data)   RO Data    RW Data    ZI Data      Debug   Library Name

      2634        112          0          4          0       1168   mc_w.l
      1428          0          0          0          0       1276   mf_w.l

    ----------------------------------------------------------------------
      4064        112          0          4          0       2444   Library Totals

    ----------------------------------------------------------------------

==============================================================================


      Code (inc. data)   RO Data    RW Data    ZI Data      Debug   

     25244       1076      12608        104       1336     838514   Grand Totals
     25244       1076      12608        104       1336     838514   ELF Image Totals
     25244       1076      12608        104          0          0   ROM Totals

==============================================================================

    Total RO  Size (Code + RO Data)                37852 (  36.96kB)
    Total RW  Size (RW Data + ZI Data)              1440 (   1.41kB)
    Total ROM Size (Code + RO Data + RW Data)      37956 (  37.07kB)

==============================================================================

