Component: ARM Compiler 5.06 update 7 (build 960) Tool: armlink [4d3601]

==============================================================================

Section Cross References

    startup_stm32f407xx.o(RESET) refers to startup_stm32f407xx.o(STACK) for __initial_sp
    startup_stm32f407xx.o(RESET) refers to startup_stm32f407xx.o(.text) for Reset_Handler
    startup_stm32f407xx.o(RESET) refers to stm32f4xx_it.o(i.NMI_Handler) for NMI_Handler
    startup_stm32f407xx.o(RESET) refers to stm32f4xx_it.o(i.HardFault_Handler) for HardFault_Handler
    startup_stm32f407xx.o(RESET) refers to stm32f4xx_it.o(i.MemManage_Handler) for MemManage_Handler
    startup_stm32f407xx.o(RESET) refers to stm32f4xx_it.o(i.BusFault_Handler) for BusFault_Handler
    startup_stm32f407xx.o(RESET) refers to stm32f4xx_it.o(i.UsageFault_Handler) for UsageFault_Handler
    startup_stm32f407xx.o(RESET) refers to stm32f4xx_it.o(i.SVC_Handler) for SVC_Handler
    startup_stm32f407xx.o(RESET) refers to stm32f4xx_it.o(i.DebugMon_Handler) for DebugMon_Handler
    startup_stm32f407xx.o(RESET) refers to stm32f4xx_it.o(i.PendSV_Handler) for PendSV_Handler
    startup_stm32f407xx.o(RESET) refers to stm32f4xx_it.o(i.SysTick_Handler) for SysTick_Handler
    startup_stm32f407xx.o(RESET) refers to stm32f4xx_it.o(i.TIM1_UP_TIM10_IRQHandler) for TIM1_UP_TIM10_IRQHandler
    startup_stm32f407xx.o(RESET) refers to stm32f4xx_it.o(i.TIM2_IRQHandler) for TIM2_IRQHandler
    startup_stm32f407xx.o(RESET) refers to stm32f4xx_it.o(i.TIM6_DAC_IRQHandler) for TIM6_DAC_IRQHandler
    startup_stm32f407xx.o(RESET) refers to stm32f4xx_it.o(i.DMA2_Stream0_IRQHandler) for DMA2_Stream0_IRQHandler
    startup_stm32f407xx.o(.text) refers to system_stm32f4xx.o(i.SystemInit) for SystemInit
    startup_stm32f407xx.o(.text) refers to entry.o(.ARM.Collect$$$$00000000) for __main
    main.o(i.SystemClock_Config) refers to memseta.o(.text) for __aeabi_memclr4
    main.o(i.SystemClock_Config) refers to stm32f4xx_hal_rcc.o(i.HAL_RCC_OscConfig) for HAL_RCC_OscConfig
    main.o(i.SystemClock_Config) refers to stm32f4xx_hal_rcc.o(i.HAL_RCC_ClockConfig) for HAL_RCC_ClockConfig
    main.o(i.main) refers to stm32f4xx_hal.o(i.HAL_Init) for HAL_Init
    main.o(i.main) refers to main.o(i.SystemClock_Config) for SystemClock_Config
    main.o(i.main) refers to gpio.o(i.MX_GPIO_Init) for MX_GPIO_Init
    main.o(i.main) refers to dma.o(i.MX_DMA_Init) for MX_DMA_Init
    main.o(i.main) refers to fsmc.o(i.MX_FSMC_Init) for MX_FSMC_Init
    main.o(i.main) refers to tim.o(i.MX_TIM1_Init) for MX_TIM1_Init
    main.o(i.main) refers to tim.o(i.MX_TIM2_Init) for MX_TIM2_Init
    main.o(i.main) refers to usart.o(i.MX_USART1_UART_Init) for MX_USART1_UART_Init
    main.o(i.main) refers to adc.o(i.MX_ADC1_Init) for MX_ADC1_Init
    main.o(i.main) refers to tim.o(i.MX_TIM6_Init) for MX_TIM6_Init
    main.o(i.main) refers to delay.o(i.DWT_Init) for DWT_Init
    main.o(i.main) refers to key_led.o(i.Key_Init) for Key_Init
    main.o(i.main) refers to key_led.o(i.Led_Init) for Led_Init
    main.o(i.main) refers to lcd.o(i.lcd_init) for lcd_init
    main.o(i.main) refers to stm32f4xx_hal_tim.o(i.HAL_TIM_Base_Start_IT) for HAL_TIM_Base_Start_IT
    main.o(i.main) refers to bldc_adc.o(i.adc_nch_dma_init) for adc_nch_dma_init
    main.o(i.main) refers to pid.o(i.pid_init) for pid_init
    main.o(i.main) refers to lcd.o(i.lcd_show_string) for lcd_show_string
    main.o(i.main) refers to printfa.o(i.__0printf) for __2printf
    main.o(i.main) refers to f2d.o(.text) for __aeabi_f2d
    main.o(i.main) refers to printfa.o(i.__0sprintf) for __2sprintf
    main.o(i.main) refers to bldc_adc.o(i.get_temp) for get_temp
    main.o(i.main) refers to key_led.o(i.Led_Toggle) for Led_Toggle
    main.o(i.main) refers to key_led.o(i.Key_Scan) for Key_Scan
    main.o(i.main) refers to bldc_motor.o(i.stop_motor1) for stop_motor1
    main.o(i.main) refers to bldc_motor.o(i.start_motor1) for start_motor1
    main.o(i.main) refers to tim.o(.bss) for htim1
    main.o(i.main) refers to pid.o(.bss) for g_speed_pid
    main.o(i.main) refers to bldc_motor.o(.data) for g_bldc_motor1
    main.o(i.main) refers to lcd.o(.data) for g_point_color
    main.o(i.main) refers to bldc_adc.o(.bss) for g_adc_val
    main.o(i.main) refers to main.o(.data) for .data
    main.o(.data) refers to pid.o(.bss) for g_speed_pid
    gpio.o(i.MX_GPIO_Init) refers to memseta.o(.text) for __aeabi_memclr4
    gpio.o(i.MX_GPIO_Init) refers to stm32f4xx_hal_gpio.o(i.HAL_GPIO_WritePin) for HAL_GPIO_WritePin
    gpio.o(i.MX_GPIO_Init) refers to stm32f4xx_hal_gpio.o(i.HAL_GPIO_Init) for HAL_GPIO_Init
    adc.o(i.HAL_ADC_MspDeInit) refers to stm32f4xx_hal_gpio.o(i.HAL_GPIO_DeInit) for HAL_GPIO_DeInit
    adc.o(i.HAL_ADC_MspDeInit) refers to stm32f4xx_hal_dma.o(i.HAL_DMA_DeInit) for HAL_DMA_DeInit
    adc.o(i.HAL_ADC_MspInit) refers to memseta.o(.text) for __aeabi_memclr4
[...]
    .text                                    0x080005dc   Section        0  depilogue.o(.text)
    .text                                    0x08000696   Section        0  ddiv.o(.text)
    .text                                    0x08000774   Section        0  dfixul.o(.text)
    .text                                    0x080007a4   Section       48  cdrcmple.o(.text)
    .text                                    0x080007d4   Section       36  init.o(.text)
    i.ADC_DMAConvCplt                        0x080007f8   Section        0  stm32f4xx_hal_adc.o(i.ADC_DMAConvCplt)
    ADC_DMAConvCplt                          0x080007f9   Thumb Code   110  stm32f4xx_hal_adc.o(i.ADC_DMAConvCplt)
    i.ADC_DMAError                           0x08000866   Section        0  stm32f4xx_hal_adc.o(i.ADC_DMAError)
    ADC_DMAError                             0x08000867   Thumb Code    22  stm32f4xx_hal_adc.o(i.ADC_DMAError)
    i.ADC_DMAHalfConvCplt                    0x0800087c   Section        0  stm32f4xx_hal_adc.o(i.ADC_DMAHalfConvCplt)
    ADC_DMAHalfConvCplt                      0x0800087d   Thumb Code    10  stm32f4xx_hal_adc.o(i.ADC_DMAHalfConvCplt)
    i.ADC_Init                               0x08000888   Section        0  stm32f4xx_hal_adc.o(i.ADC_Init)
    ADC_Init                                 0x08000889   Thumb Code   284  stm32f4xx_hal_adc.o(i.ADC_Init)
    i.BusFault_Handler                       0x080009b0   Section        0  stm32f4xx_it.o(i.BusFault_Handler)
    i.DMA2_Stream0_IRQHandler                0x080009b4   Section        0  stm32f4xx_it.o(i.DMA2_Stream0_IRQHandler)
    i.DMA_CalcBaseAndBitshift                0x080009c0   Section        0  stm32f4xx_hal_dma.o(i.DMA_CalcBaseAndBitshift)
    DMA_CalcBaseAndBitshift                  0x080009c1   Thumb Code    34  stm32f4xx_hal_dma.o(i.DMA_CalcBaseAndBitshift)
    i.DMA_CheckFifoParam                     0x080009e8   Section        0  stm32f4xx_hal_dma.o(i.DMA_CheckFifoParam)
    DMA_CheckFifoParam                       0x080009e9   Thumb Code    84  stm32f4xx_hal_dma.o(i.DMA_CheckFifoParam)
    i.DMA_SetConfig                          0x08000a3c   Section        0  stm32f4xx_hal_dma.o(i.DMA_SetConfig)
    DMA_SetConfig                            0x08000a3d   Thumb Code    40  stm32f4xx_hal_dma.o(i.DMA_SetConfig)
    i.DWT_Init                               0x08000a64   Section        0  delay.o(i.DWT_Init)
    i.DebugMon_Handler                       0x08000a8c   Section        0  stm32f4xx_it.o(i.DebugMon_Handler)
    i.Error_Handler                          0x08000a8e   Section        0  main.o(i.Error_Handler)
    i.FSMC_NORSRAM_Extended_Timing_Init      0x08000a94   Section        0  stm32f4xx_ll_fsmc.o(i.FSMC_NORSRAM_Extended_Timing_Init)
    i.FSMC_NORSRAM_Init                      0x08000ad0   Section        0  stm32f4xx_ll_fsmc.o(i.FSMC_NORSRAM_Init)
    i.FSMC_NORSRAM_Timing_Init               0x08000b38   Section        0  stm32f4xx_ll_fsmc.o(i.FSMC_NORSRAM_Timing_Init)
    i.HAL_ADC_ConfigChannel                  0x08000b74   Section        0  stm32f4xx_hal_adc.o(i.HAL_ADC_ConfigChannel)
    i.HAL_ADC_ConvCpltCallback               0x08000cc0   Section        0  bldc_adc.o(i.HAL_ADC_ConvCpltCallback)
    i.HAL_ADC_ConvHalfCpltCallback           0x08000cf8   Section        0  stm32f4xx_hal_adc.o(i.HAL_ADC_ConvHalfCpltCallback)
    i.HAL_ADC_ErrorCallback                  0x08000cfa   Section        0  stm32f4xx_hal_adc.o(i.HAL_ADC_ErrorCallback)
    i.HAL_ADC_Init                           0x08000cfc   Section        0  stm32f4xx_hal_adc.o(i.HAL_ADC_Init)
    i.HAL_ADC_MspInit                        0x08000d50   Section        0  adc.o(i.HAL_ADC_MspInit)
    i.HAL_ADC_Start_DMA                      0x08000e08   Section        0  stm32f4xx_hal_adc.o(i.HAL_ADC_Start_DMA)
    i.HAL_ADC_Stop_DMA                       0x08000f60   Section        0  stm32f4xx_hal_adc.o(i.HAL_ADC_Stop_DMA)
    i.HAL_DMA_Abort                          0x08000fcc   Section        0  stm32f4xx_hal_dma.o(i.HAL_DMA_Abort)
    i.HAL_DMA_IRQHandler                     0x08001060   Section        0  stm32f4xx_hal_dma.o(i.HAL_DMA_IRQHandler)
    i.HAL_DMA_Init                           0x08001200   Section        0  stm32f4xx_hal_dma.o(i.HAL_DMA_Init)
    i.HAL_DMA_Start_IT                       0x080012d4   Section        0  stm32f4xx_hal_dma.o(i.HAL_DMA_Start_IT)
    i.HAL_Delay                              0x08001344   Section        0  stm32f4xx_hal.o(i.HAL_Delay)
    i.HAL_FSMC_MspInit                       0x08001368   Section        0  fsmc.o(i.HAL_FSMC_MspInit)
    HAL_FSMC_MspInit                         0x08001369   Thumb Code   120  fsmc.o(i.HAL_FSMC_MspInit)
    i.HAL_GPIO_Init                          0x080013f4   Section        0  stm32f4xx_hal_gpio.o(i.HAL_GPIO_Init)
    i.HAL_GPIO_ReadPin                       0x080015e4   Section        0  stm32f4xx_hal_gpio.o(i.HAL_GPIO_ReadPin)
    i.HAL_GPIO_TogglePin                     0x080015ee   Section        0  stm32f4xx_hal_gpio.o(i.HAL_GPIO_TogglePin)
    i.HAL_GPIO_WritePin                      0x080015fe   Section        0  stm32f4xx_hal_gpio.o(i.HAL_GPIO_WritePin)
    i.HAL_GetTick                            0x08001608   Section        0  stm32f4xx_hal.o(i.HAL_GetTick)
    i.HAL_IncTick                            0x08001614   Section        0  stm32f4xx_hal.o(i.HAL_IncTick)
    i.HAL_Init                               0x08001624   Section        0  stm32f4xx_hal.o(i.HAL_Init)
    i.HAL_InitTick                           0x08001658   Section        0  stm32f4xx_hal.o(i.HAL_InitTick)
    i.HAL_MspInit                            0x08001698   Section        0  stm32f4xx_hal_msp.o(i.HAL_MspInit)
    i.HAL_NVIC_EnableIRQ                     0x080016c8   Section        0  stm32f4xx_hal_cortex.o(i.HAL_NVIC_EnableIRQ)
    i.HAL_NVIC_SetPriority                   0x080016e4   Section        0  stm32f4xx_hal_cortex.o(i.HAL_NVIC_SetPriority)
    i.HAL_NVIC_SetPriorityGrouping           0x08001724   Section        0  stm32f4xx_hal_cortex.o(i.HAL_NVIC_SetPriorityGrouping)
    i.HAL_RCC_ClockConfig                    0x08001748   Section        0  stm32f4xx_hal_rcc.o(i.HAL_RCC_ClockConfig)
    i.HAL_RCC_GetPCLK1Freq                   0x0800187c   Section        0  stm32f4xx_hal_rcc.o(i.HAL_RCC_GetPCLK1Freq)
    i.HAL_RCC_GetPCLK2Freq                   0x0800189c   Section        0  stm32f4xx_hal_rcc.o(i.HAL_RCC_GetPCLK2Freq)
    i.HAL_RCC_GetSysClockFreq                0x080018bc   Section        0  stm32f4xx_hal_rcc.o(i.HAL_RCC_GetSysClockFreq)
    i.HAL_RCC_OscConfig                      0x0800191c   Section        0  stm32f4xx_hal_rcc.o(i.HAL_RCC_OscConfig)
    i.HAL_SRAM_Init                          0x08001c88   Section        0  stm32f4xx_hal_sram.o(i.HAL_SRAM_Init)
    i.HAL_SRAM_MspInit                       0x08001ce4   Section        0  fsmc.o(i.HAL_SRAM_MspInit)
    i.HAL_SYSTICK_Config                     0x08001ce8   Section        0  stm32f4xx_hal_cortex.o(i.HAL_SYSTICK_Config)
    i.HAL_TIMEx_BreakCallback                0x08001d10   Section        0  stm32f4xx_hal_tim_ex.o(i.HAL_TIMEx_BreakCallback)
    i.HAL_TIMEx_CommutCallback               0x08001d12   Section        0  stm32f4xx_hal_tim_ex.o(i.HAL_TIMEx_CommutCallback)
    i.HAL_TIMEx_ConfigBreakDeadTime          0x08001d14   Section        0  stm32f4xx_hal_tim_ex.o(i.HAL_TIMEx_ConfigBreakDeadTime)
    i.HAL_TIMEx_MasterConfigSynchronization  0x08001d68   Section        0  stm32f4xx_hal_tim_ex.o(i.HAL_TIMEx_MasterConfigSynchronization)
    i.HAL_TIM_Base_Init                      0x08001df8   Section        0  stm32f4xx_hal_tim.o(i.HAL_TIM_Base_Init)
    i.HAL_TIM_Base_MspInit                   0x08001e54   Section        0  tim.o(i.HAL_TIM_Base_MspInit)
    i.HAL_TIM_Base_Start_IT                  0x08001eb4   Section        0  stm32f4xx_hal_tim.o(i.HAL_TIM_Base_Start_IT)
    i.HAL_TIM_ConfigClockSource              0x08001f34   Section        0  stm32f4xx_hal_tim.o(i.HAL_TIM_ConfigClockSource)
    i.HAL_TIM_IC_CaptureCallback             0x08002010   Section        0  stm32f4xx_hal_tim.o(i.HAL_TIM_IC_CaptureCallback)
    i.HAL_TIM_IRQHandler                     0x08002012   Section        0  stm32f4xx_hal_tim.o(i.HAL_TIM_IRQHandler)
    i.HAL_TIM_MspPostInit                    0x08002144   Section        0  tim.o(i.HAL_TIM_MspPostInit)
    i.HAL_TIM_OC_DelayElapsedCallback        0x08002198   Section        0  stm32f4xx_hal_tim.o(i.HAL_TIM_OC_DelayElapsedCallback)
    i.HAL_TIM_PWM_ConfigChannel              0x0800219a   Section        0  stm32f4xx_hal_tim.o(i.HAL_TIM_PWM_ConfigChannel)
    i.HAL_TIM_PWM_Init                       0x08002266   Section        0  stm32f4xx_hal_tim.o(i.HAL_TIM_PWM_Init)
    i.HAL_TIM_PWM_MspInit                    0x080022c0   Section        0  tim.o(i.HAL_TIM_PWM_MspInit)
    i.HAL_TIM_PWM_PulseFinishedCallback      0x080022fc   Section        0  stm32f4xx_hal_tim.o(i.HAL_TIM_PWM_PulseFinishedCallback)
    i.HAL_TIM_PWM_Start                      0x08002300   Section        0  stm32f4xx_hal_tim.o(i.HAL_TIM_PWM_Start)
    i.HAL_TIM_PWM_Stop                       0x080023c8   Section        0  stm32f4xx_hal_tim.o(i.HAL_TIM_PWM_Stop)
    i.HAL_TIM_PeriodElapsedCallback          0x08002444   Section        0  bldc_motor.o(i.HAL_TIM_PeriodElapsedCallback)
    i.HAL_TIM_TriggerCallback                0x08002724   Section        0  stm32f4xx_hal_tim.o(i.HAL_TIM_TriggerCallback)
    i.HAL_UART_Init                          0x08002726   Section        0  stm32f4xx_hal_uart.o(i.HAL_UART_Init)
    i.HAL_UART_MspInit                       0x0800278c   Section        0  usart.o(i.HAL_UART_MspInit)
    i.HAL_UART_Transmit                      0x080027f4   Section        0  stm32f4xx_hal_uart.o(i.HAL_UART_Transmit)
    i.HardFault_Handler                      0x08002894   Section        0  stm32f4xx_it.o(i.HardFault_Handler)
    i.Key_Init                               0x08002898   Section        0  key_led.o(i.Key_Init)
    i.Key_Scan                               0x080028b4   Section        0  key_led.o(i.Key_Scan)
    i.Led_Init                               0x08002940   Section        0  key_led.o(i.Led_Init)
    i.Led_Toggle                             0x0800295c   Section        0  key_led.o(i.Led_Toggle)
    i.MX_ADC1_Init                           0x08002978   Section        0  adc.o(i.MX_ADC1_Init)
    i.MX_DMA_Init                            0x08002a30   Section        0  dma.o(i.MX_DMA_Init)
    i.MX_FSMC_Init                           0x08002a5c   Section        0  fsmc.o(i.MX_FSMC_Init)
    i.MX_GPIO_Init                           0x08002ae8   Section        0  gpio.o(i.MX_GPIO_Init)
    i.MX_TIM1_Init                           0x08002c28   Section        0  tim.o(i.MX_TIM1_Init)
    i.MX_TIM2_Init                           0x08002ce8   Section        0  tim.o(i.MX_TIM2_Init)
    i.MX_TIM6_Init                           0x08002d4c   Section        0  tim.o(i.MX_TIM6_Init)
    i.MX_USART1_UART_Init                    0x08002d90   Section        0  usart.o(i.MX_USART1_UART_Init)
    i.MemManage_Handler                      0x08002dc8   Section        0  stm32f4xx_it.o(i.MemManage_Handler)
    i.NMI_Handler                            0x08002dca   Section        0  stm32f4xx_it.o(i.NMI_Handler)
    i.PendSV_Handler                         0x08002dcc   Section        0  stm32f4xx_it.o(i.PendSV_Handler)
    i.SVC_Handler                            0x08002dce   Section        0  stm32f4xx_it.o(i.SVC_Handler)
    i.SysTick_Handler                        0x08002dd0   Section        0  stm32f4xx_it.o(i.SysTick_Handler)
    i.SystemClock_Config                     0x08002dd4   Section        0  main.o(i.SystemClock_Config)
    i.SystemInit                             0x08002e68   Section        0  system_stm32f4xx.o(i.SystemInit)
    i.TIM1_UP_TIM10_IRQHandler               0x08002e78   Section        0  stm32f4xx_it.o(i.TIM1_UP_TIM10_IRQHandler)
    i.TIM2_IRQHandler                        0x08002e84   Section        0  stm32f4xx_it.o(i.TIM2_IRQHandler)
    i.TIM6_DAC_IRQHandler                    0x08002e90   Section        0  stm32f4xx_it.o(i.TIM6_DAC_IRQHandler)
    i.TIM_Base_SetConfig                     0x08002e9c   Section        0  stm32f4xx_hal_tim.o(i.TIM_Base_SetConfig)
    i.TIM_CCxChannelCmd                      0x08002f6c   Section        0  stm32f4xx_hal_tim.o(i.TIM_CCxChannelCmd)
    i.TIM_ETR_SetConfig                      0x08002f86   Section        0  stm32f4xx_hal_tim.o(i.TIM_ETR_SetConfig)
    i.TIM_ITRx_SetConfig                     0x08002f9a   Section        0  stm32f4xx_hal_tim.o(i.TIM_ITRx_SetConfig)
    TIM_ITRx_SetConfig                       0x08002f9b   Thumb Code    16  stm32f4xx_hal_tim.o(i.TIM_ITRx_SetConfig)
    i.TIM_OC1_SetConfig                      0x08002fac   Section        0  stm32f4xx_hal_tim.o(i.TIM_OC1_SetConfig)
    TIM_OC1_SetConfig                        0x08002fad   Thumb Code    88  stm32f4xx_hal_tim.o(i.TIM_OC1_SetConfig)
    i.TIM_OC2_SetConfig                      0x0800300c   Section        0  stm32f4xx_hal_tim.o(i.TIM_OC2_SetConfig)
    i.TIM_OC3_SetConfig                      0x08003078   Section        0  stm32f4xx_hal_tim.o(i.TIM_OC3_SetConfig)
    TIM_OC3_SetConfig                        0x08003079   Thumb Code    96  stm32f4xx_hal_tim.o(i.TIM_OC3_SetConfig)
    i.TIM_OC4_SetConfig                      0x080030e0   Section        0  stm32f4xx_hal_tim.o(i.TIM_OC4_SetConfig)
    TIM_OC4_SetConfig                        0x080030e1   Thumb Code    70  stm32f4xx_hal_tim.o(i.TIM_OC4_SetConfig)
    i.TIM_TI1_ConfigInputStage               0x08003130   Section        0  stm32f4xx_hal_tim.o(i.TIM_TI1_ConfigInputStage)
    TIM_TI1_ConfigInputStage                 0x08003131   Thumb Code    34  stm32f4xx_hal_tim.o(i.TIM_TI1_ConfigInputStage)
    i.TIM_TI2_ConfigInputStage               0x08003152   Section        0  stm32f4xx_hal_tim.o(i.TIM_TI2_ConfigInputStage)
    TIM_TI2_ConfigInputStage                 0x08003153   Thumb Code    36  stm32f4xx_hal_tim.o(i.TIM_TI2_ConfigInputStage)
    i.UART_EndRxTransfer                     0x08003176   Section        0  stm32f4xx_hal_uart.o(i.UART_EndRxTransfer)
    UART_EndRxTransfer                       0x08003177   Thumb Code    78  stm32f4xx_hal_uart.o(i.UART_EndRxTransfer)
    i.UART_SetConfig                         0x080031c4   Section        0  stm32f4xx_hal_uart.o(i.UART_SetConfig)
    UART_SetConfig                           0x080031c5   Thumb Code   258  stm32f4xx_hal_uart.o(i.UART_SetConfig)
    i.UART_WaitOnFlagUntilTimeout            0x080032d0   Section        0  stm32f4xx_hal_uart.o(i.UART_WaitOnFlagUntilTimeout)
    UART_WaitOnFlagUntilTimeout              0x080032d1   Thumb Code   114  stm32f4xx_hal_uart.o(i.UART_WaitOnFlagUntilTimeout)
    i.UsageFault_Handler                     0x08003342   Section        0  stm32f4xx_it.o(i.UsageFault_Handler)
    i.__0printf                              0x08003344   Section        0  printfa.o(i.__0printf)
    i.__0sprintf                             0x08003364   Section        0  printfa.o(i.__0sprintf)
    i.__NVIC_SetPriority                     0x0800338c   Section        0  stm32f4xx_hal_cortex.o(i.__NVIC_SetPriority)
    __NVIC_SetPriority                       0x0800338d   Thumb Code    32  stm32f4xx_hal_cortex.o(i.__NVIC_SetPriority)
    i.__hardfp_logf                          0x080033ac   Section        0  logf.o(i.__hardfp_logf)
    i.__mathlib_flt_divzero                  0x08003518   Section        0  funder.o(i.__mathlib_flt_divzero)
    i.__mathlib_flt_infnan                   0x0800352c   Section        0  funder.o(i.__mathlib_flt_infnan)
    i.__mathlib_flt_invalid                  0x08003534   Section        0  funder.o(i.__mathlib_flt_invalid)
    i.__scatterload_copy                     0x08003544   Section       14  handlers.o(i.__scatterload_copy)
    i.__scatterload_null                     0x08003552   Section        2  handlers.o(i.__scatterload_null)
    i.__scatterload_zeroinit                 0x08003554   Section       14  handlers.o(i.__scatterload_zeroinit)
    i.__set_errno                            0x08003564   Section        0  errno.o(i.__set_errno)
    i._fp_digits                             0x08003570   Section        0  printfa.o(i._fp_digits)
    _fp_digits                               0x08003571   Thumb Code   366  printfa.o(i._fp_digits)
    i._printf_core                           0x080036f4   Section        0  printfa.o(i._printf_core)
    _printf_core                             0x080036f5   Thumb Code  1704  printfa.o(i._printf_core)
    i._printf_post_padding                   0x08003da8   Section        0  printfa.o(i._printf_post_padding)
    _printf_post_padding                     0x08003da9   Thumb Code    36  printfa.o(i._printf_post_padding)
    i._printf_pre_padding                    0x08003dcc   Section        0  printfa.o(i._printf_pre_padding)
    _printf_pre_padding                      0x08003dcd   Thumb Code    46  printfa.o(i._printf_pre_padding)
    i._sputc                                 0x08003dfa   Section        0  printfa.o(i._sputc)
    _sputc                                   0x08003dfb   Thumb Code    10  printfa.o(i._sputc)
    i.adc_nch_dma_init                       0x08003e04   Section        0  bldc_adc.o(i.adc_nch_dma_init)
    i.calc_adc_val                           0x08003e18   Section        0  bldc_adc.o(i.calc_adc_val)
    i.check_hall_dir                         0x08003e74   Section        0  bldc_motor.o(i.check_hall_dir)
    i.delay_us                               0x08003ecc   Section        0  delay.o(i.delay_us)
    i.fputc                                  0x08003ef8   Section        0  usart.o(i.fputc)
    i.get_temp                               0x08003f10   Section        0  bldc_adc.o(i.get_temp)
    i.hallsensor_get_state                   0x08003f94   Section        0  bldc_motor.o(i.hallsensor_get_state)
    i.increment_pid_ctrl                     0x08003ff4   Section        0  pid.o(i.increment_pid_ctrl)
    i.lcd_clear                              0x08004088   Section        0  lcd.o(i.lcd_clear)
    i.lcd_display_dir                        0x080040b8   Section        0  lcd.o(i.lcd_display_dir)
    i.lcd_draw_point                         0x080041a4   Section        0  lcd.o(i.lcd_draw_point)
    i.lcd_ex_ili9341_reginit                 0x080041bc   Section        0  lcd.o(i.lcd_ex_ili9341_reginit)
    i.lcd_ex_ili9806_reginit                 0x080043ea   Section        0  lcd.o(i.lcd_ex_ili9806_reginit)
    i.lcd_ex_nt35310_reginit                 0x0800472c   Section        0  lcd.o(i.lcd_ex_nt35310_reginit)
    i.lcd_ex_nt35510_reginit                 0x08005620   Section        0  lcd.o(i.lcd_ex_nt35510_reginit)
    i.lcd_ex_ssd1963_reginit                 0x0800651a   Section        0  lcd.o(i.lcd_ex_ssd1963_reginit)
    i.lcd_ex_st7789_reginit                  0x0800668a   Section        0  lcd.o(i.lcd_ex_st7789_reginit)
    i.lcd_ex_st7796_reginit                  0x08006834   Section        0  lcd.o(i.lcd_ex_st7796_reginit)
    i.lcd_init                               0x080069f8   Section        0  lcd.o(i.lcd_init)
    i.lcd_rd_data                            0x08006c0c   Section        0  lcd.o(i.lcd_rd_data)
    lcd_rd_data                              0x08006c0d   Thumb Code    22  lcd.o(i.lcd_rd_data)
    i.lcd_scan_dir                           0x08006c28   Section        0  lcd.o(i.lcd_scan_dir)
    i.lcd_set_cursor                         0x08006dac   Section        0  lcd.o(i.lcd_set_cursor)
    i.lcd_show_char                          0x08006ea0   Section        0  lcd.o(i.lcd_show_char)
    i.lcd_show_string                        0x08006f7c   Section        0  lcd.o(i.lcd_show_string)
    i.lcd_ssd_backlight_set                  0x08006fd4   Section        0  lcd.o(i.lcd_ssd_backlight_set)
    i.lcd_wr_data                            0x08007024   Section        0  lcd.o(i.lcd_wr_data)
    i.lcd_wr_regno                           0x0800703c   Section        0  lcd.o(i.lcd_wr_regno)
    i.lcd_write_ram_prepare                  0x08007054   Section        0  lcd.o(i.lcd_write_ram_prepare)
    i.lcd_write_reg                          0x08007068   Section        0  lcd.o(i.lcd_write_reg)
    i.m1_uhvl                                0x08007078   Section        0  bldc_motor.o(i.m1_uhvl)
    i.m1_uhwl                                0x080070c4   Section        0  bldc_motor.o(i.m1_uhwl)
    i.m1_vhul                                0x08007110   Section        0  bldc_motor.o(i.m1_vhul)
    i.m1_vhwl                                0x0800715c   Section        0  bldc_motor.o(i.m1_vhwl)
    i.m1_whul                                0x080071a8   Section        0  bldc_motor.o(i.m1_whul)
    i.m1_whvl                                0x080071f4   Section        0  bldc_motor.o(i.m1_whvl)
    i.main                                   0x08007240   Section        0  main.o(i.main)
    i.pid_init                               0x08007838   Section        0  pid.o(i.pid_init)
    i.start_motor1                           0x080078a0   Section        0  bldc_motor.o(i.start_motor1)
    i.stop_motor1                            0x080078d0   Section        0  bldc_motor.o(i.stop_motor1)
    i.uemf_edge                              0x0800793c   Section        0  bldc_motor.o(i.uemf_edge)
    .constdata                               0x08007958   Section        8  stm32f4xx_hal_dma.o(.constdata)
    flagBitshiftOffset                       0x08007958   Data           8  stm32f4xx_hal_dma.o(.constdata)
    .constdata                               0x08007960   Section       16  system_stm32f4xx.o(.constdata)
    .constdata                               0x08007970   Section        8  system_stm32f4xx.o(.constdata)
    .constdata                               0x08007978   Section    12160  lcd.o(.constdata)
    .constdata                               0x0800a8f8   Section       64  logf.o(.constdata)
    logahi                                   0x0800a8f8   Data          32  logf.o(.constdata)
    logalo                                   0x0800a918   Data          32  logf.o(.constdata)
    .data                                    0x20000000   Section        4  main.o(.data)
    .data                                    0x20000004   Section        8  fsmc.o(.data)
    FSMC_Initialized                         0x20000004   Data           4  fsmc.o(.data)
    FSMC_DeInitialized                       0x20000008   Data           4  fsmc.o(.data)
    .data                                    0x2000000c   Section       12  stm32f4xx_hal.o(.data)
    .data                                    0x20000018   Section        4  system_stm32f4xx.o(.data)
    .data                                    0x2000001c   Section        4  lcd.o(.data)
    .data                                    0x20000020   Section        4  lcd.o(.data)
    .data                                    0x20000024   Section       96  bldc_motor.o(.data)
    oldval                                   0x20000025   Data           1  bldc_motor.o(.data)
    times_count                              0x20000026   Data           1  bldc_motor.o(.data)
    state                                    0x20000034   Data           4  bldc_motor.o(.data)
    .data                                    0x20000084   Section        4  stdout.o(.data)
    .data                                    0x20000088   Section        4  errno.o(.data)
    _errno                                   0x20000088   Data           4  errno.o(.data)
    .bss                                     0x2000008c   Section      168  adc.o(.bss)
    .bss                                     0x20000134   Section       80  fsmc.o(.bss)
    .bss                                     0x20000184   Section      216  tim.o(.bss)
    .bss                                     0x2000025c   Section       72  usart.o(.bss)
    .bss                                     0x200002a4   Section       14  lcd.o(.bss)
    .bss                                     0x200002b2   Section      316  bldc_motor.o(.bss)
    .bss                                     0x200003ee   Section      510  bldc_adc.o(.bss)
    .bss                                     0x200005ec   Section       52  pid.o(.bss)
    STACK                                    0x20000620   Section     1024  startup_stm32f407xx.o(STACK)

    Global Symbols

    Symbol Name                              Value     Ov Type        Size  Object(Section)

    BuildAttributes$$THM_ISAv4$E$P$D$K$B$S$7EM$VFPi3$EXTD16$VFPS$VFMA$PE$A:L22UL41UL21$X:L11$S22US41US21$IEEE1$IW$USESV6$~STKCKD$USESV7$~SHL$OTIME$ROPI$IEEEX$EBA8$MICROLIB$REQ8$PRES8$EABIv2 0x00000000   Number         0  anon$$obj.o ABSOLUTE
    __ARM_use_no_argv                        0x00000000   Number         0  main.o ABSOLUTE
    _printf_a                                0x00000000   Number         0  stubs.o ABSOLUTE
    _printf_c                                0x00000000   Number         0  stubs.o ABSOLUTE
    _printf_charcount                        0x00000000   Number         0  stubs.o ABSOLUTE
    _printf_d                                0x00000000   Number         0  stubs.o ABSOLUTE
    _printf_e                                0x00000000   Number         0  stubs.o ABSOLUTE
    _printf_f                                0x00000000   Number         0  stubs.o ABSOLUTE
    _printf_flags                            0x00000000   Number         0  stubs.o ABSOLUTE
    _printf_fp_dec                           0x00000000   Number         0  stubs.o ABSOLUTE
    _printf_fp_hex                           0x00000000   Number         0  stubs.o ABSOLUTE
    _printf_g                                0x00000000   Number         0  stubs.o ABSOLUTE
    _printf_i                                0x00000000   Number         0  stubs.o ABSOLUTE
    _printf_int_dec                          0x00000000   Number         0  stubs.o ABSOLUTE
    _printf_l                                0x00000000   Number         0  stubs.o ABSOLUTE
    _printf_lc                               0x00000000   Number         0  stubs.o ABSOLUTE
    _printf_ll                               0x00000000   Number         0  stubs.o ABSOLUTE
    _printf_lld                              0x00000000   Number         0  stubs.o ABSOLUTE
    _printf_lli                              0x00000000   Number         0  stubs.o ABSOLUTE
    _printf_llo                              0x00000000   Number         0  stubs.o ABSOLUTE
    _printf_llu                              0x00000000   Number         0  stubs.o ABSOLUTE
    _printf_llx                              0x00000000   Number         0  stubs.o ABSOLUTE
    _printf_longlong_dec                     0x00000000   Number         0  stubs.o ABSOLUTE
    _printf_longlong_hex                     0x00000000   Number         0  stubs.o ABSOLUTE
    _printf_longlong_oct                     0x00000000   Number         0  stubs.o ABSOLUTE
    _printf_ls                               0x00000000   Number         0  stubs.o ABSOLUTE
    _printf_mbtowc                           0x00000000   Number         0  stubs.o ABSOLUTE
    _printf_n                                0x00000000   Number         0  stubs.o ABSOLUTE
    _printf_o                                0x00000000   Number         0  stubs.o ABSOLUTE
    _printf_p                                0x00000000   Number         0  stubs.o ABSOLUTE
    _printf_percent                          0x00000000   Number         0  stubs.o ABSOLUTE
    _printf_pre_padding                      0x00000000   Number         0  stubs.o ABSOLUTE
    _printf_return_value                     0x00000000   Number         0  stubs.o ABSOLUTE
    _printf_s                                0x00000000   Number         0  stubs.o ABSOLUTE
    _printf_sizespec                         0x00000000   Number         0  stubs.o ABSOLUTE
    _printf_str                              0x00000000   Number         0  stubs.o ABSOLUTE
    _printf_truncate_signed                  0x00000000   Number         0  stubs.o ABSOLUTE
    _printf_truncate_unsigned                0x00000000   Number         0  stubs.o ABSOLUTE
    _printf_u                                0x00000000   Number         0  stubs.o ABSOLUTE
    _printf_wc                               0x00000000   Number         0  stubs.o ABSOLUTE
    _printf_wctomb                           0x00000000   Number         0  stubs.o ABSOLUTE
    _printf_widthprec                        0x00000000   Number         0  stubs.o ABSOLUTE
    _printf_x                                0x00000000   Number         0  stubs.o ABSOLUTE
    __arm_fini_                               - Undefined Weak Reference
    __cpp_initialize__aeabi_                  - Undefined Weak Reference
    __cxa_finalize                            - Undefined Weak Reference
    __decompress                              - Undefined Weak Reference
    _clock_init                               - Undefined Weak Reference
    _microlib_exit                            - Undefined Weak Reference
    __Vectors_Size                           0x00000188   Number         0  startup_stm32f407xx.o ABSOLUTE
    __Vectors                                0x08000000   Data           4  startup_stm32f407xx.o(RESET)
    __Vectors_End                            0x08000188   Data           0  startup_stm32f407xx.o(RESET)
    __main                                   0x08000189   Thumb Code     0  entry.o(.ARM.Collect$$$$00000000)
    _main_stk                                0x08000189   Thumb Code     0  entry2.o(.ARM.Collect$$$$00000001)
    _main_scatterload                        0x0800018d   Thumb Code     0  entry5.o(.ARM.Collect$$$$00000004)
    __main_after_scatterload                 0x08000191   Thumb Code     0  entry5.o(.ARM.Collect$$$$00000004)
    _main_clock                              0x08000191   Thumb Code     0  entry7b.o(.ARM.Collect$$$$00000008)
    _main_cpp_init                           0x08000191   Thumb Code     0  entry8b.o(.ARM.Collect$$$$0000000A)
    _main_init                               0x08000191   Thumb Code     0  entry9a.o(.ARM.Collect$$$$0000000B)
    __rt_lib_shutdown_fini                   0x08000199   Thumb Code     0  entry12b.o(.ARM.Collect$$$$0000000E)
    __rt_final_cpp                           0x0800019d   Thumb Code     0  entry10a.o(.ARM.Collect$$$$0000000F)
    __rt_final_exit                          0x0800019d   Thumb Code     0  entry11a.o(.ARM.Collect$$$$00000011)
    Reset_Handler                            0x080001a1   Thumb Code     8  startup_stm32f407xx.o(.text)
    ADC_IRQHandler                           0x080001bb   Thumb Code     0  startup_stm32f407xx.o(.text)
    CAN1_RX0_IRQHandler                      0x080001bb   Thumb Code     0  startup_stm32f407xx.o(.text)
    CAN1_RX1_IRQHandler                      0x080001bb   Thumb Code     0  startup_stm32f407xx.o(.text)
    CAN1_SCE_IRQHandler                      0x080001bb   Thumb Code     0  startup_stm32f407xx.o(.text)
    CAN1_TX_IRQHandler                       0x080001bb   Thumb Code     0  startup_stm32f407xx.o(.text)
    CAN2_RX0_IRQHandler                      0x080001bb   Thumb Code     0  startup_stm32f407xx.o(.text)
    CAN2_RX1_IRQHandler                      0x080001bb   Thumb Code     0  startup_stm32f407xx.o(.text)
    CAN2_SCE_IRQHandler                      0x080001bb   Thumb Code     0  startup_stm32f407xx.o(.text)
    CAN2_TX_IRQHandler                       0x080001bb   Thumb Code     0  startup_stm32f407xx.o(.text)
    DCMI_IRQHandler                          0x080001bb   Thumb Code     0  startup_stm32f407xx.o(.text)
    DMA1_Stream0_IRQHandler                  0x080001bb   Thumb Code     0  startup_stm32f407xx.o(.text)
    DMA1_Stream1_IRQHandler                  0x080001bb   Thumb Code     0  startup_stm32f407xx.o(.text)
    DMA1_Stream2_IRQHandler                  0x080001bb   Thumb Code     0  startup_stm32f407xx.o(.text)
    DMA1_Stream3_IRQHandler                  0x080001bb   Thumb Code     0  startup_stm32f407xx.o(.text)
    DMA1_Stream4_IRQHandler                  0x080001bb   Thumb Code     0  startup_stm32f407xx.o(.text)
    DMA1_Stream5_IRQHandler                  0x080001bb   Thumb Code     0  startup_stm32f407xx.o(.text)
    DMA1_Stream6_IRQHandler                  0x080001bb   Thumb Code     0  startup_stm32f407xx.o(.text)
    DMA1_Stream7_IRQHandler                  0x080001bb   Thumb Code     0  startup_stm32f407xx.o(.text)
    DMA2_Stream1_IRQHandler                  0x080001bb   Thumb Code     0  startup_stm32f407xx.o(.text)
    DMA2_Stream2_IRQHandler                  0x080001bb   Thumb Code     0  startup_stm32f407xx.o(.text)
    DMA2_Stream3_IRQHandler                  0x080001bb   Thumb Code     0  startup_stm32f407xx.o(.text)
    DMA2_Stream4_IRQHandler                  0x080001bb   Thumb Code     0  startup_stm32f407xx.o(.text)
    DMA2_Stream5_IRQHandler                  0x080001bb   Thumb Code     0  startup_stm32f407xx.o(.text)
    DMA2_Stream6_IRQHandler                  0x080001bb   Thumb Code     0  startup_stm32f407xx.o(.text)
    DMA2_Stream7_IRQHandler                  0x080001bb   Thumb Code     0  startup_stm32f407xx.o(.text)
    ETH_IRQHandler                           0x080001bb   Thumb Code     0  startup_stm32f407xx.o(.text)
    ETH_WKUP_IRQHandler                      0x080001bb   Thumb Code     0  startup_stm32f407xx.o(.text)
    EXTI0_IRQHandler                         0x080001bb   Thumb Code     0  startup_stm32f407xx.o(.text)
    EXTI15_10_IRQHandler                     0x080001bb   Thumb Code     0  startup_stm32f407xx.o(.text)
    EXTI1_IRQHandler                         0x080001bb   Thumb Code     0  startup_stm32f407xx.o(.text)
    EXTI2_IRQHandler                         0x080001bb   Thumb Code     0  startup_stm32f407xx.o(.text)
    EXTI3_IRQHandler                         0x080001bb   Thumb Code     0  startup_stm32f407xx.o(.text)
    EXTI4_IRQHandler                         0x080001bb   Thumb Code     0  startup_stm32f407xx.o(.text)
    EXTI9_5_IRQHandler                       0x080001bb   Thumb Code     0  startup_stm32f407xx.o(.text)
    FLASH_IRQHandler                         0x080001bb   Thumb Code     0  startup_stm32f407xx.o(.text)
    FMC_IRQHandler                           0x080001bb   Thumb Code     0  startup_stm32f407xx.o(.text)
    FPU_IRQHandler                           0x080001bb   Thumb Code     0  startup_stm32f407xx.o(.text)
    HASH_RNG_IRQHandler                      0x080001bb   Thumb Code     0  startup_stm32f407xx.o(.text)
    I2C1_ER_IRQHandler                       0x080001bb   Thumb Code     0  startup_stm32f407xx.o(.text)
    I2C1_EV_IRQHandler                       0x080001bb   Thumb Code     0  startup_stm32f407xx.o(.text)
    I2C2_ER_IRQHandler                       0x080001bb   Thumb Code     0  startup_stm32f407xx.o(.text)
    I2C2_EV_IRQHandler                       0x080001bb   Thumb Code     0  startup_stm32f407xx.o(.text)
    I2C3_ER_IRQHandler                       0x080001bb   Thumb Code     0  startup_stm32f407xx.o(.text)
    I2C3_EV_IRQHandler                       0x080001bb   Thumb Code     0  startup_stm32f407xx.o(.text)
    OTG_FS_IRQHandler                        0x080001bb   Thumb Code     0  startup_stm32f407xx.o(.text)
    OTG_FS_WKUP_IRQHandler                   0x080001bb   Thumb Code     0  startup_stm32f407xx.o(.text)
    OTG_HS_EP1_IN_IRQHandler                 0x080001bb   Thumb Code     0  startup_stm32f407xx.o(.text)
    OTG_HS_EP1_OUT_IRQHandler                0x080001bb   Thumb Code     0  startup_stm32f407xx.o(.text)
    OTG_HS_IRQHandler                        0x080001bb   Thumb Code     0  startup_stm32f407xx.o(.text)
    OTG_HS_WKUP_IRQHandler                   0x080001bb   Thumb Code     0  startup_stm32f407xx.o(.text)
    PVD_IRQHandler                           0x080001bb   Thumb Code     0  startup_stm32f407xx.o(.text)
    RCC_IRQHandler                           0x080001bb   Thumb Code     0  startup_stm32f407xx.o(.text)
    RTC_Alarm_IRQHandler                     0x080001bb   Thumb Code     0  startup_stm32f407xx.o(.text)
    RTC_WKUP_IRQHandler                      0x080001bb   Thumb Code     0  startup_stm32f407xx.o(.text)
    SDIO_IRQHandler                          0x080001bb   Thumb Code     0  startup_stm32f407xx.o(.text)
    SPI1_IRQHandler                          0x080001bb   Thumb Code     0  startup_stm32f407xx.o(.text)
    SPI2_IRQHandler                          0x080001bb   Thumb Code     0  startup_stm32f407xx.o(.text)
    SPI3_IRQHandler                          0x080001bb   Thumb Code     0  startup_stm32f407xx.o(.text)
    TAMP_STAMP_IRQHandler                    0x080001bb   Thumb Code     0  startup_stm32f407xx.o(.text)
    TIM1_BRK_TIM9_IRQHandler                 0x080001bb   Thumb Code     0  startup_stm32f407xx.o(.text)
    TIM1_CC_IRQHandler                       0x080001bb   Thumb Code     0  startup_stm32f407xx.o(.text)
    TIM1_TRG_COM_TIM11_IRQHandler            0x080001bb   Thumb Code     0  startup_stm32f407xx.o(.text)
    TIM3_IRQHandler                          0x080001bb   Thumb Code     0  startup_stm32f407xx.o(.text)
    TIM4_IRQHandler                          0x080001bb   Thumb Code     0  startup_stm32f407xx.o(.text)
    TIM5_IRQHandler                          0x080001bb   Thumb Code     0  startup_stm32f407xx.o(.text)
    TIM7_IRQHandler                          0x080001bb   Thumb Code     0  startup_stm32f407xx.o(.text)
    TIM8_BRK_TIM12_IRQHandler                0x080001bb   Thumb Code     0  startup_stm32f407xx.o(.text)
    TIM8_CC_IRQHandler                       0x080001bb   Thumb Code     0  startup_stm32f407xx.o(.text)
    TIM8_TRG_COM_TIM14_IRQHandler            0x080001bb   Thumb Code     0  startup_stm32f407xx.o(.text)
    TIM8_UP_TIM13_IRQHandler                 0x080001bb   Thumb Code     0  startup_stm32f407xx.o(.text)
    UART4_IRQHandler                         0x080001bb   Thumb Code     0  startup_stm32f407xx.o(.text)
    UART5_IRQHandler                         0x080001bb   Thumb Code     0  startup_stm32f407xx.o(.text)
    USART1_IRQHandler                        0x080001bb   Thumb Code     0  startup_stm32f407xx.o(.text)
    USART2_IRQHandler                        0x080001bb   Thumb Code     0  startup_stm32f407xx.o(.text)
    USART3_IRQHandler                        0x080001bb   Thumb Code     0  startup_stm32f407xx.o(.text)
    USART6_IRQHandler                        0x080001bb   Thumb Code     0  startup_stm32f407xx.o(.text)
    WWDG_IRQHandler                          0x080001bb   Thumb Code     0  startup_stm32f407xx.o(.text)
    __aeabi_uldivmod                         0x080001c5   Thumb Code    98  uldiv.o(.text)
    __aeabi_memset                           0x08000227   Thumb Code    14  memseta.o(.text)
    __aeabi_memset4                          0x08000227   Thumb Code     0  memseta.o(.text)
    __aeabi_memset8                          0x08000227   Thumb Code     0  memseta.o(.text)
    __aeabi_memclr                           0x08000235   Thumb Code     4  memseta.o(.text)
    __aeabi_memclr4                          0x08000235   Thumb Code     0  memseta.o(.text)
    __aeabi_memclr8                          0x08000235   Thumb Code     0  memseta.o(.text)
    _memset$wrapper                          0x08000239   Thumb Code    18  memseta.o(.text)
    __aeabi_dadd                             0x0800024b   Thumb Code   322  dadd.o(.text)
    __aeabi_dsub                             0x0800038d   Thumb Code     6  dadd.o(.text)
    __aeabi_drsub                            0x08000393   Thumb Code     6  dadd.o(.text)
    __aeabi_dmul                             0x08000399   Thumb Code   228  dmul.o(.text)
    __aeabi_i2d                              0x0800047d   Thumb Code    34  dflti.o(.text)
    __aeabi_ui2d                             0x0800049f   Thumb Code    26  dfltui.o(.text)
    __aeabi_d2iz                             0x080004b9   Thumb Code    62  dfixi.o(.text)
    __aeabi_d2uiz                            0x080004f7   Thumb Code    50  dfixui.o(.text)
    __aeabi_f2d                              0x08000529   Thumb Code    38  f2d.o(.text)
    __aeabi_uidiv                            0x0800054f   Thumb Code     0  uidiv.o(.text)
    __aeabi_uidivmod                         0x0800054f   Thumb Code    44  uidiv.o(.text)
    __aeabi_llsl                             0x0800057b   Thumb Code    30  llshl.o(.text)
    _ll_shift_l                              0x0800057b   Thumb Code     0  llshl.o(.text)
    __aeabi_llsr                             0x08000599   Thumb Code    32  llushr.o(.text)
    _ll_ushift_r                             0x08000599   Thumb Code     0  llushr.o(.text)
    __aeabi_lasr                             0x080005b9   Thumb Code    36  llsshr.o(.text)
    _ll_sshift_r                             0x080005b9   Thumb Code     0  llsshr.o(.text)
    __I$use$fp                               0x080005dd   Thumb Code     0  iusefp.o(.text)
    _double_round                            0x080005dd   Thumb Code    30  depilogue.o(.text)
    _double_epilogue                         0x080005fb   Thumb Code   156  depilogue.o(.text)
    __aeabi_ddiv                             0x08000697   Thumb Code   222  ddiv.o(.text)
    __aeabi_d2ulz                            0x08000775   Thumb Code    48  dfixul.o(.text)
    __aeabi_cdrcmple                         0x080007a5   Thumb Code    48  cdrcmple.o(.text)
    __scatterload                            0x080007d5   Thumb Code    28  init.o(.text)
    __scatterload_rt2                        0x080007d5   Thumb Code     0  init.o(.text)
    BusFault_Handler                         0x080009b1   Thumb Code     2  stm32f4xx_it.o(i.BusFault_Handler)
    DMA2_Stream0_IRQHandler                  0x080009b5   Thumb Code     6  stm32f4xx_it.o(i.DMA2_Stream0_IRQHandler)
    DWT_Init                                 0x08000a65   Thumb Code    32  delay.o(i.DWT_Init)
    DebugMon_Handler                         0x08000a8d   Thumb Code     2  stm32f4xx_it.o(i.DebugMon_Handler)
    Error_Handler                            0x08000a8f   Thumb Code     4  main.o(i.Error_Handler)
    FSMC_NORSRAM_Extended_Timing_Init        0x08000a95   Thumb Code    56  stm32f4xx_ll_fsmc.o(i.FSMC_NORSRAM_Extended_Timing_Init)
    FSMC_NORSRAM_Init                        0x08000ad1   Thumb Code    98  stm32f4xx_ll_fsmc.o(i.FSMC_NORSRAM_Init)
    FSMC_NORSRAM_Timing_Init                 0x08000b39   Thumb Code    56  stm32f4xx_ll_fsmc.o(i.FSMC_NORSRAM_Timing_Init)
    HAL_ADC_ConfigChannel                    0x08000b75   Thumb Code   316  stm32f4xx_hal_adc.o(i.HAL_ADC_ConfigChannel)
    HAL_ADC_ConvCpltCallback                 0x08000cc1   Thumb Code    38  bldc_adc.o(i.HAL_ADC_ConvCpltCallback)
    HAL_ADC_ConvHalfCpltCallback             0x08000cf9   Thumb Code     2  stm32f4xx_hal_adc.o(i.HAL_ADC_ConvHalfCpltCallback)
    HAL_ADC_ErrorCallback                    0x08000cfb   Thumb Code     2  stm32f4xx_hal_adc.o(i.HAL_ADC_ErrorCallback)
    HAL_ADC_Init                             0x08000cfd   Thumb Code    84  stm32f4xx_hal_adc.o(i.HAL_ADC_Init)
    HAL_ADC_MspInit                          0x08000d51   Thumb Code   158  adc.o(i.HAL_ADC_MspInit)
    HAL_ADC_Start_DMA                        0x08000e09   Thumb Code   306  stm32f4xx_hal_adc.o(i.HAL_ADC_Start_DMA)
    HAL_ADC_Stop_DMA                         0x08000f61   Thumb Code   108  stm32f4xx_hal_adc.o(i.HAL_ADC_Stop_DMA)
    HAL_DMA_Abort                            0x08000fcd   Thumb Code   146  stm32f4xx_hal_dma.o(i.HAL_DMA_Abort)
    HAL_DMA_IRQHandler                       0x08001061   Thumb Code   412  stm32f4xx_hal_dma.o(i.HAL_DMA_IRQHandler)
    HAL_DMA_Init                             0x08001201   Thumb Code   206  stm32f4xx_hal_dma.o(i.HAL_DMA_Init)
    HAL_DMA_Start_IT                         0x080012d5   Thumb Code   110  stm32f4xx_hal_dma.o(i.HAL_DMA_Start_IT)
    HAL_Delay                                0x08001345   Thumb Code    32  stm32f4xx_hal.o(i.HAL_Delay)
    HAL_GPIO_Init                            0x080013f5   Thumb Code   450  stm32f4xx_hal_gpio.o(i.HAL_GPIO_Init)
    HAL_GPIO_ReadPin                         0x080015e5   Thumb Code    10  stm32f4xx_hal_gpio.o(i.HAL_GPIO_ReadPin)
    HAL_GPIO_TogglePin                       0x080015ef   Thumb Code    16  stm32f4xx_hal_gpio.o(i.HAL_GPIO_TogglePin)
    HAL_GPIO_WritePin                        0x080015ff   Thumb Code    10  stm32f4xx_hal_gpio.o(i.HAL_GPIO_WritePin)
    HAL_GetTick                              0x08001609   Thumb Code     6  stm32f4xx_hal.o(i.HAL_GetTick)
    HAL_IncTick                              0x08001615   Thumb Code    12  stm32f4xx_hal.o(i.HAL_IncTick)
    HAL_Init                                 0x08001625   Thumb Code    48  stm32f4xx_hal.o(i.HAL_Init)
    HAL_InitTick                             0x08001659   Thumb Code    54  stm32f4xx_hal.o(i.HAL_InitTick)
    HAL_MspInit                              0x08001699   Thumb Code    42  stm32f4xx_hal_msp.o(i.HAL_MspInit)
    HAL_NVIC_EnableIRQ                       0x080016c9   Thumb Code    26  stm32f4xx_hal_cortex.o(i.HAL_NVIC_EnableIRQ)
    HAL_NVIC_SetPriority                     0x080016e5   Thumb Code    60  stm32f4xx_hal_cortex.o(i.HAL_NVIC_SetPriority)
    HAL_NVIC_SetPriorityGrouping             0x08001725   Thumb Code    26  stm32f4xx_hal_cortex.o(i.HAL_NVIC_SetPriorityGrouping)
    HAL_RCC_ClockConfig                      0x08001749   Thumb Code   288  stm32f4xx_hal_rcc.o(i.HAL_RCC_ClockConfig)
    HAL_RCC_GetPCLK1Freq                     0x0800187d   Thumb Code    20  stm32f4xx_hal_rcc.o(i.HAL_RCC_GetPCLK1Freq)
    HAL_RCC_GetPCLK2Freq                     0x0800189d   Thumb Code    20  stm32f4xx_hal_rcc.o(i.HAL_RCC_GetPCLK2Freq)
    HAL_RCC_GetSysClockFreq                  0x080018bd   Thumb Code    88  stm32f4xx_hal_rcc.o(i.HAL_RCC_GetSysClockFreq)
    HAL_RCC_OscConfig                        0x0800191d   Thumb Code   856  stm32f4xx_hal_rcc.o(i.HAL_RCC_OscConfig)
    HAL_SRAM_Init                            0x08001c89   Thumb Code    92  stm32f4xx_hal_sram.o(i.HAL_SRAM_Init)
    HAL_SRAM_MspInit                         0x08001ce5   Thumb Code     4  fsmc.o(i.HAL_SRAM_MspInit)
    HAL_SYSTICK_Config                       0x08001ce9   Thumb Code    40  stm32f4xx_hal_cortex.o(i.HAL_SYSTICK_Config)
    HAL_TIMEx_BreakCallback                  0x08001d11   Thumb Code     2  stm32f4xx_hal_tim_ex.o(i.HAL_TIMEx_BreakCallback)
    HAL_TIMEx_CommutCallback                 0x08001d13   Thumb Code     2  stm32f4xx_hal_tim_ex.o(i.HAL_TIMEx_CommutCallback)
    HAL_TIMEx_ConfigBreakDeadTime            0x08001d15   Thumb Code    84  stm32f4xx_hal_tim_ex.o(i.HAL_TIMEx_ConfigBreakDeadTime)
    HAL_TIMEx_MasterConfigSynchronization    0x08001d69   Thumb Code   116  stm32f4xx_hal_tim_ex.o(i.HAL_TIMEx_MasterConfigSynchronization)
    HAL_TIM_Base_Init                        0x08001df9   Thumb Code    90  stm32f4xx_hal_tim.o(i.HAL_TIM_Base_Init)
    HAL_TIM_Base_MspInit                     0x08001e55   Thumb Code    86  tim.o(i.HAL_TIM_Base_MspInit)
    HAL_TIM_Base_Start_IT                    0x08001eb5   Thumb Code   100  stm32f4xx_hal_tim.o(i.HAL_TIM_Base_Start_IT)
    HAL_TIM_ConfigClockSource                0x08001f35   Thumb Code   220  stm32f4xx_hal_tim.o(i.HAL_TIM_ConfigClockSource)
    HAL_TIM_IC_CaptureCallback               0x08002011   Thumb Code     2  stm32f4xx_hal_tim.o(i.HAL_TIM_IC_CaptureCallback)
    HAL_TIM_IRQHandler                       0x08002013   Thumb Code   304  stm32f4xx_hal_tim.o(i.HAL_TIM_IRQHandler)
    HAL_TIM_MspPostInit                      0x08002145   Thumb Code    72  tim.o(i.HAL_TIM_MspPostInit)
    HAL_TIM_OC_DelayElapsedCallback          0x08002199   Thumb Code     2  stm32f4xx_hal_tim.o(i.HAL_TIM_OC_DelayElapsedCallback)
    HAL_TIM_PWM_ConfigChannel                0x0800219b   Thumb Code   204  stm32f4xx_hal_tim.o(i.HAL_TIM_PWM_ConfigChannel)
    HAL_TIM_PWM_Init                         0x08002267   Thumb Code    90  stm32f4xx_hal_tim.o(i.HAL_TIM_PWM_Init)
    HAL_TIM_PWM_MspInit                      0x080022c1   Thumb Code    50  tim.o(i.HAL_TIM_PWM_MspInit)
    HAL_TIM_PWM_PulseFinishedCallback        0x080022fd   Thumb Code     2  stm32f4xx_hal_tim.o(i.HAL_TIM_PWM_PulseFinishedCallback)
    HAL_TIM_PWM_Start                        0x08002301   Thumb Code   172  stm32f4xx_hal_tim.o(i.HAL_TIM_PWM_Start)
    HAL_TIM_PWM_Stop                         0x080023c9   Thumb Code   114  stm32f4xx_hal_tim.o(i.HAL_TIM_PWM_Stop)
    HAL_TIM_PeriodElapsedCallback            0x08002445   Thumb Code   674  bldc_motor.o(i.HAL_TIM_PeriodElapsedCallback)
    HAL_TIM_TriggerCallback                  0x08002725   Thumb Code     2  stm32f4xx_hal_tim.o(i.HAL_TIM_TriggerCallback)
    HAL_UART_Init                            0x08002727   Thumb Code   100  stm32f4xx_hal_uart.o(i.HAL_UART_Init)
    HAL_UART_MspInit                         0x0800278d   Thumb Code    92  usart.o(i.HAL_UART_MspInit)
    HAL_UART_Transmit                        0x080027f5   Thumb Code   160  stm32f4xx_hal_uart.o(i.HAL_UART_Transmit)
    HardFault_Handler                        0x08002895   Thumb Code     2  stm32f4xx_it.o(i.HardFault_Handler)
    Key_Init                                 0x08002899   Thumb Code    22  key_led.o(i.Key_Init)
    Key_Scan                                 0x080028b5   Thumb Code   136  key_led.o(i.Key_Scan)
    Led_Init                                 0x08002941   Thumb Code    22  key_led.o(i.Led_Init)
    Led_Toggle                               0x0800295d   Thumb Code    22  key_led.o(i.Led_Toggle)
    MX_ADC1_Init                             0x08002979   Thumb Code   170  adc.o(i.MX_ADC1_Init)
    MX_DMA_Init                              0x08002a31   Thumb Code    40  dma.o(i.MX_DMA_Init)
    MX_FSMC_Init                             0x08002a5d   Thumb Code   132  fsmc.o(i.MX_FSMC_Init)
    MX_GPIO_Init                             0x08002ae9   Thumb Code   298  gpio.o(i.MX_GPIO_Init)
    MX_TIM1_Init                             0x08002c29   Thumb Code   184  tim.o(i.MX_TIM1_Init)
    MX_TIM2_Init                             0x08002ce9   Thumb Code    96  tim.o(i.MX_TIM2_Init)
    MX_TIM6_Init                             0x08002d4d   Thumb Code    60  tim.o(i.MX_TIM6_Init)
    MX_USART1_UART_Init                      0x08002d91   Thumb Code    48  usart.o(i.MX_USART1_UART_Init)
    MemManage_Handler                        0x08002dc9   Thumb Code     2  stm32f4xx_it.o(i.MemManage_Handler)
    NMI_Handler                              0x08002dcb   Thumb Code     2  stm32f4xx_it.o(i.NMI_Handler)
    PendSV_Handler                           0x08002dcd   Thumb Code     2  stm32f4xx_it.o(i.PendSV_Handler)
    SVC_Handler                              0x08002dcf   Thumb Code     2  stm32f4xx_it.o(i.SVC_Handler)
    SysTick_Handler                          0x08002dd1   Thumb Code     4  stm32f4xx_it.o(i.SysTick_Handler)
    SystemClock_Config                       0x08002dd5   Thumb Code   140  main.o(i.SystemClock_Config)
    SystemInit                               0x08002e69   Thumb Code    12  system_stm32f4xx.o(i.SystemInit)
    TIM1_UP_TIM10_IRQHandler                 0x08002e79   Thumb Code     6  stm32f4xx_it.o(i.TIM1_UP_TIM10_IRQHandler)
    TIM2_IRQHandler                          0x08002e85   Thumb Code     6  stm32f4xx_it.o(i.TIM2_IRQHandler)
    TIM6_DAC_IRQHandler                      0x08002e91   Thumb Code     6  stm32f4xx_it.o(i.TIM6_DAC_IRQHandler)
    TIM_Base_SetConfig                       0x08002e9d   Thumb Code   164  stm32f4xx_hal_tim.o(i.TIM_Base_SetConfig)
    TIM_CCxChannelCmd                        0x08002f6d   Thumb Code    26  stm32f4xx_hal_tim.o(i.TIM_CCxChannelCmd)
    TIM_ETR_SetConfig                        0x08002f87   Thumb Code    20  stm32f4xx_hal_tim.o(i.TIM_ETR_SetConfig)
    TIM_OC2_SetConfig                        0x0800300d   Thumb Code    98  stm32f4xx_hal_tim.o(i.TIM_OC2_SetConfig)
    UsageFault_Handler                       0x08003343   Thumb Code     2  stm32f4xx_it.o(i.UsageFault_Handler)
    __0printf                                0x08003345   Thumb Code    22  printfa.o(i.__0printf)
    __1printf                                0x08003345   Thumb Code     0  printfa.o(i.__0printf)
    __2printf                                0x08003345   Thumb Code     0  printfa.o(i.__0printf)
    __c89printf                              0x08003345   Thumb Code     0  printfa.o(i.__0printf)
    printf                                   0x08003345   Thumb Code     0  printfa.o(i.__0printf)
    __0sprintf                               0x08003365   Thumb Code    34  printfa.o(i.__0sprintf)
    __1sprintf                               0x08003365   Thumb Code     0  printfa.o(i.__0sprintf)
    __2sprintf                               0x08003365   Thumb Code     0  printfa.o(i.__0sprintf)
    __c89sprintf                             0x08003365   Thumb Code     0  printfa.o(i.__0sprintf)
    sprintf                                  0x08003365   Thumb Code     0  printfa.o(i.__0sprintf)
    __hardfp_logf                            0x080033ad   Thumb Code   320  logf.o(i.__hardfp_logf)
    __mathlib_logf                           0x080033ad   Thumb Code     0  logf.o(i.__hardfp_logf)
    __mathlib_flt_divzero                    0x08003519   Thumb Code    14  funder.o(i.__mathlib_flt_divzero)
    __mathlib_flt_infnan                     0x0800352d   Thumb Code     6  funder.o(i.__mathlib_flt_infnan)
    __mathlib_flt_invalid                    0x08003535   Thumb Code    10  funder.o(i.__mathlib_flt_invalid)
    __scatterload_copy                       0x08003545   Thumb Code    14  handlers.o(i.__scatterload_copy)
    __scatterload_null                       0x08003553   Thumb Code     2  handlers.o(i.__scatterload_null)
    __scatterload_zeroinit                   0x08003555   Thumb Code    14  handlers.o(i.__scatterload_zeroinit)
    __set_errno                              0x08003565   Thumb Code     6  errno.o(i.__set_errno)
    adc_nch_dma_init                         0x08003e05   Thumb Code    10  bldc_adc.o(i.adc_nch_dma_init)
    calc_adc_val                             0x08003e19   Thumb Code    86  bldc_adc.o(i.calc_adc_val)
    check_hall_dir                           0x08003e75   Thumb Code    86  bldc_motor.o(i.check_hall_dir)
    delay_us                                 0x08003ecd   Thumb Code    32  delay.o(i.delay_us)
    fputc                                    0x08003ef9   Thumb Code    20  usart.o(i.fputc)
    get_temp                                 0x08003f11   Thumb Code   102  bldc_adc.o(i.get_temp)
    hallsensor_get_state                     0x08003f95   Thumb Code    88  bldc_motor.o(i.hallsensor_get_state)
    increment_pid_ctrl                       0x08003ff5   Thumb Code   148  pid.o(i.increment_pid_ctrl)
    lcd_clear                                0x08004089   Thumb Code    40  lcd.o(i.lcd_clear)
    lcd_display_dir                          0x080040b9   Thumb Code   230  lcd.o(i.lcd_display_dir)
    lcd_draw_point                           0x080041a5   Thumb Code    18  lcd.o(i.lcd_draw_point)
    lcd_ex_ili9341_reginit                   0x080041bd   Thumb Code   558  lcd.o(i.lcd_ex_ili9341_reginit)
    lcd_ex_ili9806_reginit                   0x080043eb   Thumb Code   834  lcd.o(i.lcd_ex_ili9806_reginit)
    lcd_ex_nt35310_reginit                   0x0800472d   Thumb Code  3828  lcd.o(i.lcd_ex_nt35310_reginit)
    lcd_ex_nt35510_reginit                   0x08005621   Thumb Code  3834  lcd.o(i.lcd_ex_nt35510_reginit)
    lcd_ex_ssd1963_reginit                   0x0800651b   Thumb Code   368  lcd.o(i.lcd_ex_ssd1963_reginit)
    lcd_ex_st7789_reginit                    0x0800668b   Thumb Code   426  lcd.o(i.lcd_ex_st7789_reginit)
    lcd_ex_st7796_reginit                    0x08006835   Thumb Code   450  lcd.o(i.lcd_ex_st7796_reginit)
    lcd_init                                 0x080069f9   Thumb Code   524  lcd.o(i.lcd_init)
    lcd_scan_dir                             0x08006c29   Thumb Code   384  lcd.o(i.lcd_scan_dir)
    lcd_set_cursor                           0x08006dad   Thumb Code   238  lcd.o(i.lcd_set_cursor)
    lcd_show_char                            0x08006ea1   Thumb Code   196  lcd.o(i.lcd_show_char)
    lcd_show_string                          0x08006f7d   Thumb Code    86  lcd.o(i.lcd_show_string)
    lcd_ssd_backlight_set                    0x08006fd5   Thumb Code    72  lcd.o(i.lcd_ssd_backlight_set)
    lcd_wr_data                              0x08007025   Thumb Code    20  lcd.o(i.lcd_wr_data)
    lcd_wr_regno                             0x0800703d   Thumb Code    20  lcd.o(i.lcd_wr_regno)
    lcd_write_ram_prepare                    0x08007055   Thumb Code    10  lcd.o(i.lcd_write_ram_prepare)
    lcd_write_reg                            0x08007069   Thumb Code    10  lcd.o(i.lcd_write_reg)
    m1_uhvl                                  0x08007079   Thumb Code    62  bldc_motor.o(i.m1_uhvl)
    m1_uhwl                                  0x080070c5   Thumb Code    62  bldc_motor.o(i.m1_uhwl)
    m1_vhul                                  0x08007111   Thumb Code    62  bldc_motor.o(i.m1_vhul)
    m1_vhwl                                  0x0800715d   Thumb Code    62  bldc_motor.o(i.m1_vhwl)
    m1_whul                                  0x080071a9   Thumb Code    62  bldc_motor.o(i.m1_whul)
    m1_whvl                                  0x080071f5   Thumb Code    62  bldc_motor.o(i.m1_whvl)
    main                                     0x08007241   Thumb Code  1504  main.o(i.main)
    pid_init                                 0x08007839   Thumb Code    80  pid.o(i.pid_init)
    start_motor1                             0x080078a1   Thumb Code    40  bldc_motor.o(i.start_motor1)
    stop_motor1                              0x080078d1   Thumb Code    96  bldc_motor.o(i.stop_motor1)
    uemf_edge                                0x0800793d   Thumb Code    22  bldc_motor.o(i.uemf_edge)
    AHBPrescTable                            0x08007960   Data          16  system_stm32f4xx.o(.constdata)
    APBPrescTable                            0x08007970   Data           8  system_stm32f4xx.o(.constdata)
    asc2_1206                                0x08007978   Data        1140  lcd.o(.constdata)
    asc2_1608                                0x08007dec   Data        1520  lcd.o(.constdata)
    asc2_2412                                0x080083dc   Data        3420  lcd.o(.constdata)
    asc2_3216                                0x08009138   Data        6080  lcd.o(.constdata)
    Region$$Table$$Base                      0x0800a938   Number         0  anon$$obj.o(Region$$Table)
    Region$$Table$$Limit                     0x0800a958   Number         0  anon$$obj.o(Region$$Table)
    user_setpoint                            0x20000000   Data           4  main.o(.data)
    uwTickFreq                               0x2000000c   Data           1  stm32f4xx_hal.o(.data)
    uwTickPrio                               0x20000010   Data           4  stm32f4xx_hal.o(.data)
    uwTick                                   0x20000014   Data           4  stm32f4xx_hal.o(.data)
    SystemCoreClock                          0x20000018   Data           4  system_stm32f4xx.o(.data)
    g_point_color                            0x2000001c   Data           4  lcd.o(.data)
    g_back_color                             0x20000020   Data           4  lcd.o(.data)
    adc_amp_offset_p                         0x20000024   Data           1  bldc_motor.o(.data)
    temp_pwm1                                0x20000028   Data           4  bldc_motor.o(.data)
    motor_pwm_s                              0x2000002c   Data           4  bldc_motor.o(.data)
    adc_amp_bus                              0x20000030   Data           4  bldc_motor.o(.data)
    adc_amp                                  0x20000038   Data           6  bldc_motor.o(.data)
    adc_amp_un                               0x2000003e   Data           6  bldc_motor.o(.data)
    g_bldc_motor1                            0x20000044   Data          40  bldc_motor.o(.data)
    pfunclist_m1                             0x2000006c   Data          24  bldc_motor.o(.data)
    __stdout                                 0x20000084   Data           4  stdout.o(.data)
    hadc1                                    0x2000008c   Data          72  adc.o(.bss)
    hdma_adc1                                0x200000d4   Data          96  adc.o(.bss)
    hsram4                                   0x20000134   Data          80  fsmc.o(.bss)
    htim1                                    0x20000184   Data          72  tim.o(.bss)
    htim2                                    0x200001cc   Data          72  tim.o(.bss)
    htim6                                    0x20000214   Data          72  tim.o(.bss)
    huart1                                   0x2000025c   Data          72  usart.o(.bss)
    lcddev                                   0x200002a4   Data          14  lcd.o(.bss)
    adc_amp_offset                           0x200002b2   Data         306  bldc_motor.o(.bss)
    adc_val_m1                               0x200003e4   Data          10  bldc_motor.o(.bss)
    g_adc_value                              0x200003ee   Data         500  bldc_adc.o(.bss)
    g_adc_val                                0x200005e2   Data          10  bldc_adc.o(.bss)
    g_speed_pid                              0x200005ec   Data          52  pid.o(.bss)
    __initial_sp                             0x20000a20   Data           0  startup_stm32f407xx.o(STACK)



==============================================================================

Memory Map of the image

  Image Entry point : 0x08000189

  Load Region LR_IROM1 (Base: 0x08000000, Size: 0x0000a9e4, Max: 0x00100000, ABSOLUTE)

    Execution Region ER_IROM1 (Exec base: 0x08000000, Load base: 0x08000000, Size: 0x0000a958, Max: 0x00100000, ABSOLUTE)

    Exec Addr    Load Addr    Size         Type   Attr      Idx    E Section Name        Object

    0x08000000   0x08000000   0x00000188   Data   RO            3    RESET               startup_stm32f407xx.o
    0x08000188   0x08000188   0x00000000   Code   RO         4257  * .ARM.Collect$$$$00000000  mc_w.l(entry.o)
    0x08000188   0x08000188   0x00000004   Code   RO         4553    .ARM.Collect$$$$00000001  mc_w.l(entry2.o)
    0x0800018c   0x0800018c   0x00000004   Code   RO         4556    .ARM.Collect$$$$00000004  mc_w.l(entry5.o)
    0x08000190   0x08000190   0x00000000   Code   RO         4558    .ARM.Collect$$$$00000008  mc_w.l(entry7b.o)
    0x08000190   0x08000190   0x00000000   Code   RO         4560    .ARM.Collect$$$$0000000A  mc_w.l(entry8b.o)
    0x08000190   0x08000190   0x00000008   Code   RO         4561    .ARM.Collect$$$$0000000B  mc_w.l(entry9a.o)
    0x08000198   0x08000198   0x00000004   Code   RO         4568    .ARM.Collect$$$$0000000E  mc_w.l(entry12b.o)
    0x0800019c   0x0800019c   0x00000000   Code   RO         4563    .ARM.Collect$$$$0000000F  mc_w.l(entry10a.o)
    0x0800019c   0x0800019c   0x00000000   Code   RO         4565    .ARM.Collect$$$$00000011  mc_w.l(entry11a.o)
    0x0800019c   0x0800019c   0x00000004   Code   RO         4554    .ARM.Collect$$$$00002712  mc_w.l(entry2.o)
    0x080001a0   0x080001a0   0x00000024   Code   RO            4    .text               startup_stm32f407xx.o
    0x080001c4   0x080001c4   0x00000062   Code   RO         4260    .text               mc_w.l(uldiv.o)
    0x08000226   0x08000226   0x00000024   Code   RO         4262    .text               mc_w.l(memseta.o)
    0x0800024a   0x0800024a   0x0000014e   Code   RO         4525    .text               mf_w.l(dadd.o)
    0x08000398   0x08000398   0x000000e4   Code   RO         4527    .text               mf_w.l(dmul.o)
    0x0800047c   0x0800047c   0x00000022   Code   RO         4529    .text               mf_w.l(dflti.o)
    0x0800049e   0x0800049e   0x0000001a   Code   RO         4531    .text               mf_w.l(dfltui.o)
    0x080004b8   0x080004b8   0x0000003e   Code   RO         4533    .text               mf_w.l(dfixi.o)
    0x080004f6   0x080004f6   0x00000032   Code   RO         4535    .text               mf_w.l(dfixui.o)
    0x08000528   0x08000528   0x00000026   Code   RO         4537    .text               mf_w.l(f2d.o)
    0x0800054e   0x0800054e   0x0000002c   Code   RO         4570    .text               mc_w.l(uidiv.o)
    0x0800057a   0x0800057a   0x0000001e   Code   RO         4572    .text               mc_w.l(llshl.o)
    0x08000598   0x08000598   0x00000020   Code   RO         4574    .text               mc_w.l(llushr.o)
    0x080005b8   0x080005b8   0x00000024   Code   RO         4576    .text               mc_w.l(llsshr.o)
    0x080005dc   0x080005dc   0x00000000   Code   RO         4585    .text               mc_w.l(iusefp.o)
    0x080005dc   0x080005dc   0x000000ba   Code   RO         4586    .text               mf_w.l(depilogue.o)
    0x08000696   0x08000696   0x000000de   Code   RO         4588    .text               mf_w.l(ddiv.o)
    0x08000774   0x08000774   0x00000030   Code   RO         4590    .text               mf_w.l(dfixul.o)
    0x080007a4   0x080007a4   0x00000030   Code   RO         4592    .text               mf_w.l(cdrcmple.o)
    0x080007d4   0x080007d4   0x00000024   Code   RO         4594    .text               mc_w.l(init.o)
    0x080007f8   0x080007f8   0x0000006e   Code   RO          597    i.ADC_DMAConvCplt   stm32f4xx_hal_adc.o
    0x08000866   0x08000866   0x00000016   Code   RO          598    i.ADC_DMAError      stm32f4xx_hal_adc.o
    0x0800087c   0x0800087c   0x0000000a   Code   RO          599    i.ADC_DMAHalfConvCplt  stm32f4xx_hal_adc.o
    0x08000886   0x08000886   0x00000002   PAD
    0x08000888   0x08000888   0x00000128   Code   RO          600    i.ADC_Init          stm32f4xx_hal_adc.o
    0x080009b0   0x080009b0   0x00000002   Code   RO          473    i.BusFault_Handler  stm32f4xx_it.o
    0x080009b2   0x080009b2   0x00000002   PAD
    0x080009b4   0x080009b4   0x0000000c   Code   RO          474    i.DMA2_Stream0_IRQHandler  stm32f4xx_it.o
    0x080009c0   0x080009c0   0x00000028   Code   RO         1331    i.DMA_CalcBaseAndBitshift  stm32f4xx_hal_dma.o
    0x080009e8   0x080009e8   0x00000054   Code   RO         1332    i.DMA_CheckFifoParam  stm32f4xx_hal_dma.o
    0x08000a3c   0x08000a3c   0x00000028   Code   RO         1333    i.DMA_SetConfig     stm32f4xx_hal_dma.o
    0x08000a64   0x08000a64   0x00000028   Code   RO         3711    i.DWT_Init          delay.o
    0x08000a8c   0x08000a8c   0x00000002   Code   RO          475    i.DebugMon_Handler  stm32f4xx_it.o
    0x08000a8e   0x08000a8e   0x00000004   Code   RO           13    i.Error_Handler     main.o
    0x08000a92   0x08000a92   0x00000002   PAD
    0x08000a94   0x08000a94   0x0000003c   Code   RO         2030    i.FSMC_NORSRAM_Extended_Timing_Init  stm32f4xx_ll_fsmc.o
    0x08000ad0   0x08000ad0   0x00000068   Code   RO         2031    i.FSMC_NORSRAM_Init  stm32f4xx_ll_fsmc.o
    0x08000b38   0x08000b38   0x0000003c   Code   RO         2032    i.FSMC_NORSRAM_Timing_Init  stm32f4xx_ll_fsmc.o
    0x08000b74   0x08000b74   0x0000014c   Code   RO          602    i.HAL_ADC_ConfigChannel  stm32f4xx_hal_adc.o
    0x08000cc0   0x08000cc0   0x00000038   Code   RO         4139    i.HAL_ADC_ConvCpltCallback  bldc_adc.o
    0x08000cf8   0x08000cf8   0x00000002   Code   RO          604    i.HAL_ADC_ConvHalfCpltCallback  stm32f4xx_hal_adc.o
    0x08000cfa   0x08000cfa   0x00000002   Code   RO          606    i.HAL_ADC_ErrorCallback  stm32f4xx_hal_adc.o
    0x08000cfc   0x08000cfc   0x00000054   Code   RO          611    i.HAL_ADC_Init      stm32f4xx_hal_adc.o
    0x08000d50   0x08000d50   0x000000b8   Code   RO          240    i.HAL_ADC_MspInit   adc.o
    0x08000e08   0x08000e08   0x00000158   Code   RO          618    i.HAL_ADC_Start_DMA  stm32f4xx_hal_adc.o
    0x08000f60   0x08000f60   0x0000006c   Code   RO          621    i.HAL_ADC_Stop_DMA  stm32f4xx_hal_adc.o
    0x08000fcc   0x08000fcc   0x00000092   Code   RO         1334    i.HAL_DMA_Abort     stm32f4xx_hal_dma.o
    0x0800105e   0x0800105e   0x00000002   PAD
    0x08001060   0x08001060   0x000001a0   Code   RO         1339    i.HAL_DMA_IRQHandler  stm32f4xx_hal_dma.o
    0x08001200   0x08001200   0x000000d4   Code   RO         1340    i.HAL_DMA_Init      stm32f4xx_hal_dma.o
    0x080012d4   0x080012d4   0x0000006e   Code   RO         1344    i.HAL_DMA_Start_IT  stm32f4xx_hal_dma.o
    0x08001342   0x08001342   0x00000002   PAD
    0x08001344   0x08001344   0x00000024   Code   RO         1771    i.HAL_Delay         stm32f4xx_hal.o
    0x08001368   0x08001368   0x0000008c   Code   RO          305    i.HAL_FSMC_MspInit  fsmc.o
    0x080013f4   0x080013f4   0x000001f0   Code   RO         1227    i.HAL_GPIO_Init     stm32f4xx_hal_gpio.o
    0x080015e4   0x080015e4   0x0000000a   Code   RO         1229    i.HAL_GPIO_ReadPin  stm32f4xx_hal_gpio.o
    0x080015ee   0x080015ee   0x00000010   Code   RO         1230    i.HAL_GPIO_TogglePin  stm32f4xx_hal_gpio.o
    0x080015fe   0x080015fe   0x0000000a   Code   RO         1231    i.HAL_GPIO_WritePin  stm32f4xx_hal_gpio.o
    0x08001608   0x08001608   0x0000000c   Code   RO         1777    i.HAL_GetTick       stm32f4xx_hal.o
    0x08001614   0x08001614   0x00000010   Code   RO         1783    i.HAL_IncTick       stm32f4xx_hal.o
    0x08001624   0x08001624   0x00000034   Code   RO         1784    i.HAL_Init          stm32f4xx_hal.o
    0x08001658   0x08001658   0x00000040   Code   RO         1785    i.HAL_InitTick      stm32f4xx_hal.o
    0x08001698   0x08001698   0x00000030   Code   RO          573    i.HAL_MspInit       stm32f4xx_hal_msp.o
    0x080016c8   0x080016c8   0x0000001a   Code   RO         1619    i.HAL_NVIC_EnableIRQ  stm32f4xx_hal_cortex.o
    0x080016e2   0x080016e2   0x00000002   PAD
    0x080016e4   0x080016e4   0x00000040   Code   RO         1625    i.HAL_NVIC_SetPriority  stm32f4xx_hal_cortex.o
    0x08001724   0x08001724   0x00000024   Code   RO         1626    i.HAL_NVIC_SetPriorityGrouping  stm32f4xx_hal_cortex.o
    0x08001748   0x08001748   0x00000134   Code   RO          873    i.HAL_RCC_ClockConfig  stm32f4xx_hal_rcc.o
    0x0800187c   0x0800187c   0x00000020   Code   RO          880    i.HAL_RCC_GetPCLK1Freq  stm32f4xx_hal_rcc.o
    0x0800189c   0x0800189c   0x00000020   Code   RO          881    i.HAL_RCC_GetPCLK2Freq  stm32f4xx_hal_rcc.o
    0x080018bc   0x080018bc   0x00000060   Code   RO          882    i.HAL_RCC_GetSysClockFreq  stm32f4xx_hal_rcc.o
    0x0800191c   0x0800191c   0x0000036c   Code   RO          885    i.HAL_RCC_OscConfig  stm32f4xx_hal_rcc.o
    0x08001c88   0x08001c88   0x0000005c   Code   RO         2170    i.HAL_SRAM_Init     stm32f4xx_hal_sram.o
    0x08001ce4   0x08001ce4   0x00000004   Code   RO          307    i.HAL_SRAM_MspInit  fsmc.o
    0x08001ce8   0x08001ce8   0x00000028   Code   RO         1630    i.HAL_SYSTICK_Config  stm32f4xx_hal_cortex.o
    0x08001d10   0x08001d10   0x00000002   Code   RO         3043    i.HAL_TIMEx_BreakCallback  stm32f4xx_hal_tim_ex.o
    0x08001d12   0x08001d12   0x00000002   Code   RO         3044    i.HAL_TIMEx_CommutCallback  stm32f4xx_hal_tim_ex.o
    0x08001d14   0x08001d14   0x00000054   Code   RO         3046    i.HAL_TIMEx_ConfigBreakDeadTime  stm32f4xx_hal_tim_ex.o
    0x08001d68   0x08001d68   0x00000090   Code   RO         3062    i.HAL_TIMEx_MasterConfigSynchronization  stm32f4xx_hal_tim_ex.o
    0x08001df8   0x08001df8   0x0000005a   Code   RO         2339    i.HAL_TIM_Base_Init  stm32f4xx_hal_tim.o
    0x08001e52   0x08001e52   0x00000002   PAD
    0x08001e54   0x08001e54   0x00000060   Code   RO          354    i.HAL_TIM_Base_MspInit  tim.o
    0x08001eb4   0x08001eb4   0x00000080   Code   RO         2344    i.HAL_TIM_Base_Start_IT  stm32f4xx_hal_tim.o
    0x08001f34   0x08001f34   0x000000dc   Code   RO         2348    i.HAL_TIM_ConfigClockSource  stm32f4xx_hal_tim.o
    0x08002010   0x08002010   0x00000002   Code   RO         2373    i.HAL_TIM_IC_CaptureCallback  stm32f4xx_hal_tim.o
    0x08002012   0x08002012   0x00000130   Code   RO         2387    i.HAL_TIM_IRQHandler  stm32f4xx_hal_tim.o
    0x08002142   0x08002142   0x00000002   PAD
    0x08002144   0x08002144   0x00000054   Code   RO          355    i.HAL_TIM_MspPostInit  tim.o
    0x08002198   0x08002198   0x00000002   Code   RO         2390    i.HAL_TIM_OC_DelayElapsedCallback  stm32f4xx_hal_tim.o
    0x0800219a   0x0800219a   0x000000cc   Code   RO         2411    i.HAL_TIM_PWM_ConfigChannel  stm32f4xx_hal_tim.o
    0x08002266   0x08002266   0x0000005a   Code   RO         2414    i.HAL_TIM_PWM_Init  stm32f4xx_hal_tim.o
    0x080022c0   0x080022c0   0x0000003c   Code   RO          357    i.HAL_TIM_PWM_MspInit  tim.o
    0x080022fc   0x080022fc   0x00000002   Code   RO         2417    i.HAL_TIM_PWM_PulseFinishedCallback  stm32f4xx_hal_tim.o
    0x080022fe   0x080022fe   0x00000002   PAD
    0x08002300   0x08002300   0x000000c8   Code   RO         2419    i.HAL_TIM_PWM_Start  stm32f4xx_hal_tim.o
    0x080023c8   0x080023c8   0x0000007c   Code   RO         2422    i.HAL_TIM_PWM_Stop  stm32f4xx_hal_tim.o
    0x08002444   0x08002444   0x000002e0   Code   RO         4032    i.HAL_TIM_PeriodElapsedCallback  bldc_motor.o
    0x08002724   0x08002724   0x00000002   Code   RO         2430    i.HAL_TIM_TriggerCallback  stm32f4xx_hal_tim.o
    0x08002726   0x08002726   0x00000064   Code   RO         3340    i.HAL_UART_Init     stm32f4xx_hal_uart.o
    0x0800278a   0x0800278a   0x00000002   PAD
    0x0800278c   0x0800278c   0x00000068   Code   RO          426    i.HAL_UART_MspInit  usart.o
    0x080027f4   0x080027f4   0x000000a0   Code   RO         3348    i.HAL_UART_Transmit  stm32f4xx_hal_uart.o
    0x08002894   0x08002894   0x00000002   Code   RO          476    i.HardFault_Handler  stm32f4xx_it.o
    0x08002896   0x08002896   0x00000002   PAD
    0x08002898   0x08002898   0x0000001c   Code   RO         3741    i.Key_Init          key_led.o
    0x080028b4   0x080028b4   0x0000008c   Code   RO         3742    i.Key_Scan          key_led.o
    0x08002940   0x08002940   0x0000001c   Code   RO         3743    i.Led_Init          key_led.o
    0x0800295c   0x0800295c   0x0000001c   Code   RO         3746    i.Led_Toggle        key_led.o
    0x08002978   0x08002978   0x000000b8   Code   RO          241    i.MX_ADC1_Init      adc.o
    0x08002a30   0x08002a30   0x0000002c   Code   RO          281    i.MX_DMA_Init       dma.o
    0x08002a5c   0x08002a5c   0x0000008c   Code   RO          308    i.MX_FSMC_Init      fsmc.o
    0x08002ae8   0x08002ae8   0x00000140   Code   RO          215    i.MX_GPIO_Init      gpio.o
    0x08002c28   0x08002c28   0x000000c0   Code   RO          358    i.MX_TIM1_Init      tim.o
    0x08002ce8   0x08002ce8   0x00000064   Code   RO          359    i.MX_TIM2_Init      tim.o
    0x08002d4c   0x08002d4c   0x00000044   Code   RO          360    i.MX_TIM6_Init      tim.o
    0x08002d90   0x08002d90   0x00000038   Code   RO          427    i.MX_USART1_UART_Init  usart.o
    0x08002dc8   0x08002dc8   0x00000002   Code   RO          477    i.MemManage_Handler  stm32f4xx_it.o
    0x08002dca   0x08002dca   0x00000002   Code   RO          478    i.NMI_Handler       stm32f4xx_it.o
    0x08002dcc   0x08002dcc   0x00000002   Code   RO          479    i.PendSV_Handler    stm32f4xx_it.o
    0x08002dce   0x08002dce   0x00000002   Code   RO          480    i.SVC_Handler       stm32f4xx_it.o
    0x08002dd0   0x08002dd0   0x00000004   Code   RO          481    i.SysTick_Handler   stm32f4xx_it.o
    0x08002dd4   0x08002dd4   0x00000094   Code   RO           14    i.SystemClock_Config  main.o
    0x08002e68   0x08002e68   0x00000010   Code   RO         3674    i.SystemInit        system_stm32f4xx.o
    0x08002e78   0x08002e78   0x0000000c   Code   RO          482    i.TIM1_UP_TIM10_IRQHandler  stm32f4xx_it.o
    0x08002e84   0x08002e84   0x0000000c   Code   RO          483    i.TIM2_IRQHandler   stm32f4xx_it.o
    0x08002e90   0x08002e90   0x0000000c   Code   RO          484    i.TIM6_DAC_IRQHandler  stm32f4xx_it.o
    0x08002e9c   0x08002e9c   0x000000d0   Code   RO         2432    i.TIM_Base_SetConfig  stm32f4xx_hal_tim.o
    0x08002f6c   0x08002f6c   0x0000001a   Code   RO         2433    i.TIM_CCxChannelCmd  stm32f4xx_hal_tim.o
    0x08002f86   0x08002f86   0x00000014   Code   RO         2443    i.TIM_ETR_SetConfig  stm32f4xx_hal_tim.o
    0x08002f9a   0x08002f9a   0x00000010   Code   RO         2444    i.TIM_ITRx_SetConfig  stm32f4xx_hal_tim.o
    0x08002faa   0x08002faa   0x00000002   PAD
    0x08002fac   0x08002fac   0x00000060   Code   RO         2445    i.TIM_OC1_SetConfig  stm32f4xx_hal_tim.o
    0x0800300c   0x0800300c   0x0000006c   Code   RO         2446    i.TIM_OC2_SetConfig  stm32f4xx_hal_tim.o
    0x08003078   0x08003078   0x00000068   Code   RO         2447    i.TIM_OC3_SetConfig  stm32f4xx_hal_tim.o
    0x080030e0   0x080030e0   0x00000050   Code   RO         2448    i.TIM_OC4_SetConfig  stm32f4xx_hal_tim.o
    0x08003130   0x08003130   0x00000022   Code   RO         2450    i.TIM_TI1_ConfigInputStage  stm32f4xx_hal_tim.o
    0x08003152   0x08003152   0x00000024   Code   RO         2452    i.TIM_TI2_ConfigInputStage  stm32f4xx_hal_tim.o
    0x08003176   0x08003176   0x0000004e   Code   RO         3363    i.UART_EndRxTransfer  stm32f4xx_hal_uart.o
    0x080031c4   0x080031c4   0x0000010c   Code   RO         3366    i.UART_SetConfig    stm32f4xx_hal_uart.o
    0x080032d0   0x080032d0   0x00000072   Code   RO         3369    i.UART_WaitOnFlagUntilTimeout  stm32f4xx_hal_uart.o
    0x08003342   0x08003342   0x00000002   Code   RO          485    i.UsageFault_Handler  stm32f4xx_it.o
    0x08003344   0x08003344   0x00000020   Code   RO         4497    i.__0printf         mc_w.l(printfa.o)
    0x08003364   0x08003364   0x00000028   Code   RO         4499    i.__0sprintf        mc_w.l(printfa.o)
    0x0800338c   0x0800338c   0x00000020   Code   RO         1632    i.__NVIC_SetPriority  stm32f4xx_hal_cortex.o
    0x080033ac   0x080033ac   0x0000016c   Code   RO         4243    i.__hardfp_logf     m_wm.l(logf.o)
    0x08003518   0x08003518   0x00000014   Code   RO         4539    i.__mathlib_flt_divzero  m_wm.l(funder.o)
    0x0800352c   0x0800352c   0x00000006   Code   RO         4540    i.__mathlib_flt_infnan  m_wm.l(funder.o)
    0x08003532   0x08003532   0x00000002   PAD
    0x08003534   0x08003534   0x00000010   Code   RO         4542    i.__mathlib_flt_invalid  m_wm.l(funder.o)
    0x08003544   0x08003544   0x0000000e   Code   RO         4598    i.__scatterload_copy  mc_w.l(handlers.o)
    0x08003552   0x08003552   0x00000002   Code   RO         4599    i.__scatterload_null  mc_w.l(handlers.o)
    0x08003554   0x08003554   0x0000000e   Code   RO         4600    i.__scatterload_zeroinit  mc_w.l(handlers.o)
    0x08003562   0x08003562   0x00000002   PAD
    0x08003564   0x08003564   0x0000000c   Code   RO         4580    i.__set_errno       mc_w.l(errno.o)
    0x08003570   0x08003570   0x00000184   Code   RO         4504    i._fp_digits        mc_w.l(printfa.o)
    0x080036f4   0x080036f4   0x000006b4   Code   RO         4505    i._printf_core      mc_w.l(printfa.o)
    0x08003da8   0x08003da8   0x00000024   Code   RO         4506    i._printf_post_padding  mc_w.l(printfa.o)
    0x08003dcc   0x08003dcc   0x0000002e   Code   RO         4507    i._printf_pre_padding  mc_w.l(printfa.o)
    0x08003dfa   0x08003dfa   0x0000000a   Code   RO         4509    i._sputc            mc_w.l(printfa.o)
    0x08003e04   0x08003e04   0x00000014   Code   RO         4142    i.adc_nch_dma_init  bldc_adc.o
    0x08003e18   0x08003e18   0x0000005c   Code   RO         4143    i.calc_adc_val      bldc_adc.o
    0x08003e74   0x08003e74   0x00000056   Code   RO         4034    i.check_hall_dir    bldc_motor.o
    0x08003eca   0x08003eca   0x00000002   PAD
    0x08003ecc   0x08003ecc   0x0000002c   Code   RO         3712    i.delay_us          delay.o
    0x08003ef8   0x08003ef8   0x00000018   Code   RO          428    i.fputc             usart.o
    0x08003f10   0x08003f10   0x00000084   Code   RO         4144    i.get_temp          bldc_adc.o
    0x08003f94   0x08003f94   0x00000060   Code   RO         4035    i.hallsensor_get_state  bldc_motor.o
    0x08003ff4   0x08003ff4   0x00000094   Code   RO         4209    i.increment_pid_ctrl  pid.o
    0x08004088   0x08004088   0x00000030   Code   RO         3795    i.lcd_clear         lcd.o
    0x080040b8   0x080040b8   0x000000ec   Code   RO         3797    i.lcd_display_dir   lcd.o
    0x080041a4   0x080041a4   0x00000018   Code   RO         3803    i.lcd_draw_point    lcd.o
    0x080041bc   0x080041bc   0x0000022e   Code   RO         3805    i.lcd_ex_ili9341_reginit  lcd.o
    0x080043ea   0x080043ea   0x00000342   Code   RO         3806    i.lcd_ex_ili9806_reginit  lcd.o
    0x0800472c   0x0800472c   0x00000ef4   Code   RO         3807    i.lcd_ex_nt35310_reginit  lcd.o
    0x08005620   0x08005620   0x00000efa   Code   RO         3808    i.lcd_ex_nt35510_reginit  lcd.o
    0x0800651a   0x0800651a   0x00000170   Code   RO         3809    i.lcd_ex_ssd1963_reginit  lcd.o
    0x0800668a   0x0800668a   0x000001aa   Code   RO         3810    i.lcd_ex_st7789_reginit  lcd.o
    0x08006834   0x08006834   0x000001c2   Code   RO         3811    i.lcd_ex_st7796_reginit  lcd.o
    0x080069f6   0x080069f6   0x00000002   PAD
    0x080069f8   0x080069f8   0x00000214   Code   RO         3814    i.lcd_init          lcd.o
    0x08006c0c   0x08006c0c   0x0000001c   Code   RO         3816    i.lcd_rd_data       lcd.o
    0x08006c28   0x08006c28   0x00000184   Code   RO         3818    i.lcd_scan_dir      lcd.o
    0x08006dac   0x08006dac   0x000000f4   Code   RO         3819    i.lcd_set_cursor    lcd.o
    0x08006ea0   0x08006ea0   0x000000dc   Code   RO         3821    i.lcd_show_char     lcd.o
    0x08006f7c   0x08006f7c   0x00000056   Code   RO         3823    i.lcd_show_string   lcd.o
    0x08006fd2   0x08006fd2   0x00000002   PAD
    0x08006fd4   0x08006fd4   0x00000050   Code   RO         3825    i.lcd_ssd_backlight_set  lcd.o
    0x08007024   0x08007024   0x00000018   Code   RO         3826    i.lcd_wr_data       lcd.o
    0x0800703c   0x0800703c   0x00000018   Code   RO         3827    i.lcd_wr_regno      lcd.o
    0x08007054   0x08007054   0x00000014   Code   RO         3828    i.lcd_write_ram_prepare  lcd.o
    0x08007068   0x08007068   0x00000010   Code   RO         3829    i.lcd_write_reg     lcd.o
    0x08007078   0x08007078   0x0000004c   Code   RO         4036    i.m1_uhvl           bldc_motor.o
    0x080070c4   0x080070c4   0x0000004c   Code   RO         4037    i.m1_uhwl           bldc_motor.o
    0x08007110   0x08007110   0x0000004c   Code   RO         4038    i.m1_vhul           bldc_motor.o
    0x0800715c   0x0800715c   0x0000004c   Code   RO         4039    i.m1_vhwl           bldc_motor.o
    0x080071a8   0x080071a8   0x0000004c   Code   RO         4040    i.m1_whul           bldc_motor.o
    0x080071f4   0x080071f4   0x0000004c   Code   RO         4041    i.m1_whvl           bldc_motor.o
    0x08007240   0x08007240   0x000005f8   Code   RO           15    i.main              main.o
    0x08007838   0x08007838   0x00000068   Code   RO         4210    i.pid_init          pid.o
    0x080078a0   0x080078a0   0x00000030   Code   RO         4042    i.start_motor1      bldc_motor.o
    0x080078d0   0x080078d0   0x0000006c   Code   RO         4043    i.stop_motor1       bldc_motor.o
    0x0800793c   0x0800793c   0x0000001c   Code   RO         4044    i.uemf_edge         bldc_motor.o
    0x08007958   0x08007958   0x00000008   Data   RO         1346    .constdata          stm32f4xx_hal_dma.o
    0x08007960   0x08007960   0x00000010   Data   RO         3675    .constdata          system_stm32f4xx.o
    0x08007970   0x08007970   0x00000008   Data   RO         3676    .constdata          system_stm32f4xx.o
    0x08007978   0x08007978   0x00002f80   Data   RO         3832    .constdata          lcd.o
    0x0800a8f8   0x0800a8f8   0x00000040   Data   RO         4246    .constdata          m_wm.l(logf.o)
    0x0800a938   0x0800a938   0x00000020   Data   RO         4596    Region$$Table       anon$$obj.o


    Execution Region RW_IRAM1 (Exec base: 0x20000000, Load base: 0x0800a958, Size: 0x00000a20, Max: 0x0001c000, ABSOLUTE)

    Exec Addr    Load Addr    Size         Type   Attr      Idx    E Section Name        Object

    0x20000000   0x0800a958   0x00000004   Data   RW           16    .data               main.o
    0x20000004   0x0800a95c   0x00000008   Data   RW          310    .data               fsmc.o
    0x2000000c   0x0800a964   0x0000000c   Data   RW         1791    .data               stm32f4xx_hal.o
    0x20000018   0x0800a970   0x00000004   Data   RW         3677    .data               system_stm32f4xx.o
    0x2000001c   0x0800a974   0x00000004   Data   RW         3833    .data               lcd.o
    0x20000020   0x0800a978   0x00000004   Data   RW         3834    .data               lcd.o
    0x20000024   0x0800a97c   0x00000060   Data   RW         4050    .data               bldc_motor.o
    0x20000084   0x0800a9dc   0x00000004   Data   RW         4569    .data               mc_w.l(stdout.o)
    0x20000088   0x0800a9e0   0x00000004   Data   RW         4581    .data               mc_w.l(errno.o)
    0x2000008c        -       0x000000a8   Zero   RW          242    .bss                adc.o
    0x20000134        -       0x00000050   Zero   RW          309    .bss                fsmc.o
    0x20000184        -       0x000000d8   Zero   RW          361    .bss                tim.o
    0x2000025c        -       0x00000048   Zero   RW          429    .bss                usart.o
    0x200002a4        -       0x0000000e   Zero   RW         3831    .bss                lcd.o
    0x200002b2        -       0x0000013c   Zero   RW         4045    .bss                bldc_motor.o
    0x200003ee        -       0x000001fe   Zero   RW         4145    .bss                bldc_adc.o
    0x200005ec        -       0x00000034   Zero   RW         4212    .bss                pid.o
    0x20000620        -       0x00000400   Zero   RW            1    STACK               startup_stm32f407xx.o


    Execution Region RW_IRAM2 (Exec base: 0x2001c000, Load base: 0x0800a9e4, Size: 0x00000000, Max: 0x00004000, ABSOLUTE)

    **** No section assigned to this execution region ****


==============================================================================

Image component sizes


      Code (inc. data)   RO Data    RW Data    ZI Data      Debug   Object Name

       368         40          0          0        168       1999   adc.o
       300         64          0          0        510       3552   bldc_adc.o
      1558        180          0         96        316      10968   bldc_motor.o
        84         20          0          0          0       1086   delay.o
        44          4          0          0          0        830   dma.o
       284         28          0          8         80       2415   fsmc.o
       320         22          0          0          0       1191   gpio.o
       224         22          0          0          0       2610   key_led.o
     12268        116      12160          8         14      23779   lcd.o
      1680        366          0          4          0     725553   main.o
       252         24          0          0         52       2389   pid.o
        36          8        392          0       1024        864   startup_stm32f407xx.o
       180         28          0         12          0       9633   stm32f4xx_hal.o
      1310         66          0          0          0       8061   stm32f4xx_hal_adc.o
       198         14          0          0          0      34007   stm32f4xx_hal_cortex.o
      1048         16          8          0          0       6915   stm32f4xx_hal_dma.o
       532         46          0          0          0       3636   stm32f4xx_hal_gpio.o
        48          6          0          0          0        914   stm32f4xx_hal_msp.o
      1344         72          0          0          0       5428   stm32f4xx_hal_rcc.o
        92          0          0          0          0       1284   stm32f4xx_hal_sram.o
      2096        146          0          0          0      17903   stm32f4xx_hal_tim.o
       232         28          0          0          0       3445   stm32f4xx_hal_tim_ex.o
       720         10          0          0          0       5024   stm32f4xx_hal_uart.o
        68         24          0          0          0       6423   stm32f4xx_it.o
       224         14          0          0          0       4091   stm32f4xx_ll_fsmc.o
        16          4         24          4          0       1211   system_stm32f4xx.o
       600         52          0          0        216       4548   tim.o
       184         24          0          0         72       2474   usart.o

    ----------------------------------------------------------------------
     26340       1444      12616        132       2452     892233   Object Totals
         0          0         32          0          0          0   (incl. Generated)
        30          0          0          0          0          0   (incl. Padding)

    ----------------------------------------------------------------------

      Code (inc. data)   RO Data    RW Data    ZI Data      Debug   Library Member Name

        42         12          0          0          0        348   funder.o
       364         44         64          0          0        140   logf.o
         0          0          0          0          0          0   entry.o
         0          0          0          0          0          0   entry10a.o
         0          0          0          0          0          0   entry11a.o
         4          0          0          0          0          0   entry12b.o
         8          4          0          0          0          0   entry2.o
         4          0          0          0          0          0   entry5.o
         0          0          0          0          0          0   entry7b.o
         0          0          0          0          0          0   entry8b.o
         8          4          0          0          0          0   entry9a.o
        12          6          0          4          0         68   errno.o
        30          0          0          0          0          0   handlers.o
        36          8          0          0          0         68   init.o
         0          0          0          0          0          0   iusefp.o
        30          0          0          0          0         68   llshl.o
        36          0          0          0          0         68   llsshr.o
        32          0          0          0          0         68   llushr.o
        36          0          0          0          0        108   memseta.o
      2268         96          0          0          0        616   printfa.o
         0          0          0          4          0          0   stdout.o
        44          0          0          0          0         80   uidiv.o
        98          0          0          0          0         92   uldiv.o
        48          0          0          0          0         68   cdrcmple.o
       334          0          0          0          0        148   dadd.o
       222          0          0          0          0        100   ddiv.o
       186          0          0          0          0        176   depilogue.o
        62          0          0          0          0         80   dfixi.o
        50          0          0          0          0         76   dfixui.o
        48          0          0          0          0         68   dfixul.o
        34          0          0          0          0         76   dflti.o
        26          0          0          0          0         76   dfltui.o
       228          0          0          0          0         96   dmul.o
        38          0          0          0          0         68   f2d.o

    ----------------------------------------------------------------------
      4332        174         64          8          0       2756   Library Totals
         4          0          0          0          0          0   (incl. Padding)

    ----------------------------------------------------------------------

      Code (inc. data)   RO Data    RW Data    ZI Data      Debug   Library Name

       406         56         64          0          0        488   m_wm.l
      2646        118          0          8          0       1236   mc_w.l
      1276          0          0          0          0       1032   mf_w.l

    ----------------------------------------------------------------------
      4332        174         64          8          0       2756   Library Totals

    ----------------------------------------------------------------------

==============================================================================


      Code (inc. data)   RO Data    RW Data    ZI Data      Debug   

     30672       1618      12680        140       2452     879549   Grand Totals
     30672       1618      12680        140       2452     879549   ELF Image Totals
     30672       1618      12680        140          0          0   ROM Totals

==============================================================================

    Total RO  Size (Code + RO Data)                43352 (  42.34kB)
    Total RW  Size (RW Data + ZI Data)              2592 (   2.53kB)
    Total ROM Size (Code + RO Data + RW Data)      43492 (  42.47kB)

==============================================================================

